Component: ARM Compiler 5.06 update 6 (build 750) Tool: armlink [4d35ed]

==============================================================================

Section Cross References

    main.o(i.main) refers to sys_tick.o(i.SysTick_init) for SysTick_init
    main.o(i.main) refers to bsp_led.o(i.LED_GPIO_Config) for LED_GPIO_Config
    main.o(i.main) refers to bsp_general_tim.o(i.TIMx_Configuration) for TIMx_Configuration
    main.o(i.main) refers to bsp_usart.o(i.usart_init) for usart_init
    main.o(i.main) refers to at_parser.o(i.at_parser_init) for at_parser_init
    main.o(i.main) refers to ec20.o(i.ec20_process) for ec20_process
    stm32f4xx_it.o(i.SysTick_Handler) refers to sys_tick.o(i.timing_delay_decrement) for timing_delay_decrement
    stm32f4xx_it.o(i.TIM2_IRQHandler) refers to stm32f4xx_tim.o(i.TIM_GetITStatus) for TIM_GetITStatus
    stm32f4xx_it.o(i.TIM2_IRQHandler) refers to stm32f4xx_tim.o(i.TIM_ClearITPendingBit) for TIM_ClearITPendingBit
    ec20.o(i.ec20_init) refers to at_parser.o(i.at_parser_init) for at_parser_init
    ec20.o(i.ec20_init) refers to at_parser.o(i.at_register_urc) for at_register_urc
    ec20.o(i.ec20_init) refers to ec20.o(i.urc_start_recieve) for urc_start_recieve
    ec20.o(i.ec20_init) refers to ec20.o(i.urc_server_recieve) for urc_server_recieve
    ec20.o(i.ec20_init) refers to ec20.o(i.urc_disconnected_deal) for urc_disconnected_deal
    ec20.o(i.ec20_process) refers to memseta.o(.text) for __aeabi_memclr4
    ec20.o(i.ec20_process) refers to at_parser.o(i.at_send_cmp_reply) for at_send_cmp_reply
    ec20.o(i.ec20_process) refers to at_parser.o(i.at_send_get_repy) for at_send_get_repy
    ec20.o(i.ec20_process) refers to memcmp.o(.text) for memcmp
    ec20.o(i.ec20_process) refers to ec20.o(.data) for module_state
    ec20.o(i.urc_disconnected_deal) refers to ec20.o(.data) for module_state
    ec20.o(i.urc_server_recieve) refers to memcmp.o(.text) for memcmp
    ec20.o(i.urc_start_recieve) refers to at_parser.o(i.at_send_without_reply) for at_send_without_reply
    at_parser.o(i.URC_data_process) refers to strlen.o(.text) for strlen
    at_parser.o(i.URC_data_process) refers to memcmp.o(.text) for memcmp
    at_parser.o(i.URC_data_process) refers to at_parser.o(.bss) for URC_table
    at_parser.o(i.at_parser_init) refers to bsp_usart.o(i.usart_register) for usart_register
    at_parser.o(i.at_parser_init) refers to at_parser.o(i.uart_callback) for uart_callback
    at_parser.o(i.at_register_urc) refers to printf2.o(i.__0printf$2) for __2printf
    at_parser.o(i.at_register_urc) refers to at_parser.o(.bss) for URC_table
    at_parser.o(i.at_resp_get_line) refers to at_parser.o(.bss) for respond
    at_parser.o(i.at_resp_parse_line_args) refers to at_parser.o(i.at_resp_get_line) for at_resp_get_line
    at_parser.o(i.at_resp_parse_line_args) refers to printf2.o(i.__0printf$2) for __2printf
    at_parser.o(i.at_resp_parse_line_args) refers to vsscanf.o(.text) for vsscanf
    at_parser.o(i.at_send_cmp_reply) refers to memseta.o(.text) for __aeabi_memclr4
    at_parser.o(i.at_send_cmp_reply) refers to at_parser.o(i.at_send_with_reply) for at_send_with_reply
    at_parser.o(i.at_send_cmp_reply) refers to at_parser.o(i.at_resp_parse_line_args) for at_resp_parse_line_args
    at_parser.o(i.at_send_cmp_reply) refers to strlen.o(.text) for strlen
    at_parser.o(i.at_send_cmp_reply) refers to memcmp.o(.text) for memcmp
    at_parser.o(i.at_send_get_repy) refers to memseta.o(.text) for __aeabi_memclr4
    at_parser.o(i.at_send_get_repy) refers to at_parser.o(i.at_send_with_reply) for at_send_with_reply
    at_parser.o(i.at_send_get_repy) refers to at_parser.o(i.at_resp_parse_line_args) for at_resp_parse_line_args
    at_parser.o(i.at_send_get_repy) refers to strlen.o(.text) for strlen
    at_parser.o(i.at_send_get_repy) refers to memcmp.o(.text) for memcmp
    at_parser.o(i.at_send_get_repy) refers to memcpya.o(.text) for __aeabi_memcpy
    at_parser.o(i.at_send_with_reply) refers to at_parser.o(i.clean_reply) for clean_reply
    at_parser.o(i.at_send_with_reply) refers to strlen.o(.text) for strlen
    at_parser.o(i.at_send_with_reply) refers to bsp_usart.o(i.usart_write) for usart_write
    at_parser.o(i.at_send_with_reply) refers to at_parser.o(i.wait_reply) for wait_reply
    at_parser.o(i.at_send_with_reply) refers to printf2.o(i.__0printf$2) for __2printf
    at_parser.o(i.at_send_without_reply) refers to strlen.o(.text) for strlen
    at_parser.o(i.at_send_without_reply) refers to bsp_usart.o(i.usart_write) for usart_write
    at_parser.o(i.at_unregister_urc) refers to strlen.o(.text) for strlen
    at_parser.o(i.at_unregister_urc) refers to memcmp.o(.text) for memcmp
    at_parser.o(i.at_unregister_urc) refers to printf2.o(i.__0printf$2) for __2printf
    at_parser.o(i.at_unregister_urc) refers to at_parser.o(.bss) for URC_table
    at_parser.o(i.clean_reply) refers to at_parser.o(.bss) for respond
[...]
    Removing stm32f4xx_sai.o(i.SAI_GetFlagStatus), (18 bytes).
    Removing stm32f4xx_sai.o(i.SAI_GetITStatus), (30 bytes).
    Removing stm32f4xx_sai.o(i.SAI_ITConfig), (18 bytes).
    Removing stm32f4xx_sai.o(i.SAI_Init), (72 bytes).
    Removing stm32f4xx_sai.o(i.SAI_MonoModeConfig), (18 bytes).
    Removing stm32f4xx_sai.o(i.SAI_MuteFrameCounterConfig), (18 bytes).
    Removing stm32f4xx_sai.o(i.SAI_MuteModeCmd), (22 bytes).
    Removing stm32f4xx_sai.o(i.SAI_MuteValueConfig), (16 bytes).
    Removing stm32f4xx_sai.o(i.SAI_ReceiveData), (6 bytes).
    Removing stm32f4xx_sai.o(i.SAI_SendData), (4 bytes).
    Removing stm32f4xx_sai.o(i.SAI_SlotInit), (36 bytes).
    Removing stm32f4xx_sai.o(i.SAI_SlotStructInit), (16 bytes).
    Removing stm32f4xx_sai.o(i.SAI_StructInit), (28 bytes).
    Removing stm32f4xx_sai.o(i.SAI_TRIStateConfig), (18 bytes).
    Removing stm32f4xx_sdio.o(.rev16_text), (4 bytes).
    Removing stm32f4xx_sdio.o(.revsh_text), (4 bytes).
    Removing stm32f4xx_sdio.o(.rrx_text), (6 bytes).
    Removing stm32f4xx_sdio.o(i.SDIO_CEATAITCmd), (16 bytes).
    Removing stm32f4xx_sdio.o(i.SDIO_ClearFlag), (12 bytes).
    Removing stm32f4xx_sdio.o(i.SDIO_ClockCmd), (12 bytes).
    Removing stm32f4xx_sdio.o(i.SDIO_CmdStructInit), (14 bytes).
    Removing stm32f4xx_sdio.o(i.SDIO_CommandCompletionCmd), (12 bytes).
    Removing stm32f4xx_sdio.o(i.SDIO_DMACmd), (12 bytes).
    Removing stm32f4xx_sdio.o(i.SDIO_DataConfig), (52 bytes).
    Removing stm32f4xx_sdio.o(i.SDIO_DataStructInit), (20 bytes).
    Removing stm32f4xx_sdio.o(i.SDIO_DeInit), (22 bytes).
    Removing stm32f4xx_sdio.o(i.SDIO_GetCommandResponse), (12 bytes).
    Removing stm32f4xx_sdio.o(i.SDIO_GetDataCounter), (12 bytes).
    Removing stm32f4xx_sdio.o(i.SDIO_GetFIFOCount), (12 bytes).
    Removing stm32f4xx_sdio.o(i.SDIO_GetFlagStatus), (24 bytes).
    Removing stm32f4xx_sdio.o(i.SDIO_GetPowerState), (16 bytes).
    Removing stm32f4xx_sdio.o(i.SDIO_GetResponse), (24 bytes).
    Removing stm32f4xx_sdio.o(i.SDIO_Init), (48 bytes).
    Removing stm32f4xx_sdio.o(i.SDIO_ReadData), (12 bytes).
    Removing stm32f4xx_sdio.o(i.SDIO_SendCEATACmd), (12 bytes).
    Removing stm32f4xx_sdio.o(i.SDIO_SendCommand), (44 bytes).
    Removing stm32f4xx_sdio.o(i.SDIO_SendSDIOSuspendCmd), (12 bytes).
    Removing stm32f4xx_sdio.o(i.SDIO_SetPowerState), (12 bytes).
    Removing stm32f4xx_sdio.o(i.SDIO_SetSDIOOperation), (12 bytes).
    Removing stm32f4xx_sdio.o(i.SDIO_SetSDIOReadWaitMode), (12 bytes).
    Removing stm32f4xx_sdio.o(i.SDIO_StartSDIOReadWait), (12 bytes).
    Removing stm32f4xx_sdio.o(i.SDIO_StopSDIOReadWait), (12 bytes).
    Removing stm32f4xx_sdio.o(i.SDIO_StructInit), (16 bytes).
    Removing stm32f4xx_sdio.o(i.SDIO_WriteData), (12 bytes).
    Removing stm32f4xx_spdifrx.o(.rev16_text), (4 bytes).
    Removing stm32f4xx_spdifrx.o(.revsh_text), (4 bytes).
    Removing stm32f4xx_spdifrx.o(.rrx_text), (6 bytes).
    Removing stm32f4xx_spi.o(.rev16_text), (4 bytes).
    Removing stm32f4xx_spi.o(.revsh_text), (4 bytes).
    Removing stm32f4xx_spi.o(.rrx_text), (6 bytes).
    Removing stm32f4xx_spi.o(i.I2S_Cmd), (24 bytes).
    Removing stm32f4xx_spi.o(i.I2S_FullDuplexConfig), (80 bytes).
    Removing stm32f4xx_spi.o(i.I2S_Init), (408 bytes).
    Removing stm32f4xx_spi.o(i.I2S_StructInit), (20 bytes).
    Removing stm32f4xx_spi.o(i.SPI_BiDirectionalLineConfig), (28 bytes).
    Removing stm32f4xx_spi.o(i.SPI_CalculateCRC), (24 bytes).
    Removing stm32f4xx_spi.o(i.SPI_Cmd), (24 bytes).
    Removing stm32f4xx_spi.o(i.SPI_DataSizeConfig), (18 bytes).
    Removing stm32f4xx_spi.o(i.SPI_GetCRC), (16 bytes).
    Removing stm32f4xx_spi.o(i.SPI_GetCRCPolynomial), (6 bytes).
    Removing stm32f4xx_spi.o(i.SPI_I2S_ClearFlag), (6 bytes).
    Removing stm32f4xx_spi.o(i.SPI_I2S_ClearITPendingBit), (20 bytes).
    Removing stm32f4xx_spi.o(i.SPI_I2S_DMACmd), (18 bytes).
    Removing stm32f4xx_spi.o(i.SPI_I2S_DeInit), (176 bytes).
    Removing stm32f4xx_spi.o(i.SPI_I2S_GetFlagStatus), (18 bytes).
    Removing stm32f4xx_spi.o(i.SPI_I2S_GetITStatus), (52 bytes).
    Removing stm32f4xx_spi.o(i.SPI_I2S_ITConfig), (32 bytes).
    Removing stm32f4xx_spi.o(i.SPI_I2S_ReceiveData), (6 bytes).
    Removing stm32f4xx_spi.o(i.SPI_I2S_SendData), (4 bytes).
    Removing stm32f4xx_spi.o(i.SPI_Init), (60 bytes).
    Removing stm32f4xx_spi.o(i.SPI_NSSInternalSoftwareConfig), (30 bytes).
    Removing stm32f4xx_spi.o(i.SPI_SSOutputCmd), (24 bytes).
    Removing stm32f4xx_spi.o(i.SPI_StructInit), (24 bytes).
    Removing stm32f4xx_spi.o(i.SPI_TIModeCmd), (24 bytes).
    Removing stm32f4xx_spi.o(i.SPI_TransmitCRC), (10 bytes).
    Removing stm32f4xx_syscfg.o(.rev16_text), (4 bytes).
    Removing stm32f4xx_syscfg.o(.revsh_text), (4 bytes).
    Removing stm32f4xx_syscfg.o(.rrx_text), (6 bytes).
    Removing stm32f4xx_syscfg.o(i.SYSCFG_CompensationCellCmd), (12 bytes).
    Removing stm32f4xx_syscfg.o(i.SYSCFG_DeInit), (22 bytes).
    Removing stm32f4xx_syscfg.o(i.SYSCFG_ETH_MediaInterfaceConfig), (12 bytes).
    Removing stm32f4xx_syscfg.o(i.SYSCFG_EXTILineConfig), (64 bytes).
    Removing stm32f4xx_syscfg.o(i.SYSCFG_GetCompensationCellStatus), (24 bytes).
    Removing stm32f4xx_syscfg.o(i.SYSCFG_MemoryRemapConfig), (12 bytes).
    Removing stm32f4xx_syscfg.o(i.SYSCFG_MemorySwappingBank), (12 bytes).
    Removing stm32f4xx_tim.o(.rev16_text), (4 bytes).
    Removing stm32f4xx_tim.o(.revsh_text), (4 bytes).
    Removing stm32f4xx_tim.o(.rrx_text), (6 bytes).
    Removing stm32f4xx_tim.o(i.TI1_Config), (58 bytes).
    Removing stm32f4xx_tim.o(i.TI2_Config), (80 bytes).
    Removing stm32f4xx_tim.o(i.TI3_Config), (72 bytes).
    Removing stm32f4xx_tim.o(i.TI4_Config), (80 bytes).
    Removing stm32f4xx_tim.o(i.TIM_ARRPreloadConfig), (24 bytes).
    Removing stm32f4xx_tim.o(i.TIM_BDTRConfig), (32 bytes).
    Removing stm32f4xx_tim.o(i.TIM_BDTRStructInit), (18 bytes).
    Removing stm32f4xx_tim.o(i.TIM_CCPreloadControl), (24 bytes).
    Removing stm32f4xx_tim.o(i.TIM_CCxCmd), (30 bytes).
    Removing stm32f4xx_tim.o(i.TIM_CCxNCmd), (30 bytes).
    Removing stm32f4xx_tim.o(i.TIM_ClearOC1Ref), (18 bytes).
    Removing stm32f4xx_tim.o(i.TIM_ClearOC2Ref), (24 bytes).
    Removing stm32f4xx_tim.o(i.TIM_ClearOC3Ref), (18 bytes).
    Removing stm32f4xx_tim.o(i.TIM_ClearOC4Ref), (24 bytes).
    Removing stm32f4xx_tim.o(i.TIM_CounterModeConfig), (18 bytes).
    Removing stm32f4xx_tim.o(i.TIM_CtrlPWMOutputs), (30 bytes).
    Removing stm32f4xx_tim.o(i.TIM_DMACmd), (18 bytes).
    Removing stm32f4xx_tim.o(i.TIM_DMAConfig), (10 bytes).
    Removing stm32f4xx_tim.o(i.TIM_DeInit), (400 bytes).
    Removing stm32f4xx_tim.o(i.TIM_ETRClockMode1Config), (54 bytes).
    Removing stm32f4xx_tim.o(i.TIM_ETRClockMode2Config), (32 bytes).
    Removing stm32f4xx_tim.o(i.TIM_ETRConfig), (28 bytes).
    Removing stm32f4xx_tim.o(i.TIM_EncoderInterfaceConfig), (66 bytes).
    Removing stm32f4xx_tim.o(i.TIM_ForcedOC1Config), (18 bytes).
    Removing stm32f4xx_tim.o(i.TIM_ForcedOC2Config), (26 bytes).
    Removing stm32f4xx_tim.o(i.TIM_ForcedOC3Config), (18 bytes).
    Removing stm32f4xx_tim.o(i.TIM_ForcedOC4Config), (26 bytes).
    Removing stm32f4xx_tim.o(i.TIM_GenerateEvent), (4 bytes).
    Removing stm32f4xx_tim.o(i.TIM_GetCapture1), (6 bytes).
    Removing stm32f4xx_tim.o(i.TIM_GetCapture2), (6 bytes).
    Removing stm32f4xx_tim.o(i.TIM_GetCapture3), (6 bytes).
    Removing stm32f4xx_tim.o(i.TIM_GetCapture4), (6 bytes).
    Removing stm32f4xx_tim.o(i.TIM_GetCounter), (6 bytes).
    Removing stm32f4xx_tim.o(i.TIM_GetFlagStatus), (18 bytes).
    Removing stm32f4xx_tim.o(i.TIM_GetPrescaler), (6 bytes).
    Removing stm32f4xx_tim.o(i.TIM_ICInit), (110 bytes).
    Removing stm32f4xx_tim.o(i.TIM_ICStructInit), (18 bytes).
    Removing stm32f4xx_tim.o(i.TIM_ITRxExternalClockConfig), (24 bytes).
    Removing stm32f4xx_tim.o(i.TIM_InternalClockConfig), (12 bytes).
    Removing stm32f4xx_tim.o(i.TIM_OC1FastConfig), (18 bytes).
    Removing stm32f4xx_tim.o(i.TIM_OC1Init), (124 bytes).
    Removing stm32f4xx_tim.o(i.TIM_OC1NPolarityConfig), (18 bytes).
    Removing stm32f4xx_tim.o(i.TIM_OC1PolarityConfig), (18 bytes).
    Removing stm32f4xx_tim.o(i.TIM_OC1PreloadConfig), (18 bytes).
    Removing stm32f4xx_tim.o(i.TIM_OC2FastConfig), (26 bytes).
    Removing stm32f4xx_tim.o(i.TIM_OC2Init), (164 bytes).
    Removing stm32f4xx_tim.o(i.TIM_OC2NPolarityConfig), (26 bytes).
    Removing stm32f4xx_tim.o(i.TIM_OC2PolarityConfig), (26 bytes).
    Removing stm32f4xx_tim.o(i.TIM_OC2PreloadConfig), (26 bytes).
    Removing stm32f4xx_tim.o(i.TIM_OC3FastConfig), (18 bytes).
    Removing stm32f4xx_tim.o(i.TIM_OC3Init), (160 bytes).
    Removing stm32f4xx_tim.o(i.TIM_OC3NPolarityConfig), (26 bytes).
    Removing stm32f4xx_tim.o(i.TIM_OC3PolarityConfig), (26 bytes).
    Removing stm32f4xx_tim.o(i.TIM_OC3PreloadConfig), (18 bytes).
    Removing stm32f4xx_tim.o(i.TIM_OC4FastConfig), (26 bytes).
    Removing stm32f4xx_tim.o(i.TIM_OC4Init), (120 bytes).
    Removing stm32f4xx_tim.o(i.TIM_OC4PolarityConfig), (26 bytes).
    Removing stm32f4xx_tim.o(i.TIM_OC4PreloadConfig), (26 bytes).
    Removing stm32f4xx_tim.o(i.TIM_OCStructInit), (20 bytes).
    Removing stm32f4xx_tim.o(i.TIM_PWMIConfig), (124 bytes).
    Removing stm32f4xx_tim.o(i.TIM_PrescalerConfig), (6 bytes).
    Removing stm32f4xx_tim.o(i.TIM_RemapConfig), (6 bytes).
    Removing stm32f4xx_tim.o(i.TIM_SelectCCDMA), (24 bytes).
    Removing stm32f4xx_tim.o(i.TIM_SelectCOM), (24 bytes).
    Removing stm32f4xx_tim.o(i.TIM_SelectHallSensor), (24 bytes).
    Removing stm32f4xx_tim.o(i.TIM_SelectInputTrigger), (18 bytes).
    Removing stm32f4xx_tim.o(i.TIM_SelectMasterSlaveMode), (18 bytes).
    Removing stm32f4xx_tim.o(i.TIM_SelectOCxM), (86 bytes).
    Removing stm32f4xx_tim.o(i.TIM_SelectOnePulseMode), (18 bytes).
    Removing stm32f4xx_tim.o(i.TIM_SelectOutputTrigger), (18 bytes).
    Removing stm32f4xx_tim.o(i.TIM_SelectSlaveMode), (18 bytes).
    Removing stm32f4xx_tim.o(i.TIM_SetAutoreload), (4 bytes).
    Removing stm32f4xx_tim.o(i.TIM_SetClockDivision), (18 bytes).
    Removing stm32f4xx_tim.o(i.TIM_SetCompare1), (4 bytes).
    Removing stm32f4xx_tim.o(i.TIM_SetCompare2), (4 bytes).
    Removing stm32f4xx_tim.o(i.TIM_SetCompare3), (4 bytes).
    Removing stm32f4xx_tim.o(i.TIM_SetCompare4), (4 bytes).
    Removing stm32f4xx_tim.o(i.TIM_SetCounter), (4 bytes).
    Removing stm32f4xx_tim.o(i.TIM_SetIC1Prescaler), (18 bytes).
    Removing stm32f4xx_tim.o(i.TIM_SetIC2Prescaler), (26 bytes).
    Removing stm32f4xx_tim.o(i.TIM_SetIC3Prescaler), (18 bytes).
    Removing stm32f4xx_tim.o(i.TIM_SetIC4Prescaler), (26 bytes).
    Removing stm32f4xx_tim.o(i.TIM_TIxExternalClockConfig), (62 bytes).
    Removing stm32f4xx_tim.o(i.TIM_TimeBaseStructInit), (18 bytes).
    Removing stm32f4xx_tim.o(i.TIM_UpdateDisableConfig), (24 bytes).
    Removing stm32f4xx_tim.o(i.TIM_UpdateRequestConfig), (24 bytes).
    Removing stm32f4xx_usart.o(.rev16_text), (4 bytes).
    Removing stm32f4xx_usart.o(.revsh_text), (4 bytes).
    Removing stm32f4xx_usart.o(.rrx_text), (6 bytes).
    Removing stm32f4xx_usart.o(i.USART_ClearFlag), (18 bytes).
    Removing stm32f4xx_usart.o(i.USART_ClearITPendingBit), (30 bytes).
    Removing stm32f4xx_usart.o(i.USART_ClockInit), (32 bytes).
    Removing stm32f4xx_usart.o(i.USART_ClockStructInit), (12 bytes).
    Removing stm32f4xx_usart.o(i.USART_DMACmd), (18 bytes).
    Removing stm32f4xx_usart.o(i.USART_DeInit), (240 bytes).
    Removing stm32f4xx_usart.o(i.USART_HalfDuplexCmd), (24 bytes).
    Removing stm32f4xx_usart.o(i.USART_IrDACmd), (24 bytes).
    Removing stm32f4xx_usart.o(i.USART_IrDAConfig), (18 bytes).
    Removing stm32f4xx_usart.o(i.USART_LINBreakDetectLengthConfig), (18 bytes).
    Removing stm32f4xx_usart.o(i.USART_LINCmd), (24 bytes).
    Removing stm32f4xx_usart.o(i.USART_OneBitMethodCmd), (24 bytes).
    Removing stm32f4xx_usart.o(i.USART_OverSampling8Cmd), (22 bytes).
    Removing stm32f4xx_usart.o(i.USART_ReceiverWakeUpCmd), (24 bytes).
    Removing stm32f4xx_usart.o(i.USART_SendBreak), (10 bytes).
    Removing stm32f4xx_usart.o(i.USART_SetAddress), (18 bytes).
    Removing stm32f4xx_usart.o(i.USART_SetGuardTime), (16 bytes).
    Removing stm32f4xx_usart.o(i.USART_SetPrescaler), (16 bytes).
    Removing stm32f4xx_usart.o(i.USART_SmartCardCmd), (24 bytes).
    Removing stm32f4xx_usart.o(i.USART_SmartCardNACKCmd), (24 bytes).
    Removing stm32f4xx_usart.o(i.USART_StructInit), (24 bytes).
    Removing stm32f4xx_usart.o(i.USART_WakeUpConfig), (18 bytes).
    Removing stm32f4xx_wwdg.o(.rev16_text), (4 bytes).
    Removing stm32f4xx_wwdg.o(.revsh_text), (4 bytes).
    Removing stm32f4xx_wwdg.o(.rrx_text), (6 bytes).
    Removing stm32f4xx_wwdg.o(i.WWDG_ClearFlag), (12 bytes).
    Removing stm32f4xx_wwdg.o(i.WWDG_DeInit), (22 bytes).
    Removing stm32f4xx_wwdg.o(i.WWDG_Enable), (16 bytes).
    Removing stm32f4xx_wwdg.o(i.WWDG_EnableIT), (12 bytes).
    Removing stm32f4xx_wwdg.o(i.WWDG_GetFlagStatus), (20 bytes).
    Removing stm32f4xx_wwdg.o(i.WWDG_SetCounter), (16 bytes).
    Removing stm32f4xx_wwdg.o(i.WWDG_SetPrescaler), (24 bytes).
    Removing stm32f4xx_wwdg.o(i.WWDG_SetWindowValue), (40 bytes).
    Removing dadd.o(.text), (334 bytes).
    Removing dfixul.o(.text), (48 bytes).
    Removing cdrcmple.o(.text), (48 bytes).

920 unused section(s) (total 230890 bytes) removed from the image.

==============================================================================

Image Symbol Table

    Local Symbols

    Symbol Name                              Value     Ov Type        Size  Object(Section)

    ../clib/microlib/ctype/ctype.c           0x00000000   Number         0  isspace_c.o ABSOLUTE
    ../clib/microlib/ctype/ctype.c           0x00000000   Number         0  ctype_c.o ABSOLUTE
    ../clib/microlib/division.c              0x00000000   Number         0  uldiv.o ABSOLUTE
    ../clib/microlib/division.c              0x00000000   Number         0  uidiv.o ABSOLUTE
    ../clib/microlib/init/entry.s            0x00000000   Number         0  entry5.o ABSOLUTE
    ../clib/microlib/init/entry.s            0x00000000   Number         0  entry11b.o ABSOLUTE
    ../clib/microlib/init/entry.s            0x00000000   Number         0  entry11a.o ABSOLUTE
    ../clib/microlib/init/entry.s            0x00000000   Number         0  entry10b.o ABSOLUTE
    ../clib/microlib/init/entry.s            0x00000000   Number         0  entry10a.o ABSOLUTE
    ../clib/microlib/init/entry.s            0x00000000   Number         0  entry9b.o ABSOLUTE
    ../clib/microlib/init/entry.s            0x00000000   Number         0  entry.o ABSOLUTE
    ../clib/microlib/init/entry.s            0x00000000   Number         0  entry2.o ABSOLUTE
    ../clib/microlib/init/entry.s            0x00000000   Number         0  entry9a.o ABSOLUTE
    ../clib/microlib/init/entry.s            0x00000000   Number         0  entry8b.o ABSOLUTE
    ../clib/microlib/init/entry.s            0x00000000   Number         0  entry8a.o ABSOLUTE
    ../clib/microlib/init/entry.s            0x00000000   Number         0  entry7b.o ABSOLUTE
    ../clib/microlib/init/entry.s            0x00000000   Number         0  entry7a.o ABSOLUTE
    ../clib/microlib/longlong.c              0x00000000   Number         0  llushr.o ABSOLUTE
    ../clib/microlib/longlong.c              0x00000000   Number         0  llshl.o ABSOLUTE
    ../clib/microlib/longlong.c              0x00000000   Number         0  llsshr.o ABSOLUTE
    ../clib/microlib/printf/printf.c         0x00000000   Number         0  printf0.o ABSOLUTE
    ../clib/microlib/printf/printf.c         0x00000000   Number         0  printf1.o ABSOLUTE
    ../clib/microlib/printf/printf.c         0x00000000   Number         0  printf2.o ABSOLUTE
    ../clib/microlib/printf/printf.c         0x00000000   Number         0  printf3.o ABSOLUTE
    ../clib/microlib/printf/printf.c         0x00000000   Number         0  printf4.o ABSOLUTE
    ../clib/microlib/printf/printf.c         0x00000000   Number         0  printf5.o ABSOLUTE
    ../clib/microlib/printf/printf.c         0x00000000   Number         0  printf8.o ABSOLUTE
    ../clib/microlib/printf/printf.c         0x00000000   Number         0  printf6.o ABSOLUTE
    ../clib/microlib/printf/printf.c         0x00000000   Number         0  printf7.o ABSOLUTE
    ../clib/microlib/printf/printf.c         0x00000000   Number         0  printfa.o ABSOLUTE
    ../clib/microlib/printf/printf.c         0x00000000   Number         0  printfb.o ABSOLUTE
    ../clib/microlib/printf/stubs.s          0x00000000   Number         0  stubs.o ABSOLUTE
    ../clib/microlib/stdio/streams.c         0x00000000   Number         0  stdout.o ABSOLUTE
    ../clib/microlib/string/memcmp.c         0x00000000   Number         0  memcmp.o ABSOLUTE
    ../clib/microlib/string/memcpy.c         0x00000000   Number         0  memcpya.o ABSOLUTE
    ../clib/microlib/string/memcpy.c         0x00000000   Number         0  memcpyb.o ABSOLUTE
    ../clib/microlib/string/memset.c         0x00000000   Number         0  memseta.o ABSOLUTE
    ../clib/microlib/string/strlen.c         0x00000000   Number         0  strlen.o ABSOLUTE
    ../clib/microlib/stubs.s                 0x00000000   Number         0  iusefp.o ABSOLUTE
    ../clib/scanf.c                          0x00000000   Number         0  _sgetc.o ABSOLUTE
    ../clib/scanf.c                          0x00000000   Number         0  _scanf.o ABSOLUTE
    ../clib/scanf.c                          0x00000000   Number         0  _scanf_longlong.o ABSOLUTE
    ../clib/scanf.c                          0x00000000   Number         0  _scanf_int.o ABSOLUTE
    ../clib/scanf.c                          0x00000000   Number         0  scanf_fp.o ABSOLUTE
    ../clib/scanf.c                          0x00000000   Number         0  scanf_char.o ABSOLUTE
    ../clib/scanf.c                          0x00000000   Number         0  vsscanf.o ABSOLUTE
    ../clib/scanf.c                          0x00000000   Number         0  _scanf_str.o ABSOLUTE
    ../clib/scanf.c                          0x00000000   Number         0  _chval.o ABSOLUTE
    ../fplib/microlib/d2f.c                  0x00000000   Number         0  d2f.o ABSOLUTE
    ../fplib/microlib/fpadd.c                0x00000000   Number         0  dadd.o ABSOLUTE
    ../fplib/microlib/fpdiv.c                0x00000000   Number         0  ddiv.o ABSOLUTE
    ../fplib/microlib/fpepilogue.c           0x00000000   Number         0  depilogue.o ABSOLUTE
    ../fplib/microlib/fpepilogue.c           0x00000000   Number         0  fepilogue.o ABSOLUTE
    ../fplib/microlib/fpfix.c                0x00000000   Number         0  dfixul.o ABSOLUTE
    ../fplib/microlib/fpflt.c                0x00000000   Number         0  dfltul.o ABSOLUTE
    ../fplib/microlib/fpmul.c                0x00000000   Number         0  dmul.o ABSOLUTE
    ..\..\FATFS\diskio.c                     0x00000000   Number         0  diskio.o ABSOLUTE
    ..\..\FATFS\ff.c                         0x00000000   Number         0  ff.o ABSOLUTE
    ..\..\FATFS\option\cc936.c               0x00000000   Number         0  cc936.o ABSOLUTE
    ..\..\Libraries\CMSIS\Device\ST\STM32F4xx\Source\Templates\arm\startup_stm32f40_41xxx.s 0x00000000   Number         0  startup_stm32f40_41xxx.o ABSOLUTE
    ..\..\Libraries\CMSIS\Device\ST\STM32F4xx\Source\Templates\system_stm32f4xx.c 0x00000000   Number         0  system_stm32f4xx.o ABSOLUTE
    ..\..\Libraries\STM32F4xx_StdPeriph_Driver\src\misc.c 0x00000000   Number         0  misc.o ABSOLUTE
    ..\..\Libraries\STM32F4xx_StdPeriph_Driver\src\stm32f4xx_adc.c 0x00000000   Number         0  stm32f4xx_adc.o ABSOLUTE
    ..\..\Libraries\STM32F4xx_StdPeriph_Driver\src\stm32f4xx_can.c 0x00000000   Number         0  stm32f4xx_can.o ABSOLUTE
    ..\..\Libraries\STM32F4xx_StdPeriph_Driver\src\stm32f4xx_cec.c 0x00000000   Number         0  stm32f4xx_cec.o ABSOLUTE
    ..\..\Libraries\STM32F4xx_StdPeriph_Driver\src\stm32f4xx_crc.c 0x00000000   Number         0  stm32f4xx_crc.o ABSOLUTE
    ..\..\Libraries\STM32F4xx_StdPeriph_Driver\src\stm32f4xx_cryp.c 0x00000000   Number         0  stm32f4xx_cryp.o ABSOLUTE
    ..\..\Libraries\STM32F4xx_StdPeriph_Driver\src\stm32f4xx_cryp_aes.c 0x00000000   Number         0  stm32f4xx_cryp_aes.o ABSOLUTE
    ..\..\Libraries\STM32F4xx_StdPeriph_Driver\src\stm32f4xx_cryp_des.c 0x00000000   Number         0  stm32f4xx_cryp_des.o ABSOLUTE
    ..\..\Libraries\STM32F4xx_StdPeriph_Driver\src\stm32f4xx_cryp_tdes.c 0x00000000   Number         0  stm32f4xx_cryp_tdes.o ABSOLUTE
    ..\..\Libraries\STM32F4xx_StdPeriph_Driver\src\stm32f4xx_dac.c 0x00000000   Number         0  stm32f4xx_dac.o ABSOLUTE
    ..\..\Libraries\STM32F4xx_StdPeriph_Driver\src\stm32f4xx_dbgmcu.c 0x00000000   Number         0  stm32f4xx_dbgmcu.o ABSOLUTE
    ..\..\Libraries\STM32F4xx_StdPeriph_Driver\src\stm32f4xx_dcmi.c 0x00000000   Number         0  stm32f4xx_dcmi.o ABSOLUTE
    ..\..\Libraries\STM32F4xx_StdPeriph_Driver\src\stm32f4xx_dma.c 0x00000000   Number         0  stm32f4xx_dma.o ABSOLUTE
    ..\..\Libraries\STM32F4xx_StdPeriph_Driver\src\stm32f4xx_dma2d.c 0x00000000   Number         0  stm32f4xx_dma2d.o ABSOLUTE
    ..\..\Libraries\STM32F4xx_StdPeriph_Driver\src\stm32f4xx_exti.c 0x00000000   Number         0  stm32f4xx_exti.o ABSOLUTE
    ..\..\Libraries\STM32F4xx_StdPeriph_Driver\src\stm32f4xx_flash.c 0x00000000   Number         0  stm32f4xx_flash.o ABSOLUTE
    ..\..\Libraries\STM32F4xx_StdPeriph_Driver\src\stm32f4xx_flash_ramfunc.c 0x00000000   Number         0  stm32f4xx_flash_ramfunc.o ABSOLUTE
    ..\..\Libraries\STM32F4xx_StdPeriph_Driver\src\stm32f4xx_gpio.c 0x00000000   Number         0  stm32f4xx_gpio.o ABSOLUTE
    ..\..\Libraries\STM32F4xx_StdPeriph_Driver\src\stm32f4xx_hash.c 0x00000000   Number         0  stm32f4xx_hash.o ABSOLUTE
    ..\..\Libraries\STM32F4xx_StdPeriph_Driver\src\stm32f4xx_hash_md5.c 0x00000000   Number         0  stm32f4xx_hash_md5.o ABSOLUTE
    ..\..\Libraries\STM32F4xx_StdPeriph_Driver\src\stm32f4xx_hash_sha1.c 0x00000000   Number         0  stm32f4xx_hash_sha1.o ABSOLUTE
    ..\..\Libraries\STM32F4xx_StdPeriph_Driver\src\stm32f4xx_i2c.c 0x00000000   Number         0  stm32f4xx_i2c.o ABSOLUTE
    ..\..\Libraries\STM32F4xx_StdPeriph_Driver\src\stm32f4xx_iwdg.c 0x00000000   Number         0  stm32f4xx_iwdg.o ABSOLUTE
    ..\..\Libraries\STM32F4xx_StdPeriph_Driver\src\stm32f4xx_ltdc.c 0x00000000   Number         0  stm32f4xx_ltdc.o ABSOLUTE
    ..\..\Libraries\STM32F4xx_StdPeriph_Driver\src\stm32f4xx_pwr.c 0x00000000   Number         0  stm32f4xx_pwr.o ABSOLUTE
    ..\..\Libraries\STM32F4xx_StdPeriph_Driver\src\stm32f4xx_qspi.c 0x00000000   Number         0  stm32f4xx_qspi.o ABSOLUTE
    ..\..\Libraries\STM32F4xx_StdPeriph_Driver\src\stm32f4xx_rcc.c 0x00000000   Number         0  stm32f4xx_rcc.o ABSOLUTE
    ..\..\Libraries\STM32F4xx_StdPeriph_Driver\src\stm32f4xx_rng.c 0x00000000   Number         0  stm32f4xx_rng.o ABSOLUTE
    ..\..\Libraries\STM32F4xx_StdPeriph_Driver\src\stm32f4xx_rtc.c 0x00000000   Number         0  stm32f4xx_rtc.o ABSOLUTE
    ..\..\Libraries\STM32F4xx_StdPeriph_Driver\src\stm32f4xx_sai.c 0x00000000   Number         0  stm32f4xx_sai.o ABSOLUTE
    ..\..\Libraries\STM32F4xx_StdPeriph_Driver\src\stm32f4xx_sdio.c 0x00000000   Number         0  stm32f4xx_sdio.o ABSOLUTE
    ..\..\Libraries\STM32F4xx_StdPeriph_Driver\src\stm32f4xx_spdifrx.c 0x00000000   Number         0  stm32f4xx_spdifrx.o ABSOLUTE
    ..\..\Libraries\STM32F4xx_StdPeriph_Driver\src\stm32f4xx_spi.c 0x00000000   Number         0  stm32f4xx_spi.o ABSOLUTE
    ..\..\Libraries\STM32F4xx_StdPeriph_Driver\src\stm32f4xx_syscfg.c 0x00000000   Number         0  stm32f4xx_syscfg.o ABSOLUTE
    ..\..\Libraries\STM32F4xx_StdPeriph_Driver\src\stm32f4xx_tim.c 0x00000000   Number         0  stm32f4xx_tim.o ABSOLUTE
    ..\..\Libraries\STM32F4xx_StdPeriph_Driver\src\stm32f4xx_usart.c 0x00000000   Number         0  stm32f4xx_usart.o ABSOLUTE
    ..\..\Libraries\STM32F4xx_StdPeriph_Driver\src\stm32f4xx_wwdg.c 0x00000000   Number         0  stm32f4xx_wwdg.o ABSOLUTE
    ..\..\User\EC20\ec20.c                   0x00000000   Number         0  ec20.o ABSOLUTE
    ..\..\User\at_parser\at_parser.c         0x00000000   Number         0  at_parser.o ABSOLUTE
    ..\..\User\led\bsp_led.c                 0x00000000   Number         0  bsp_led.o ABSOLUTE
    ..\..\User\main.c                        0x00000000   Number         0  main.o ABSOLUTE
    ..\..\User\sd\bsp_sdio_sd.c              0x00000000   Number         0  bsp_sdio_sd.o ABSOLUTE
    ..\..\User\stm32f4xx_it.c                0x00000000   Number         0  stm32f4xx_it.o ABSOLUTE
    ..\..\User\sys_tick.c                    0x00000000   Number         0  sys_tick.o ABSOLUTE
    ..\..\User\tim\bsp_general_tim.c         0x00000000   Number         0  bsp_general_tim.o ABSOLUTE
    ..\..\User\usart\bsp_usart.c             0x00000000   Number         0  bsp_usart.o ABSOLUTE
    ..\\..\\FATFS\\diskio.c                  0x00000000   Number         0  diskio.o ABSOLUTE
    ..\\..\\Libraries\\CMSIS\\Device\\ST\\STM32F4xx\\Source\\Templates\\system_stm32f4xx.c 0x00000000   Number         0  system_stm32f4xx.o ABSOLUTE
    ..\\..\\Libraries\\STM32F4xx_StdPeriph_Driver\\src\\misc.c 0x00000000   Number         0  misc.o ABSOLUTE
    ..\\..\\Libraries\\STM32F4xx_StdPeriph_Driver\\src\\stm32f4xx_adc.c 0x00000000   Number         0  stm32f4xx_adc.o ABSOLUTE
    ..\\..\\Libraries\\STM32F4xx_StdPeriph_Driver\\src\\stm32f4xx_can.c 0x00000000   Number         0  stm32f4xx_can.o ABSOLUTE
    ..\\..\\Libraries\\STM32F4xx_StdPeriph_Driver\\src\\stm32f4xx_cec.c 0x00000000   Number         0  stm32f4xx_cec.o ABSOLUTE
    ..\\..\\Libraries\\STM32F4xx_StdPeriph_Driver\\src\\stm32f4xx_crc.c 0x00000000   Number         0  stm32f4xx_crc.o ABSOLUTE
    ..\\..\\Libraries\\STM32F4xx_StdPeriph_Driver\\src\\stm32f4xx_cryp.c 0x00000000   Number         0  stm32f4xx_cryp.o ABSOLUTE
    ..\\..\\Libraries\\STM32F4xx_StdPeriph_Driver\\src\\stm32f4xx_cryp_aes.c 0x00000000   Number         0  stm32f4xx_cryp_aes.o ABSOLUTE
    ..\\..\\Libraries\\STM32F4xx_StdPeriph_Driver\\src\\stm32f4xx_cryp_des.c 0x00000000   Number         0  stm32f4xx_cryp_des.o ABSOLUTE
    ..\\..\\Libraries\\STM32F4xx_StdPeriph_Driver\\src\\stm32f4xx_cryp_tdes.c 0x00000000   Number         0  stm32f4xx_cryp_tdes.o ABSOLUTE
    ..\\..\\Libraries\\STM32F4xx_StdPeriph_Driver\\src\\stm32f4xx_dac.c 0x00000000   Number         0  stm32f4xx_dac.o ABSOLUTE
    ..\\..\\Libraries\\STM32F4xx_StdPeriph_Driver\\src\\stm32f4xx_dbgmcu.c 0x00000000   Number         0  stm32f4xx_dbgmcu.o ABSOLUTE
    ..\\..\\Libraries\\STM32F4xx_StdPeriph_Driver\\src\\stm32f4xx_dcmi.c 0x00000000   Number         0  stm32f4xx_dcmi.o ABSOLUTE
    ..\\..\\Libraries\\STM32F4xx_StdPeriph_Driver\\src\\stm32f4xx_dma.c 0x00000000   Number         0  stm32f4xx_dma.o ABSOLUTE
    ..\\..\\Libraries\\STM32F4xx_StdPeriph_Driver\\src\\stm32f4xx_dma2d.c 0x00000000   Number         0  stm32f4xx_dma2d.o ABSOLUTE
    ..\\..\\Libraries\\STM32F4xx_StdPeriph_Driver\\src\\stm32f4xx_exti.c 0x00000000   Number         0  stm32f4xx_exti.o ABSOLUTE
    ..\\..\\Libraries\\STM32F4xx_StdPeriph_Driver\\src\\stm32f4xx_flash.c 0x00000000   Number         0  stm32f4xx_flash.o ABSOLUTE
    ..\\..\\Libraries\\STM32F4xx_StdPeriph_Driver\\src\\stm32f4xx_flash_ramfunc.c 0x00000000   Number         0  stm32f4xx_flash_ramfunc.o ABSOLUTE
    ..\\..\\Libraries\\STM32F4xx_StdPeriph_Driver\\src\\stm32f4xx_gpio.c 0x00000000   Number         0  stm32f4xx_gpio.o ABSOLUTE
    ..\\..\\Libraries\\STM32F4xx_StdPeriph_Driver\\src\\stm32f4xx_hash.c 0x00000000   Number         0  stm32f4xx_hash.o ABSOLUTE
    ..\\..\\Libraries\\STM32F4xx_StdPeriph_Driver\\src\\stm32f4xx_hash_md5.c 0x00000000   Number         0  stm32f4xx_hash_md5.o ABSOLUTE
    ..\\..\\Libraries\\STM32F4xx_StdPeriph_Driver\\src\\stm32f4xx_hash_sha1.c 0x00000000   Number         0  stm32f4xx_hash_sha1.o ABSOLUTE
    ..\\..\\Libraries\\STM32F4xx_StdPeriph_Driver\\src\\stm32f4xx_i2c.c 0x00000000   Number         0  stm32f4xx_i2c.o ABSOLUTE
    ..\\..\\Libraries\\STM32F4xx_StdPeriph_Driver\\src\\stm32f4xx_iwdg.c 0x00000000   Number         0  stm32f4xx_iwdg.o ABSOLUTE
    ..\\..\\Libraries\\STM32F4xx_StdPeriph_Driver\\src\\stm32f4xx_ltdc.c 0x00000000   Number         0  stm32f4xx_ltdc.o ABSOLUTE
    ..\\..\\Libraries\\STM32F4xx_StdPeriph_Driver\\src\\stm32f4xx_pwr.c 0x00000000   Number         0  stm32f4xx_pwr.o ABSOLUTE
    ..\\..\\Libraries\\STM32F4xx_StdPeriph_Driver\\src\\stm32f4xx_qspi.c 0x00000000   Number         0  stm32f4xx_qspi.o ABSOLUTE
    ..\\..\\Libraries\\STM32F4xx_StdPeriph_Driver\\src\\stm32f4xx_rcc.c 0x00000000   Number         0  stm32f4xx_rcc.o ABSOLUTE
    ..\\..\\Libraries\\STM32F4xx_StdPeriph_Driver\\src\\stm32f4xx_rng.c 0x00000000   Number         0  stm32f4xx_rng.o ABSOLUTE
    ..\\..\\Libraries\\STM32F4xx_StdPeriph_Driver\\src\\stm32f4xx_rtc.c 0x00000000   Number         0  stm32f4xx_rtc.o ABSOLUTE
    ..\\..\\Libraries\\STM32F4xx_StdPeriph_Driver\\src\\stm32f4xx_sai.c 0x00000000   Number         0  stm32f4xx_sai.o ABSOLUTE
    ..\\..\\Libraries\\STM32F4xx_StdPeriph_Driver\\src\\stm32f4xx_sdio.c 0x00000000   Number         0  stm32f4xx_sdio.o ABSOLUTE
    ..\\..\\Libraries\\STM32F4xx_StdPeriph_Driver\\src\\stm32f4xx_spdifrx.c 0x00000000   Number         0  stm32f4xx_spdifrx.o ABSOLUTE
    ..\\..\\Libraries\\STM32F4xx_StdPeriph_Driver\\src\\stm32f4xx_spi.c 0x00000000   Number         0  stm32f4xx_spi.o ABSOLUTE
    ..\\..\\Libraries\\STM32F4xx_StdPeriph_Driver\\src\\stm32f4xx_syscfg.c 0x00000000   Number         0  stm32f4xx_syscfg.o ABSOLUTE
    ..\\..\\Libraries\\STM32F4xx_StdPeriph_Driver\\src\\stm32f4xx_tim.c 0x00000000   Number         0  stm32f4xx_tim.o ABSOLUTE
    ..\\..\\Libraries\\STM32F4xx_StdPeriph_Driver\\src\\stm32f4xx_usart.c 0x00000000   Number         0  stm32f4xx_usart.o ABSOLUTE
    ..\\..\\Libraries\\STM32F4xx_StdPeriph_Driver\\src\\stm32f4xx_wwdg.c 0x00000000   Number         0  stm32f4xx_wwdg.o ABSOLUTE
    ..\\..\\User\\EC20\\ec20.c               0x00000000   Number         0  ec20.o ABSOLUTE
    ..\\..\\User\\at_parser\\at_parser.c     0x00000000   Number         0  at_parser.o ABSOLUTE
    ..\\..\\User\\led\\bsp_led.c             0x00000000   Number         0  bsp_led.o ABSOLUTE
    ..\\..\\User\\main.c                     0x00000000   Number         0  main.o ABSOLUTE
    ..\\..\\User\\sd\\bsp_sdio_sd.c          0x00000000   Number         0  bsp_sdio_sd.o ABSOLUTE
    ..\\..\\User\\stm32f4xx_it.c             0x00000000   Number         0  stm32f4xx_it.o ABSOLUTE
    ..\\..\\User\\sys_tick.c                 0x00000000   Number         0  sys_tick.o ABSOLUTE
    ..\\..\\User\\tim\\bsp_general_tim.c     0x00000000   Number         0  bsp_general_tim.o ABSOLUTE
    ..\\..\\User\\usart\\bsp_usart.c         0x00000000   Number         0  bsp_usart.o ABSOLUTE
    cdrcmple.s                               0x00000000   Number         0  cdrcmple.o ABSOLUTE
    dc.s                                     0x00000000   Number         0  dc.o ABSOLUTE
    handlers.s                               0x00000000   Number         0  handlers.o ABSOLUTE
    init.s                                   0x00000000   Number         0  init.o ABSOLUTE
    RESET                                    0x08000000   Section      392  startup_stm32f40_41xxx.o(RESET)
    .ARM.Collect$$$$00000000                 0x08000188   Section        0  entry.o(.ARM.Collect$$$$00000000)
    .ARM.Collect$$$$00000001                 0x08000188   Section        4  entry2.o(.ARM.Collect$$$$00000001)
    .ARM.Collect$$$$00000004                 0x0800018c   Section        4  entry5.o(.ARM.Collect$$$$00000004)
    .ARM.Collect$$$$00000008                 0x08000190   Section        0  entry7b.o(.ARM.Collect$$$$00000008)
    .ARM.Collect$$$$0000000A                 0x08000190   Section        0  entry8b.o(.ARM.Collect$$$$0000000A)
    .ARM.Collect$$$$0000000B                 0x08000190   Section        8  entry9a.o(.ARM.Collect$$$$0000000B)
    .ARM.Collect$$$$0000000D                 0x08000198   Section        0  entry10a.o(.ARM.Collect$$$$0000000D)
    .ARM.Collect$$$$0000000F                 0x08000198   Section        0  entry11a.o(.ARM.Collect$$$$0000000F)
    .ARM.Collect$$$$00002712                 0x08000198   Section        4  entry2.o(.ARM.Collect$$$$00002712)
    __lit__00000000                          0x08000198   Data           4  entry2.o(.ARM.Collect$$$$00002712)
    .text                                    0x0800019c   Section       36  startup_stm32f40_41xxx.o(.text)
    $v0                                      0x0800019c   Number         0  startup_stm32f40_41xxx.o(.text)
    .text                                    0x080001c0   Section        0  memcpya.o(.text)
    .text                                    0x080001e4   Section        0  memseta.o(.text)
    .text                                    0x08000208   Section        0  strlen.o(.text)
    .text                                    0x08000216   Section        0  memcmp.o(.text)
    .text                                    0x08000230   Section        0  vsscanf.o(.text)
    .text                                    0x08000260   Section        0  llshl.o(.text)
    .text                                    0x0800027e   Section        0  llushr.o(.text)
    .text                                    0x0800029e   Section        0  _scanf_longlong.o(.text)
    .text                                    0x080003f4   Section        0  _scanf_int.o(.text)
    .text                                    0x08000540   Section        0  _scanf_str.o(.text)
    .text                                    0x08000620   Section        0  scanf_fp.o(.text)
    _fp_value                                0x08000621   Thumb Code   296  scanf_fp.o(.text)
    .text                                    0x08000980   Section        0  scanf_char.o(.text)
    _scanf_char_input                        0x08000981   Thumb Code    12  scanf_char.o(.text)
    .text                                    0x080009a8   Section        0  _sgetc.o(.text)
    .text                                    0x080009e8   Section        0  dmul.o(.text)
    .text                                    0x080009e8   Section        0  iusefp.o(.text)
    .text                                    0x08000acc   Section        0  ddiv.o(.text)
    .text                                    0x08000bac   Section       36  init.o(.text)
    .text                                    0x08000bd0   Section        0  isspace_c.o(.text)
    .text                                    0x08000bda   Section        0  _chval.o(.text)
    .text                                    0x08000bf8   Section        0  _scanf.o(.text)
    .text                                    0x08000f24   Section        0  depilogue.o(.text)
    .text                                    0x08000fde   Section        0  dfltul.o(.text)
    .text                                    0x08000ff6   Section        0  d2f.o(.text)
    .text                                    0x08001030   Section        0  ctype_c.o(.text)
    .text                                    0x08001058   Section        0  fepilogue.o(.text)
    i.BusFault_Handler                       0x080010c6   Section        0  stm32f4xx_it.o(i.BusFault_Handler)
    i.DMA2_Stream3_IRQHandler                0x080010ca   Section        0  bsp_sdio_sd.o(i.DMA2_Stream3_IRQHandler)
    i.DMA_ClearFlag                          0x080010d4   Section        0  stm32f4xx_dma.o(i.DMA_ClearFlag)
    i.DebugMon_Handler                       0x08001108   Section        0  stm32f4xx_it.o(i.DebugMon_Handler)
    i.GPIO_Init                              0x0800110a   Section        0  stm32f4xx_gpio.o(i.GPIO_Init)
    i.GPIO_PinAFConfig                       0x0800119a   Section        0  stm32f4xx_gpio.o(i.GPIO_PinAFConfig)
    i.GPIO_ResetBits                         0x080011e0   Section        0  stm32f4xx_gpio.o(i.GPIO_ResetBits)
    i.HardFault_Handler                      0x080011e4   Section        0  stm32f4xx_it.o(i.HardFault_Handler)
    i.LED_GPIO_Config                        0x080011e8   Section        0  bsp_led.o(i.LED_GPIO_Config)
    i.MemManage_Handler                      0x0800127c   Section        0  stm32f4xx_it.o(i.MemManage_Handler)
    i.NMI_Handler                            0x08001280   Section        0  stm32f4xx_it.o(i.NMI_Handler)
    i.NVIC_Configuration                     0x08001282   Section        0  bsp_usart.o(i.NVIC_Configuration)
    NVIC_Configuration                       0x08001283   Thumb Code    66  bsp_usart.o(i.NVIC_Configuration)
    i.NVIC_Init                              0x080012c4   Section        0  misc.o(i.NVIC_Init)
    i.NVIC_PriorityGroupConfig               0x0800133c   Section        0  misc.o(i.NVIC_PriorityGroupConfig)
    i.PendSV_Handler                         0x08001350   Section        0  stm32f4xx_it.o(i.PendSV_Handler)
    i.RCC_AHB1PeriphClockCmd                 0x08001354   Section        0  stm32f4xx_rcc.o(i.RCC_AHB1PeriphClockCmd)
    i.RCC_APB1PeriphClockCmd                 0x08001374   Section        0  stm32f4xx_rcc.o(i.RCC_APB1PeriphClockCmd)
    i.RCC_APB2PeriphClockCmd                 0x08001394   Section        0  stm32f4xx_rcc.o(i.RCC_APB2PeriphClockCmd)
    i.RCC_GetClocksFreq                      0x080013b4   Section        0  stm32f4xx_rcc.o(i.RCC_GetClocksFreq)
    i.SDIO_ClearITPendingBit                 0x0800149c   Section        0  stm32f4xx_sdio.o(i.SDIO_ClearITPendingBit)
    i.SDIO_GetITStatus                       0x080014a8   Section        0  stm32f4xx_sdio.o(i.SDIO_GetITStatus)
    i.SDIO_IRQHandler                        0x080014c0   Section        0  bsp_sdio_sd.o(i.SDIO_IRQHandler)
    i.SDIO_ITConfig                          0x080014c8   Section        0  stm32f4xx_sdio.o(i.SDIO_ITConfig)
    i.SD_ProcessDMAIRQ                       0x080014e8   Section        0  bsp_sdio_sd.o(i.SD_ProcessDMAIRQ)
    i.SD_ProcessIRQSrc                       0x08001510   Section        0  bsp_sdio_sd.o(i.SD_ProcessIRQSrc)
    i.SVC_Handler                            0x080015bc   Section        0  stm32f4xx_it.o(i.SVC_Handler)
    i.SetSysClock                            0x080015c0   Section        0  system_stm32f4xx.o(i.SetSysClock)
    SetSysClock                              0x080015c1   Thumb Code   220  system_stm32f4xx.o(i.SetSysClock)
    i.SysTick_Handler                        0x080016ac   Section        0  stm32f4xx_it.o(i.SysTick_Handler)
    i.SysTick_init                           0x080016b4   Section        0  sys_tick.o(i.SysTick_init)
    i.SystemInit                             0x0800171c   Section        0  system_stm32f4xx.o(i.SystemInit)
    i.TIM2_IRQHandler                        0x08001784   Section        0  stm32f4xx_it.o(i.TIM2_IRQHandler)
    i.TIM_ClearFlag                          0x080017ac   Section        0  stm32f4xx_tim.o(i.TIM_ClearFlag)
    i.TIM_ClearITPendingBit                  0x080017b2   Section        0  stm32f4xx_tim.o(i.TIM_ClearITPendingBit)
    i.TIM_Cmd                                0x080017b8   Section        0  stm32f4xx_tim.o(i.TIM_Cmd)
    i.TIM_GetITStatus                        0x080017d0   Section        0  stm32f4xx_tim.o(i.TIM_GetITStatus)
    i.TIM_ITConfig                           0x080017f2   Section        0  stm32f4xx_tim.o(i.TIM_ITConfig)
    i.TIM_Mode_Config                        0x08001804   Section        0  bsp_general_tim.o(i.TIM_Mode_Config)
    TIM_Mode_Config                          0x08001805   Thumb Code    72  bsp_general_tim.o(i.TIM_Mode_Config)
    i.TIM_TimeBaseInit                       0x0800184c   Section        0  stm32f4xx_tim.o(i.TIM_TimeBaseInit)
    i.TIMx_Configuration                     0x080018d0   Section        0  bsp_general_tim.o(i.TIMx_Configuration)
    i.TIMx_NVIC_Configuration                0x080018dc   Section        0  bsp_general_tim.o(i.TIMx_NVIC_Configuration)
    TIMx_NVIC_Configuration                  0x080018dd   Thumb Code    42  bsp_general_tim.o(i.TIMx_NVIC_Configuration)
    i.URC_data_process                       0x08001908   Section        0  at_parser.o(i.URC_data_process)
    URC_data_process                         0x08001909   Thumb Code    72  at_parser.o(i.URC_data_process)
    i.USART1_IRQHandler                      0x08001954   Section        0  bsp_usart.o(i.USART1_IRQHandler)
    i.USART2_IRQHandler                      0x080019d8   Section        0  bsp_usart.o(i.USART2_IRQHandler)
    i.USART_Cmd                              0x08001a60   Section        0  stm32f4xx_usart.o(i.USART_Cmd)
    i.USART_GetFlagStatus                    0x08001a78   Section        0  stm32f4xx_usart.o(i.USART_GetFlagStatus)
    i.USART_GetITStatus                      0x08001a92   Section        0  stm32f4xx_usart.o(i.USART_GetITStatus)
    i.USART_ITConfig                         0x08001ae6   Section        0  stm32f4xx_usart.o(i.USART_ITConfig)
    i.USART_Init                             0x08001b30   Section        0  stm32f4xx_usart.o(i.USART_Init)
    i.USART_ReceiveData                      0x08001c04   Section        0  stm32f4xx_usart.o(i.USART_ReceiveData)
    i.USART_SendData                         0x08001c0e   Section        0  stm32f4xx_usart.o(i.USART_SendData)
    i.Uptime_Ms                              0x08001c18   Section        0  sys_tick.o(i.Uptime_Ms)
    i.UsageFault_Handler                     0x08001c24   Section        0  stm32f4xx_it.o(i.UsageFault_Handler)
    i.__0printf$2                            0x08001c28   Section        0  printf2.o(i.__0printf$2)
    i.__scatterload_copy                     0x08001c48   Section       14  handlers.o(i.__scatterload_copy)
    i.__scatterload_null                     0x08001c56   Section        2  handlers.o(i.__scatterload_null)
    i.__scatterload_zeroinit                 0x08001c58   Section       14  handlers.o(i.__scatterload_zeroinit)
    i._is_digit                              0x08001c66   Section        0  scanf_fp.o(i._is_digit)
    i._printf_core                           0x08001c74   Section        0  printf2.o(i._printf_core)
    _printf_core                             0x08001c75   Thumb Code   214  printf2.o(i._printf_core)
    i.at_parser_init                         0x08001d4c   Section        0  at_parser.o(i.at_parser_init)
    i.at_resp_get_line                       0x08001d5c   Section        0  at_parser.o(i.at_resp_get_line)
    at_resp_get_line                         0x08001d5d   Thumb Code    32  at_parser.o(i.at_resp_get_line)
    i.at_resp_parse_line_args                0x08001d80   Section        0  at_parser.o(i.at_resp_parse_line_args)
    at_resp_parse_line_args                  0x08001d81   Thumb Code    58  at_parser.o(i.at_resp_parse_line_args)
    i.at_send_cmp_reply                      0x08001ddc   Section        0  at_parser.o(i.at_send_cmp_reply)
    i.at_send_get_repy                       0x08001e34   Section        0  at_parser.o(i.at_send_get_repy)
    i.at_send_with_reply                     0x08001eac   Section        0  at_parser.o(i.at_send_with_reply)
    i.clean_reply                            0x08001f18   Section        0  at_parser.o(i.clean_reply)
    clean_reply                              0x08001f19   Thumb Code    52  at_parser.o(i.clean_reply)
    i.ec20_process                           0x08001f50   Section        0  ec20.o(i.ec20_process)
    i.fputc                                  0x080020c8   Section        0  bsp_usart.o(i.fputc)
    i.main                                   0x080020ec   Section        0  main.o(i.main)
    i.respond_data_process                   0x08002108   Section        0  at_parser.o(i.respond_data_process)
    respond_data_process                     0x08002109   Thumb Code    96  at_parser.o(i.respond_data_process)
    i.timing_delay_decrement                 0x0800216c   Section        0  sys_tick.o(i.timing_delay_decrement)
    i.uart_callback                          0x08002190   Section        0  at_parser.o(i.uart_callback)
    uart_callback                            0x08002191   Thumb Code    30  at_parser.o(i.uart_callback)
    i.usart_init                             0x080021b0   Section        0  bsp_usart.o(i.usart_init)
    i.usart_register                         0x0800230c   Section        0  bsp_usart.o(i.usart_register)
    i.usart_sendbyte                         0x08002328   Section        0  bsp_usart.o(i.usart_sendbyte)
    i.usart_write                            0x08002346   Section        0  bsp_usart.o(i.usart_write)
    i.wait_reply                             0x08002368   Section        0  at_parser.o(i.wait_reply)
    wait_reply                               0x08002369   Thumb Code    62  at_parser.o(i.wait_reply)
    .constdata                               0x080023b0   Section       64  ctype_c.o(.constdata)
    .data                                    0x20000000   Section        1  ec20.o(.data)
    .data                                    0x20000004   Section        4  at_parser.o(.data)
    start_time                               0x20000004   Data           4  at_parser.o(.data)
    .data                                    0x20000008   Section        8  sys_tick.o(.data)
    TimingDelay                              0x20000008   Data           4  sys_tick.o(.data)
    .data                                    0x20000010   Section       24  bsp_sdio_sd.o(.data)
    CardType                                 0x20000010   Data           4  bsp_sdio_sd.o(.data)
    RCA                                      0x20000014   Data           4  bsp_sdio_sd.o(.data)
    .data                                    0x20000028   Section       10  bsp_usart.o(.data)
    rec_len                                  0x20000030   Data           1  bsp_usart.o(.data)
    rec_len                                  0x20000031   Data           1  bsp_usart.o(.data)
    .data                                    0x20000034   Section       20  system_stm32f4xx.o(.data)
    .data                                    0x20000048   Section       16  stm32f4xx_rcc.o(.data)
    APBAHBPrescTable                         0x20000048   Data          16  stm32f4xx_rcc.o(.data)
    .data                                    0x20000058   Section        4  stdout.o(.data)
    .bss                                     0x2000005c   Section      132  at_parser.o(.bss)
    .bss                                     0x200000e0   Section       64  bsp_usart.o(.bss)
    rec_buff                                 0x200000e0   Data          32  bsp_usart.o(.bss)
    rec_buff                                 0x20000100   Data          32  bsp_usart.o(.bss)
    STACK                                    0x20000120   Section     1024  startup_stm32f40_41xxx.o(STACK)

    Global Symbols

    Symbol Name                              Value     Ov Type        Size  Object(Section)

    BuildAttributes$$THM_ISAv4$E$P$D$K$B$S$7EM$VFPi3$EXTD16$VFPS$VFMA$PE$A:L22UL41UL21$X:L11$S22US41US21$IEEE1$IW$USESV6$~STKCKD$USESV7$~SHL$OTIME$ROPI$EBA8$MICROLIB$REQ8$PRES8$EABIv2 0x00000000   Number         0  anon$$obj.o ABSOLUTE
    __ARM_use_no_argv                        0x00000000   Number         0  main.o ABSOLUTE
    _printf_a                                0x00000000   Number         0  stubs.o ABSOLUTE
    _printf_c                                0x00000000   Number         0  stubs.o ABSOLUTE
    _printf_charcount                        0x00000000   Number         0  stubs.o ABSOLUTE
    _printf_d                                0x00000000   Number         0  stubs.o ABSOLUTE
    _printf_e                                0x00000000   Number         0  stubs.o ABSOLUTE
    _printf_f                                0x00000000   Number         0  stubs.o ABSOLUTE
    _printf_flags                            0x00000000   Number         0  stubs.o ABSOLUTE
    _printf_fp_dec                           0x00000000   Number         0  stubs.o ABSOLUTE
    _printf_fp_hex                           0x00000000   Number         0  stubs.o ABSOLUTE
    _printf_g                                0x00000000   Number         0  stubs.o ABSOLUTE
    _printf_i                                0x00000000   Number         0  stubs.o ABSOLUTE
    _printf_int_dec                          0x00000000   Number         0  stubs.o ABSOLUTE
    _printf_l                                0x00000000   Number         0  stubs.o ABSOLUTE
    _printf_lc                               0x00000000   Number         0  stubs.o ABSOLUTE
    _printf_ll                               0x00000000   Number         0  stubs.o ABSOLUTE
    _printf_lld                              0x00000000   Number         0  stubs.o ABSOLUTE
    _printf_lli                              0x00000000   Number         0  stubs.o ABSOLUTE
    _printf_llo                              0x00000000   Number         0  stubs.o ABSOLUTE
    _printf_llu                              0x00000000   Number         0  stubs.o ABSOLUTE
    _printf_llx                              0x00000000   Number         0  stubs.o ABSOLUTE
    _printf_longlong_dec                     0x00000000   Number         0  stubs.o ABSOLUTE
    _printf_longlong_hex                     0x00000000   Number         0  stubs.o ABSOLUTE
    _printf_longlong_oct                     0x00000000   Number         0  stubs.o ABSOLUTE
    _printf_ls                               0x00000000   Number         0  stubs.o ABSOLUTE
    _printf_mbtowc                           0x00000000   Number         0  stubs.o ABSOLUTE
    _printf_n                                0x00000000   Number         0  stubs.o ABSOLUTE
    _printf_o                                0x00000000   Number         0  stubs.o ABSOLUTE
    _printf_p                                0x00000000   Number         0  stubs.o ABSOLUTE
    _printf_percent                          0x00000000   Number         0  stubs.o ABSOLUTE
    _printf_pre_padding                      0x00000000   Number         0  stubs.o ABSOLUTE
    _printf_return_value                     0x00000000   Number         0  stubs.o ABSOLUTE
    _printf_s                                0x00000000   Number         0  stubs.o ABSOLUTE
    _printf_sizespec                         0x00000000   Number         0  stubs.o ABSOLUTE
    _printf_str                              0x00000000   Number         0  stubs.o ABSOLUTE
    _printf_truncate_signed                  0x00000000   Number         0  stubs.o ABSOLUTE
    _printf_truncate_unsigned                0x00000000   Number         0  stubs.o ABSOLUTE
    _printf_u                                0x00000000   Number         0  stubs.o ABSOLUTE
    _printf_wc                               0x00000000   Number         0  stubs.o ABSOLUTE
    _printf_wctomb                           0x00000000   Number         0  stubs.o ABSOLUTE
    _printf_widthprec                        0x00000000   Number         0  stubs.o ABSOLUTE
    _printf_x                                0x00000000   Number         0  stubs.o ABSOLUTE
    __cpp_initialize__aeabi_                  - Undefined Weak Reference
    __cxa_finalize                            - Undefined Weak Reference
    __decompress                              - Undefined Weak Reference
    _clock_init                               - Undefined Weak Reference
    _microlib_exit                            - Undefined Weak Reference
    __Vectors_Size                           0x00000188   Number         0  startup_stm32f40_41xxx.o ABSOLUTE
    __Vectors                                0x08000000   Data           4  startup_stm32f40_41xxx.o(RESET)
    __Vectors_End                            0x08000188   Data           0  startup_stm32f40_41xxx.o(RESET)
    __main                                   0x08000189   Thumb Code     0  entry.o(.ARM.Collect$$$$00000000)
    _main_stk                                0x08000189   Thumb Code     0  entry2.o(.ARM.Collect$$$$00000001)
    _main_scatterload                        0x0800018d   Thumb Code     0  entry5.o(.ARM.Collect$$$$00000004)
    __main_after_scatterload                 0x08000191   Thumb Code     0  entry5.o(.ARM.Collect$$$$00000004)
    _main_clock                              0x08000191   Thumb Code     0  entry7b.o(.ARM.Collect$$$$00000008)
    _main_cpp_init                           0x08000191   Thumb Code     0  entry8b.o(.ARM.Collect$$$$0000000A)
    _main_init                               0x08000191   Thumb Code     0  entry9a.o(.ARM.Collect$$$$0000000B)
    __rt_final_cpp                           0x08000199   Thumb Code     0  entry10a.o(.ARM.Collect$$$$0000000D)
    __rt_final_exit                          0x08000199   Thumb Code     0  entry11a.o(.ARM.Collect$$$$0000000F)
    Reset_Handler                            0x0800019d   Thumb Code     8  startup_stm32f40_41xxx.o(.text)
    ADC_IRQHandler                           0x080001b7   Thumb Code     0  startup_stm32f40_41xxx.o(.text)
    CAN1_RX0_IRQHandler                      0x080001b7   Thumb Code     0  startup_stm32f40_41xxx.o(.text)
    CAN1_RX1_IRQHandler                      0x080001b7   Thumb Code     0  startup_stm32f40_41xxx.o(.text)
    CAN1_SCE_IRQHandler                      0x080001b7   Thumb Code     0  startup_stm32f40_41xxx.o(.text)
    CAN1_TX_IRQHandler                       0x080001b7   Thumb Code     0  startup_stm32f40_41xxx.o(.text)
    CAN2_RX0_IRQHandler                      0x080001b7   Thumb Code     0  startup_stm32f40_41xxx.o(.text)
    CAN2_RX1_IRQHandler                      0x080001b7   Thumb Code     0  startup_stm32f40_41xxx.o(.text)
    CAN2_SCE_IRQHandler                      0x080001b7   Thumb Code     0  startup_stm32f40_41xxx.o(.text)
    CAN2_TX_IRQHandler                       0x080001b7   Thumb Code     0  startup_stm32f40_41xxx.o(.text)
    CRYP_IRQHandler                          0x080001b7   Thumb Code     0  startup_stm32f40_41xxx.o(.text)
    DCMI_IRQHandler                          0x080001b7   Thumb Code     0  startup_stm32f40_41xxx.o(.text)
    DMA1_Stream0_IRQHandler                  0x080001b7   Thumb Code     0  startup_stm32f40_41xxx.o(.text)
    DMA1_Stream1_IRQHandler                  0x080001b7   Thumb Code     0  startup_stm32f40_41xxx.o(.text)
    DMA1_Stream2_IRQHandler                  0x080001b7   Thumb Code     0  startup_stm32f40_41xxx.o(.text)
    DMA1_Stream3_IRQHandler                  0x080001b7   Thumb Code     0  startup_stm32f40_41xxx.o(.text)
    DMA1_Stream4_IRQHandler                  0x080001b7   Thumb Code     0  startup_stm32f40_41xxx.o(.text)
    DMA1_Stream5_IRQHandler                  0x080001b7   Thumb Code     0  startup_stm32f40_41xxx.o(.text)
    DMA1_Stream6_IRQHandler                  0x080001b7   Thumb Code     0  startup_stm32f40_41xxx.o(.text)
    DMA1_Stream7_IRQHandler                  0x080001b7   Thumb Code     0  startup_stm32f40_41xxx.o(.text)
    DMA2_Stream0_IRQHandler                  0x080001b7   Thumb Code     0  startup_stm32f40_41xxx.o(.text)
    DMA2_Stream1_IRQHandler                  0x080001b7   Thumb Code     0  startup_stm32f40_41xxx.o(.text)
    DMA2_Stream2_IRQHandler                  0x080001b7   Thumb Code     0  startup_stm32f40_41xxx.o(.text)
    DMA2_Stream4_IRQHandler                  0x080001b7   Thumb Code     0  startup_stm32f40_41xxx.o(.text)
    DMA2_Stream5_IRQHandler                  0x080001b7   Thumb Code     0  startup_stm32f40_41xxx.o(.text)
    DMA2_Stream6_IRQHandler                  0x080001b7   Thumb Code     0  startup_stm32f40_41xxx.o(.text)
    DMA2_Stream7_IRQHandler                  0x080001b7   Thumb Code     0  startup_stm32f40_41xxx.o(.text)
    ETH_IRQHandler                           0x080001b7   Thumb Code     0  startup_stm32f40_41xxx.o(.text)
    ETH_WKUP_IRQHandler                      0x080001b7   Thumb Code     0  startup_stm32f40_41xxx.o(.text)
    EXTI0_IRQHandler                         0x080001b7   Thumb Code     0  startup_stm32f40_41xxx.o(.text)
    EXTI15_10_IRQHandler                     0x080001b7   Thumb Code     0  startup_stm32f40_41xxx.o(.text)
    EXTI1_IRQHandler                         0x080001b7   Thumb Code     0  startup_stm32f40_41xxx.o(.text)
    EXTI2_IRQHandler                         0x080001b7   Thumb Code     0  startup_stm32f40_41xxx.o(.text)
    EXTI3_IRQHandler                         0x080001b7   Thumb Code     0  startup_stm32f40_41xxx.o(.text)
    EXTI4_IRQHandler                         0x080001b7   Thumb Code     0  startup_stm32f40_41xxx.o(.text)
    EXTI9_5_IRQHandler                       0x080001b7   Thumb Code     0  startup_stm32f40_41xxx.o(.text)
    FLASH_IRQHandler                         0x080001b7   Thumb Code     0  startup_stm32f40_41xxx.o(.text)
    FPU_IRQHandler                           0x080001b7   Thumb Code     0  startup_stm32f40_41xxx.o(.text)
    FSMC_IRQHandler                          0x080001b7   Thumb Code     0  startup_stm32f40_41xxx.o(.text)
    HASH_RNG_IRQHandler                      0x080001b7   Thumb Code     0  startup_stm32f40_41xxx.o(.text)
    I2C1_ER_IRQHandler                       0x080001b7   Thumb Code     0  startup_stm32f40_41xxx.o(.text)
    I2C1_EV_IRQHandler                       0x080001b7   Thumb Code     0  startup_stm32f40_41xxx.o(.text)
    I2C2_ER_IRQHandler                       0x080001b7   Thumb Code     0  startup_stm32f40_41xxx.o(.text)
    I2C2_EV_IRQHandler                       0x080001b7   Thumb Code     0  startup_stm32f40_41xxx.o(.text)
    I2C3_ER_IRQHandler                       0x080001b7   Thumb Code     0  startup_stm32f40_41xxx.o(.text)
    I2C3_EV_IRQHandler                       0x080001b7   Thumb Code     0  startup_stm32f40_41xxx.o(.text)
    OTG_FS_IRQHandler                        0x080001b7   Thumb Code     0  startup_stm32f40_41xxx.o(.text)
    OTG_FS_WKUP_IRQHandler                   0x080001b7   Thumb Code     0  startup_stm32f40_41xxx.o(.text)
    OTG_HS_EP1_IN_IRQHandler                 0x080001b7   Thumb Code     0  startup_stm32f40_41xxx.o(.text)
    OTG_HS_EP1_OUT_IRQHandler                0x080001b7   Thumb Code     0  startup_stm32f40_41xxx.o(.text)
    OTG_HS_IRQHandler                        0x080001b7   Thumb Code     0  startup_stm32f40_41xxx.o(.text)
    OTG_HS_WKUP_IRQHandler                   0x080001b7   Thumb Code     0  startup_stm32f40_41xxx.o(.text)
    PVD_IRQHandler                           0x080001b7   Thumb Code     0  startup_stm32f40_41xxx.o(.text)
    RCC_IRQHandler                           0x080001b7   Thumb Code     0  startup_stm32f40_41xxx.o(.text)
    RTC_Alarm_IRQHandler                     0x080001b7   Thumb Code     0  startup_stm32f40_41xxx.o(.text)
    RTC_WKUP_IRQHandler                      0x080001b7   Thumb Code     0  startup_stm32f40_41xxx.o(.text)
    SPI1_IRQHandler                          0x080001b7   Thumb Code     0  startup_stm32f40_41xxx.o(.text)
    SPI2_IRQHandler                          0x080001b7   Thumb Code     0  startup_stm32f40_41xxx.o(.text)
    SPI3_IRQHandler                          0x080001b7   Thumb Code     0  startup_stm32f40_41xxx.o(.text)
    TAMP_STAMP_IRQHandler                    0x080001b7   Thumb Code     0  startup_stm32f40_41xxx.o(.text)
    TIM1_BRK_TIM9_IRQHandler                 0x080001b7   Thumb Code     0  startup_stm32f40_41xxx.o(.text)
    TIM1_CC_IRQHandler                       0x080001b7   Thumb Code     0  startup_stm32f40_41xxx.o(.text)
    TIM1_TRG_COM_TIM11_IRQHandler            0x080001b7   Thumb Code     0  startup_stm32f40_41xxx.o(.text)
    TIM1_UP_TIM10_IRQHandler                 0x080001b7   Thumb Code     0  startup_stm32f40_41xxx.o(.text)
    TIM3_IRQHandler                          0x080001b7   Thumb Code     0  startup_stm32f40_41xxx.o(.text)
    TIM4_IRQHandler                          0x080001b7   Thumb Code     0  startup_stm32f40_41xxx.o(.text)
    TIM5_IRQHandler                          0x080001b7   Thumb Code     0  startup_stm32f40_41xxx.o(.text)
    TIM6_DAC_IRQHandler                      0x080001b7   Thumb Code     0  startup_stm32f40_41xxx.o(.text)
    TIM7_IRQHandler                          0x080001b7   Thumb Code     0  startup_stm32f40_41xxx.o(.text)
    TIM8_BRK_TIM12_IRQHandler                0x080001b7   Thumb Code     0  startup_stm32f40_41xxx.o(.text)
    TIM8_CC_IRQHandler                       0x080001b7   Thumb Code     0  startup_stm32f40_41xxx.o(.text)
    TIM8_TRG_COM_TIM14_IRQHandler            0x080001b7   Thumb Code     0  startup_stm32f40_41xxx.o(.text)
    TIM8_UP_TIM13_IRQHandler                 0x080001b7   Thumb Code     0  startup_stm32f40_41xxx.o(.text)
    UART4_IRQHandler                         0x080001b7   Thumb Code     0  startup_stm32f40_41xxx.o(.text)
    UART5_IRQHandler                         0x080001b7   Thumb Code     0  startup_stm32f40_41xxx.o(.text)
    USART3_IRQHandler                        0x080001b7   Thumb Code     0  startup_stm32f40_41xxx.o(.text)
    USART6_IRQHandler                        0x080001b7   Thumb Code     0  startup_stm32f40_41xxx.o(.text)
    WWDG_IRQHandler                          0x080001b7   Thumb Code     0  startup_stm32f40_41xxx.o(.text)
    __aeabi_memcpy                           0x080001c1   Thumb Code    36  memcpya.o(.text)
    __aeabi_memcpy4                          0x080001c1   Thumb Code     0  memcpya.o(.text)
    __aeabi_memcpy8                          0x080001c1   Thumb Code     0  memcpya.o(.text)
    __aeabi_memset                           0x080001e5   Thumb Code    14  memseta.o(.text)
    __aeabi_memset4                          0x080001e5   Thumb Code     0  memseta.o(.text)
    __aeabi_memset8                          0x080001e5   Thumb Code     0  memseta.o(.text)
    __aeabi_memclr                           0x080001f3   Thumb Code     4  memseta.o(.text)
    __aeabi_memclr4                          0x080001f3   Thumb Code     0  memseta.o(.text)
    __aeabi_memclr8                          0x080001f3   Thumb Code     0  memseta.o(.text)
    _memset$wrapper                          0x080001f7   Thumb Code    18  memseta.o(.text)
    strlen                                   0x08000209   Thumb Code    14  strlen.o(.text)
    memcmp                                   0x08000217   Thumb Code    26  memcmp.o(.text)
    vsscanf                                  0x08000231   Thumb Code    40  vsscanf.o(.text)
    __aeabi_llsl                             0x08000261   Thumb Code    30  llshl.o(.text)
    _ll_shift_l                              0x08000261   Thumb Code     0  llshl.o(.text)
    __aeabi_llsr                             0x0800027f   Thumb Code    32  llushr.o(.text)
    _ll_ushift_r                             0x0800027f   Thumb Code     0  llushr.o(.text)
    _scanf_longlong                          0x0800029f   Thumb Code   342  _scanf_longlong.o(.text)
    _scanf_int                               0x080003f5   Thumb Code   332  _scanf_int.o(.text)
    _scanf_string                            0x08000541   Thumb Code   224  _scanf_str.o(.text)
    _scanf_real                              0x08000749   Thumb Code     0  scanf_fp.o(.text)
    _scanf_really_real                       0x08000749   Thumb Code   556  scanf_fp.o(.text)
    __vfscanf_char                           0x0800098d   Thumb Code    20  scanf_char.o(.text)
    _sgetc                                   0x080009a9   Thumb Code    30  _sgetc.o(.text)
    _sbackspace                              0x080009c7   Thumb Code    34  _sgetc.o(.text)
    __I$use$fp                               0x080009e9   Thumb Code     0  iusefp.o(.text)
    __aeabi_dmul                             0x080009e9   Thumb Code   228  dmul.o(.text)
    __aeabi_ddiv                             0x08000acd   Thumb Code   222  ddiv.o(.text)
    __scatterload                            0x08000bad   Thumb Code    28  init.o(.text)
    __scatterload_rt2                        0x08000bad   Thumb Code     0  init.o(.text)
    isspace                                  0x08000bd1   Thumb Code    10  isspace_c.o(.text)
    _chval                                   0x08000bdb   Thumb Code    28  _chval.o(.text)
    __vfscanf                                0x08000bf9   Thumb Code   808  _scanf.o(.text)
    _double_round                            0x08000f25   Thumb Code    30  depilogue.o(.text)
    _double_epilogue                         0x08000f43   Thumb Code   156  depilogue.o(.text)
    __aeabi_ul2d                             0x08000fdf   Thumb Code    24  dfltul.o(.text)
    __aeabi_d2f                              0x08000ff7   Thumb Code    56  d2f.o(.text)
    __ctype_lookup                           0x08001031   Thumb Code    34  ctype_c.o(.text)
    _float_round                             0x08001059   Thumb Code    18  fepilogue.o(.text)
    _float_epilogue                          0x0800106b   Thumb Code    92  fepilogue.o(.text)
    BusFault_Handler                         0x080010c7   Thumb Code     4  stm32f4xx_it.o(i.BusFault_Handler)
    DMA2_Stream3_IRQHandler                  0x080010cb   Thumb Code     8  bsp_sdio_sd.o(i.DMA2_Stream3_IRQHandler)
    DMA_ClearFlag                            0x080010d5   Thumb Code    38  stm32f4xx_dma.o(i.DMA_ClearFlag)
    DebugMon_Handler                         0x08001109   Thumb Code     2  stm32f4xx_it.o(i.DebugMon_Handler)
    GPIO_Init                                0x0800110b   Thumb Code   144  stm32f4xx_gpio.o(i.GPIO_Init)
    GPIO_PinAFConfig                         0x0800119b   Thumb Code    70  stm32f4xx_gpio.o(i.GPIO_PinAFConfig)
    GPIO_ResetBits                           0x080011e1   Thumb Code     4  stm32f4xx_gpio.o(i.GPIO_ResetBits)
    HardFault_Handler                        0x080011e5   Thumb Code     4  stm32f4xx_it.o(i.HardFault_Handler)
    LED_GPIO_Config                          0x080011e9   Thumb Code   134  bsp_led.o(i.LED_GPIO_Config)
    MemManage_Handler                        0x0800127d   Thumb Code     4  stm32f4xx_it.o(i.MemManage_Handler)
    NMI_Handler                              0x08001281   Thumb Code     2  stm32f4xx_it.o(i.NMI_Handler)
    NVIC_Init                                0x080012c5   Thumb Code   106  misc.o(i.NVIC_Init)
    NVIC_PriorityGroupConfig                 0x0800133d   Thumb Code    10  misc.o(i.NVIC_PriorityGroupConfig)
    PendSV_Handler                           0x08001351   Thumb Code     2  stm32f4xx_it.o(i.PendSV_Handler)
    RCC_AHB1PeriphClockCmd                   0x08001355   Thumb Code    26  stm32f4xx_rcc.o(i.RCC_AHB1PeriphClockCmd)
    RCC_APB1PeriphClockCmd                   0x08001375   Thumb Code    26  stm32f4xx_rcc.o(i.RCC_APB1PeriphClockCmd)
    RCC_APB2PeriphClockCmd                   0x08001395   Thumb Code    26  stm32f4xx_rcc.o(i.RCC_APB2PeriphClockCmd)
    RCC_GetClocksFreq                        0x080013b5   Thumb Code   214  stm32f4xx_rcc.o(i.RCC_GetClocksFreq)
    SDIO_ClearITPendingBit                   0x0800149d   Thumb Code     6  stm32f4xx_sdio.o(i.SDIO_ClearITPendingBit)
    SDIO_GetITStatus                         0x080014a9   Thumb Code    20  stm32f4xx_sdio.o(i.SDIO_GetITStatus)
    SDIO_IRQHandler                          0x080014c1   Thumb Code     8  bsp_sdio_sd.o(i.SDIO_IRQHandler)
    SDIO_ITConfig                            0x080014c9   Thumb Code    26  stm32f4xx_sdio.o(i.SDIO_ITConfig)
    SD_ProcessDMAIRQ                         0x080014e9   Thumb Code    32  bsp_sdio_sd.o(i.SD_ProcessDMAIRQ)
    SD_ProcessIRQSrc                         0x08001511   Thumb Code   162  bsp_sdio_sd.o(i.SD_ProcessIRQSrc)
    SVC_Handler                              0x080015bd   Thumb Code     2  stm32f4xx_it.o(i.SVC_Handler)
    SysTick_Handler                          0x080016ad   Thumb Code     8  stm32f4xx_it.o(i.SysTick_Handler)
    SysTick_init                             0x080016b5   Thumb Code    90  sys_tick.o(i.SysTick_init)
    SystemInit                               0x0800171d   Thumb Code    88  system_stm32f4xx.o(i.SystemInit)
    TIM2_IRQHandler                          0x08001785   Thumb Code    34  stm32f4xx_it.o(i.TIM2_IRQHandler)
    TIM_ClearFlag                            0x080017ad   Thumb Code     6  stm32f4xx_tim.o(i.TIM_ClearFlag)
    TIM_ClearITPendingBit                    0x080017b3   Thumb Code     6  stm32f4xx_tim.o(i.TIM_ClearITPendingBit)
    TIM_Cmd                                  0x080017b9   Thumb Code    24  stm32f4xx_tim.o(i.TIM_Cmd)
    TIM_GetITStatus                          0x080017d1   Thumb Code    34  stm32f4xx_tim.o(i.TIM_GetITStatus)
    TIM_ITConfig                             0x080017f3   Thumb Code    18  stm32f4xx_tim.o(i.TIM_ITConfig)
    TIM_TimeBaseInit                         0x0800184d   Thumb Code   104  stm32f4xx_tim.o(i.TIM_TimeBaseInit)
    TIMx_Configuration                       0x080018d1   Thumb Code    12  bsp_general_tim.o(i.TIMx_Configuration)
    USART1_IRQHandler                        0x08001955   Thumb Code   112  bsp_usart.o(i.USART1_IRQHandler)
    USART2_IRQHandler                        0x080019d9   Thumb Code   116  bsp_usart.o(i.USART2_IRQHandler)
    USART_Cmd                                0x08001a61   Thumb Code    24  stm32f4xx_usart.o(i.USART_Cmd)
    USART_GetFlagStatus                      0x08001a79   Thumb Code    26  stm32f4xx_usart.o(i.USART_GetFlagStatus)
    USART_GetITStatus                        0x08001a93   Thumb Code    84  stm32f4xx_usart.o(i.USART_GetITStatus)
    USART_ITConfig                           0x08001ae7   Thumb Code    74  stm32f4xx_usart.o(i.USART_ITConfig)
    USART_Init                               0x08001b31   Thumb Code   204  stm32f4xx_usart.o(i.USART_Init)
    USART_ReceiveData                        0x08001c05   Thumb Code    10  stm32f4xx_usart.o(i.USART_ReceiveData)
    USART_SendData                           0x08001c0f   Thumb Code     8  stm32f4xx_usart.o(i.USART_SendData)
    Uptime_Ms                                0x08001c19   Thumb Code     6  sys_tick.o(i.Uptime_Ms)
    UsageFault_Handler                       0x08001c25   Thumb Code     4  stm32f4xx_it.o(i.UsageFault_Handler)
    __0printf$2                              0x08001c29   Thumb Code    22  printf2.o(i.__0printf$2)
    __1printf$2                              0x08001c29   Thumb Code     0  printf2.o(i.__0printf$2)
    __2printf                                0x08001c29   Thumb Code     0  printf2.o(i.__0printf$2)
    __scatterload_copy                       0x08001c49   Thumb Code    14  handlers.o(i.__scatterload_copy)
    __scatterload_null                       0x08001c57   Thumb Code     2  handlers.o(i.__scatterload_null)
    __scatterload_zeroinit                   0x08001c59   Thumb Code    14  handlers.o(i.__scatterload_zeroinit)
    _is_digit                                0x08001c67   Thumb Code    14  scanf_fp.o(i._is_digit)
    at_parser_init                           0x08001d4d   Thumb Code    12  at_parser.o(i.at_parser_init)
    at_send_cmp_reply                        0x08001ddd   Thumb Code    82  at_parser.o(i.at_send_cmp_reply)
    at_send_get_repy                         0x08001e35   Thumb Code   114  at_parser.o(i.at_send_get_repy)
    at_send_with_reply                       0x08001ead   Thumb Code    78  at_parser.o(i.at_send_with_reply)
    ec20_process                             0x08001f51   Thumb Code   212  ec20.o(i.ec20_process)
    fputc                                    0x080020c9   Thumb Code    32  bsp_usart.o(i.fputc)
    main                                     0x080020ed   Thumb Code    28  main.o(i.main)
    timing_delay_decrement                   0x0800216d   Thumb Code    28  sys_tick.o(i.timing_delay_decrement)
    usart_init                               0x080021b1   Thumb Code   330  bsp_usart.o(i.usart_init)
    usart_register                           0x0800230d   Thumb Code    20  bsp_usart.o(i.usart_register)
    usart_sendbyte                           0x08002329   Thumb Code    30  bsp_usart.o(i.usart_sendbyte)
    usart_write                              0x08002347   Thumb Code    32  bsp_usart.o(i.usart_write)
    __ctype_categories                       0x080023b0   Data          64  ctype_c.o(.constdata)
    Region$$Table$$Base                      0x080023f0   Number         0  anon$$obj.o(Region$$Table)
    Region$$Table$$Limit                     0x08002410   Number         0  anon$$obj.o(Region$$Table)
    module_state                             0x20000000   Data           1  ec20.o(.data)
    sys_time                                 0x2000000c   Data           4  sys_tick.o(.data)
    StopCondition                            0x20000018   Data           4  bsp_sdio_sd.o(.data)
    TransferError                            0x2000001c   Data           1  bsp_sdio_sd.o(.data)
    TransferEnd                              0x20000020   Data           4  bsp_sdio_sd.o(.data)
    DMAEndOfTransfer                         0x20000024   Data           4  bsp_sdio_sd.o(.data)
    usart1_callback                          0x20000028   Data           4  bsp_usart.o(.data)
    usart2_callback                          0x2000002c   Data           4  bsp_usart.o(.data)
    SystemCoreClock                          0x20000034   Data           4  system_stm32f4xx.o(.data)
    AHBPrescTable                            0x20000038   Data          16  system_stm32f4xx.o(.data)
    __stdout                                 0x20000058   Data           4  stdout.o(.data)
    respond                                  0x2000005c   Data          98  at_parser.o(.bss)
    URC_table                                0x200000c0   Data          32  at_parser.o(.bss)
    __initial_sp                             0x20000520   Data           0  startup_stm32f40_41xxx.o(STACK)



==============================================================================

Memory Map of the image

  Image Entry point : 0x08000189

  Load Region LR_IROM1 (Base: 0x08000000, Size: 0x0000246c, Max: 0x00080000, ABSOLUTE)

    Execution Region ER_IROM1 (Exec base: 0x08000000, Load base: 0x08000000, Size: 0x00002410, Max: 0x00080000, ABSOLUTE)

    Exec Addr    Load Addr    Size         Type   Attr      Idx    E Section Name        Object

    0x08000000   0x08000000   0x00000188   Data   RO         1259    RESET               startup_stm32f40_41xxx.o
    0x08000188   0x08000188   0x00000000   Code   RO         6091  * .ARM.Collect$$$$00000000  mc_w.l(entry.o)
    0x08000188   0x08000188   0x00000004   Code   RO         6369    .ARM.Collect$$$$00000001  mc_w.l(entry2.o)
    0x0800018c   0x0800018c   0x00000004   Code   RO         6372    .ARM.Collect$$$$00000004  mc_w.l(entry5.o)
    0x08000190   0x08000190   0x00000000   Code   RO         6374    .ARM.Collect$$$$00000008  mc_w.l(entry7b.o)
    0x08000190   0x08000190   0x00000000   Code   RO         6376    .ARM.Collect$$$$0000000A  mc_w.l(entry8b.o)
    0x08000190   0x08000190   0x00000008   Code   RO         6377    .ARM.Collect$$$$0000000B  mc_w.l(entry9a.o)
    0x08000198   0x08000198   0x00000000   Code   RO         6379    .ARM.Collect$$$$0000000D  mc_w.l(entry10a.o)
    0x08000198   0x08000198   0x00000000   Code   RO         6381    .ARM.Collect$$$$0000000F  mc_w.l(entry11a.o)
    0x08000198   0x08000198   0x00000004   Code   RO         6370    .ARM.Collect$$$$00002712  mc_w.l(entry2.o)
    0x0800019c   0x0800019c   0x00000024   Code   RO         1260    .text               startup_stm32f40_41xxx.o
    0x080001c0   0x080001c0   0x00000024   Code   RO         6096    .text               mc_w.l(memcpya.o)
    0x080001e4   0x080001e4   0x00000024   Code   RO         6098    .text               mc_w.l(memseta.o)
    0x08000208   0x08000208   0x0000000e   Code   RO         6100    .text               mc_w.l(strlen.o)
    0x08000216   0x08000216   0x0000001a   Code   RO         6102    .text               mc_w.l(memcmp.o)
    0x08000230   0x08000230   0x00000030   Code   RO         6367    .text               mc_w.l(vsscanf.o)
    0x08000260   0x08000260   0x0000001e   Code   RO         6386    .text               mc_w.l(llshl.o)
    0x0800027e   0x0800027e   0x00000020   Code   RO         6388    .text               mc_w.l(llushr.o)
    0x0800029e   0x0800029e   0x00000156   Code   RO         6390    .text               mc_w.l(_scanf_longlong.o)
    0x080003f4   0x080003f4   0x0000014c   Code   RO         6392    .text               mc_w.l(_scanf_int.o)
    0x08000540   0x08000540   0x000000e0   Code   RO         6394    .text               mc_w.l(_scanf_str.o)
    0x08000620   0x08000620   0x00000360   Code   RO         6396    .text               mc_w.l(scanf_fp.o)
    0x08000980   0x08000980   0x00000028   Code   RO         6400    .text               mc_w.l(scanf_char.o)
    0x080009a8   0x080009a8   0x00000040   Code   RO         6402    .text               mc_w.l(_sgetc.o)
    0x080009e8   0x080009e8   0x00000000   Code   RO         6404    .text               mc_w.l(iusefp.o)
    0x080009e8   0x080009e8   0x000000e4   Code   RO         6407    .text               mf_w.l(dmul.o)
    0x08000acc   0x08000acc   0x000000de   Code   RO         6409    .text               mf_w.l(ddiv.o)
    0x08000baa   0x08000baa   0x00000002   PAD
    0x08000bac   0x08000bac   0x00000024   Code   RO         6415    .text               mc_w.l(init.o)
    0x08000bd0   0x08000bd0   0x0000000a   Code   RO         6419    .text               mc_w.l(isspace_c.o)
    0x08000bda   0x08000bda   0x0000001c   Code   RO         6421    .text               mc_w.l(_chval.o)
    0x08000bf6   0x08000bf6   0x00000002   PAD
    0x08000bf8   0x08000bf8   0x0000032c   Code   RO         6423    .text               mc_w.l(_scanf.o)
    0x08000f24   0x08000f24   0x000000ba   Code   RO         6425    .text               mf_w.l(depilogue.o)
    0x08000fde   0x08000fde   0x00000018   Code   RO         6427    .text               mf_w.l(dfltul.o)
    0x08000ff6   0x08000ff6   0x00000038   Code   RO         6429    .text               mf_w.l(d2f.o)
    0x0800102e   0x0800102e   0x00000002   PAD
    0x08001030   0x08001030   0x00000028   Code   RO         6431    .text               mc_w.l(ctype_c.o)
    0x08001058   0x08001058   0x0000006e   Code   RO         6434    .text               mf_w.l(fepilogue.o)
    0x080010c6   0x080010c6   0x00000004   Code   RO          175    i.BusFault_Handler  stm32f4xx_it.o
    0x080010ca   0x080010ca   0x00000008   Code   RO          928    i.DMA2_Stream3_IRQHandler  bsp_sdio_sd.o
    0x080010d2   0x080010d2   0x00000002   PAD
    0x080010d4   0x080010d4   0x00000034   Code   RO         2360    i.DMA_ClearFlag     stm32f4xx_dma.o
    0x08001108   0x08001108   0x00000002   Code   RO          176    i.DebugMon_Handler  stm32f4xx_it.o
    0x0800110a   0x0800110a   0x00000090   Code   RO         2985    i.GPIO_Init         stm32f4xx_gpio.o
    0x0800119a   0x0800119a   0x00000046   Code   RO         2986    i.GPIO_PinAFConfig  stm32f4xx_gpio.o
    0x080011e0   0x080011e0   0x00000004   Code   RO         2992    i.GPIO_ResetBits    stm32f4xx_gpio.o
    0x080011e4   0x080011e4   0x00000004   Code   RO          177    i.HardFault_Handler  stm32f4xx_it.o
    0x080011e8   0x080011e8   0x00000094   Code   RO          815    i.LED_GPIO_Config   bsp_led.o
    0x0800127c   0x0800127c   0x00000004   Code   RO          178    i.MemManage_Handler  stm32f4xx_it.o
    0x08001280   0x08001280   0x00000002   Code   RO          179    i.NMI_Handler       stm32f4xx_it.o
    0x08001282   0x08001282   0x00000042   Code   RO         1187    i.NVIC_Configuration  bsp_usart.o
    0x080012c4   0x080012c4   0x00000078   Code   RO         1308    i.NVIC_Init         misc.o
    0x0800133c   0x0800133c   0x00000014   Code   RO         1309    i.NVIC_PriorityGroupConfig  misc.o
    0x08001350   0x08001350   0x00000002   Code   RO          180    i.PendSV_Handler    stm32f4xx_it.o
    0x08001352   0x08001352   0x00000002   PAD
    0x08001354   0x08001354   0x00000020   Code   RO         3890    i.RCC_AHB1PeriphClockCmd  stm32f4xx_rcc.o
    0x08001374   0x08001374   0x00000020   Code   RO         3899    i.RCC_APB1PeriphClockCmd  stm32f4xx_rcc.o
    0x08001394   0x08001394   0x00000020   Code   RO         3902    i.RCC_APB2PeriphClockCmd  stm32f4xx_rcc.o
    0x080013b4   0x080013b4   0x000000e8   Code   RO         3911    i.RCC_GetClocksFreq  stm32f4xx_rcc.o
    0x0800149c   0x0800149c   0x0000000c   Code   RO         4825    i.SDIO_ClearITPendingBit  stm32f4xx_sdio.o
    0x080014a8   0x080014a8   0x00000018   Code   RO         4837    i.SDIO_GetITStatus  stm32f4xx_sdio.o
    0x080014c0   0x080014c0   0x00000008   Code   RO          932    i.SDIO_IRQHandler   bsp_sdio_sd.o
    0x080014c8   0x080014c8   0x00000020   Code   RO         4840    i.SDIO_ITConfig     stm32f4xx_sdio.o
    0x080014e8   0x080014e8   0x00000028   Code   RO          951    i.SD_ProcessDMAIRQ  bsp_sdio_sd.o
    0x08001510   0x08001510   0x000000ac   Code   RO          952    i.SD_ProcessIRQSrc  bsp_sdio_sd.o
    0x080015bc   0x080015bc   0x00000002   Code   RO          181    i.SVC_Handler       stm32f4xx_it.o
    0x080015be   0x080015be   0x00000002   PAD
    0x080015c0   0x080015c0   0x000000ec   Code   RO         1267    i.SetSysClock       system_stm32f4xx.o
    0x080016ac   0x080016ac   0x00000008   Code   RO          182    i.SysTick_Handler   stm32f4xx_it.o
    0x080016b4   0x080016b4   0x00000068   Code   RO          873    i.SysTick_init      sys_tick.o
    0x0800171c   0x0800171c   0x00000068   Code   RO         1269    i.SystemInit        system_stm32f4xx.o
    0x08001784   0x08001784   0x00000028   Code   RO          183    i.TIM2_IRQHandler   stm32f4xx_it.o
    0x080017ac   0x080017ac   0x00000006   Code   RO         5280    i.TIM_ClearFlag     stm32f4xx_tim.o
    0x080017b2   0x080017b2   0x00000006   Code   RO         5281    i.TIM_ClearITPendingBit  stm32f4xx_tim.o
    0x080017b8   0x080017b8   0x00000018   Code   RO         5286    i.TIM_Cmd           stm32f4xx_tim.o
    0x080017d0   0x080017d0   0x00000022   Code   RO         5307    i.TIM_GetITStatus   stm32f4xx_tim.o
    0x080017f2   0x080017f2   0x00000012   Code   RO         5311    i.TIM_ITConfig      stm32f4xx_tim.o
    0x08001804   0x08001804   0x00000048   Code   RO          839    i.TIM_Mode_Config   bsp_general_tim.o
    0x0800184c   0x0800184c   0x00000084   Code   RO         5358    i.TIM_TimeBaseInit  stm32f4xx_tim.o
    0x080018d0   0x080018d0   0x0000000c   Code   RO          840    i.TIMx_Configuration  bsp_general_tim.o
    0x080018dc   0x080018dc   0x0000002a   Code   RO          841    i.TIMx_NVIC_Configuration  bsp_general_tim.o
    0x08001906   0x08001906   0x00000002   PAD
    0x08001908   0x08001908   0x0000004c   Code   RO          326    i.URC_data_process  at_parser.o
    0x08001954   0x08001954   0x00000084   Code   RO         1188    i.USART1_IRQHandler  bsp_usart.o
    0x080019d8   0x080019d8   0x00000088   Code   RO         1189    i.USART2_IRQHandler  bsp_usart.o
    0x08001a60   0x08001a60   0x00000018   Code   RO         5840    i.USART_Cmd         stm32f4xx_usart.o
    0x08001a78   0x08001a78   0x0000001a   Code   RO         5843    i.USART_GetFlagStatus  stm32f4xx_usart.o
    0x08001a92   0x08001a92   0x00000054   Code   RO         5844    i.USART_GetITStatus  stm32f4xx_usart.o
    0x08001ae6   0x08001ae6   0x0000004a   Code   RO         5846    i.USART_ITConfig    stm32f4xx_usart.o
    0x08001b30   0x08001b30   0x000000d4   Code   RO         5847    i.USART_Init        stm32f4xx_usart.o
    0x08001c04   0x08001c04   0x0000000a   Code   RO         5854    i.USART_ReceiveData  stm32f4xx_usart.o
    0x08001c0e   0x08001c0e   0x00000008   Code   RO         5857    i.USART_SendData    stm32f4xx_usart.o
    0x08001c16   0x08001c16   0x00000002   PAD
    0x08001c18   0x08001c18   0x0000000c   Code   RO          874    i.Uptime_Ms         sys_tick.o
    0x08001c24   0x08001c24   0x00000004   Code   RO          184    i.UsageFault_Handler  stm32f4xx_it.o
    0x08001c28   0x08001c28   0x00000020   Code   RO         6173    i.__0printf$2       mc_w.l(printf2.o)
    0x08001c48   0x08001c48   0x0000000e   Code   RO         6438    i.__scatterload_copy  mc_w.l(handlers.o)
    0x08001c56   0x08001c56   0x00000002   Code   RO         6439    i.__scatterload_null  mc_w.l(handlers.o)
    0x08001c58   0x08001c58   0x0000000e   Code   RO         6440    i.__scatterload_zeroinit  mc_w.l(handlers.o)
    0x08001c66   0x08001c66   0x0000000e   Code   RO         6398    i._is_digit         mc_w.l(scanf_fp.o)
    0x08001c74   0x08001c74   0x000000d6   Code   RO         6180    i._printf_core      mc_w.l(printf2.o)
    0x08001d4a   0x08001d4a   0x00000002   PAD
    0x08001d4c   0x08001d4c   0x00000010   Code   RO          327    i.at_parser_init    at_parser.o
    0x08001d5c   0x08001d5c   0x00000024   Code   RO          329    i.at_resp_get_line  at_parser.o
    0x08001d80   0x08001d80   0x0000005c   Code   RO          330    i.at_resp_parse_line_args  at_parser.o
    0x08001ddc   0x08001ddc   0x00000058   Code   RO          331    i.at_send_cmp_reply  at_parser.o
    0x08001e34   0x08001e34   0x00000078   Code   RO          332    i.at_send_get_repy  at_parser.o
    0x08001eac   0x08001eac   0x0000006c   Code   RO          333    i.at_send_with_reply  at_parser.o
    0x08001f18   0x08001f18   0x00000038   Code   RO          336    i.clean_reply       at_parser.o
    0x08001f50   0x08001f50   0x00000178   Code   RO          257    i.ec20_process      ec20.o
    0x080020c8   0x080020c8   0x00000024   Code   RO         1190    i.fputc             bsp_usart.o
    0x080020ec   0x080020ec   0x0000001c   Code   RO            4    i.main              main.o
    0x08002108   0x08002108   0x00000064   Code   RO          338    i.respond_data_process  at_parser.o
    0x0800216c   0x0800216c   0x00000024   Code   RO          876    i.timing_delay_decrement  sys_tick.o
    0x08002190   0x08002190   0x0000001e   Code   RO          339    i.uart_callback     at_parser.o
    0x080021ae   0x080021ae   0x00000002   PAD
    0x080021b0   0x080021b0   0x0000015c   Code   RO         1191    i.usart_init        bsp_usart.o
    0x0800230c   0x0800230c   0x0000001c   Code   RO         1192    i.usart_register    bsp_usart.o
    0x08002328   0x08002328   0x0000001e   Code   RO         1193    i.usart_sendbyte    bsp_usart.o
    0x08002346   0x08002346   0x00000020   Code   RO         1194    i.usart_write       bsp_usart.o
    0x08002366   0x08002366   0x00000002   PAD
    0x08002368   0x08002368   0x00000048   Code   RO          340    i.wait_reply        at_parser.o
    0x080023b0   0x080023b0   0x00000040   Data   RO         6432    .constdata          mc_w.l(ctype_c.o)
    0x080023f0   0x080023f0   0x00000020   Data   RO         6436    Region$$Table       anon$$obj.o


    Execution Region RW_IRAM1 (Exec base: 0x20000000, Load base: 0x08002410, Size: 0x00000520, Max: 0x00020000, ABSOLUTE)

    Exec Addr    Load Addr    Size         Type   Attr      Idx    E Section Name        Object

    0x20000000   0x08002410   0x00000001   Data   RW          262    .data               ec20.o
    0x20000001   0x08002411   0x00000003   PAD
    0x20000004   0x08002414   0x00000004   Data   RW          342    .data               at_parser.o
    0x20000008   0x08002418   0x00000008   Data   RW          877    .data               sys_tick.o
    0x20000010   0x08002420   0x00000018   Data   RW          965    .data               bsp_sdio_sd.o
    0x20000028   0x08002438   0x0000000a   Data   RW         1196    .data               bsp_usart.o
    0x20000032   0x08002442   0x00000002   PAD
    0x20000034   0x08002444   0x00000014   Data   RW         1270    .data               system_stm32f4xx.o
    0x20000048   0x08002458   0x00000010   Data   RW         3943    .data               stm32f4xx_rcc.o
    0x20000058   0x08002468   0x00000004   Data   RW         6383    .data               mc_w.l(stdout.o)
    0x2000005c        -       0x00000084   Zero   RW          341    .bss                at_parser.o
    0x200000e0        -       0x00000040   Zero   RW         1195    .bss                bsp_usart.o
    0x20000120        -       0x00000400   Zero   RW         1257    STACK               startup_stm32f40_41xxx.o


==============================================================================

Image component sizes


      Code (inc. data)   RO Data    RW Data    ZI Data      Debug   Object Name

       794        106          0          4        132       8697   at_parser.o
       126          0          0          0          0       1625   bsp_general_tim.o
       148         14          0          0          0        626   bsp_led.o
       228         18          0         24          0       6100   bsp_sdio_sd.o
       808         70          0         10         64       7111   bsp_usart.o
         0          0          0          0          0       5820   diskio.o
       376        164          0          1          0        926   ec20.o
        28          0          0          0          0     313791   main.o
       140         24          0          0          0       1919   misc.o
        36          8        392          0       1024        956   startup_stm32f40_41xxx.o
        52         14          0          0          0       2108   stm32f4xx_dma.o
       218          0          0          0          0       2784   stm32f4xx_gpio.o
        72          6          0          0          0       4896   stm32f4xx_it.o
       328         36          0         16          0       5191   stm32f4xx_rcc.o
        68         16          0          0          0       1928   stm32f4xx_sdio.o
       220         28          0          0          0       4906   stm32f4xx_tim.o
       438          8          0          0          0       6229   stm32f4xx_usart.o
       152         28          0          8          0      28846   sys_tick.o
       340         32          0         20          0       2373   system_stm32f4xx.o

    ----------------------------------------------------------------------
      4586        572        424         88       1220     406832   Object Totals
         0          0         32          0          0          0   (incl. Generated)
        14          0          0          5          0          0   (incl. Padding)

    ----------------------------------------------------------------------

      Code (inc. data)   RO Data    RW Data    ZI Data      Debug   Library Member Name

        28          0          0          0          0         68   _chval.o
       812          4          0          0          0        112   _scanf.o
       332          0          0          0          0         96   _scanf_int.o
       342          0          0          0          0        100   _scanf_longlong.o
       224          0          0          0          0         96   _scanf_str.o
        64          0          0          0          0         84   _sgetc.o
        40          6         64          0          0         68   ctype_c.o
         0          0          0          0          0          0   entry.o
         0          0          0          0          0          0   entry10a.o
         0          0          0          0          0          0   entry11a.o
         8          4          0          0          0          0   entry2.o
         4          0          0          0          0          0   entry5.o
         0          0          0          0          0          0   entry7b.o
         0          0          0          0          0          0   entry8b.o
         8          4          0          0          0          0   entry9a.o
        30          0          0          0          0          0   handlers.o
        36          8          0          0          0         68   init.o
        10          0          0          0          0         68   isspace_c.o
         0          0          0          0          0          0   iusefp.o
        30          0          0          0          0         68   llshl.o
        32          0          0          0          0         68   llushr.o
        26          0          0          0          0         80   memcmp.o
        36          0          0          0          0         68   memcpya.o
        36          0          0          0          0        108   memseta.o
       246         10          0          0          0        176   printf2.o
        40          8          0          0          0         84   scanf_char.o
       878         12          0          0          0        216   scanf_fp.o
         0          0          0          4          0          0   stdout.o
        14          0          0          0          0         68   strlen.o
        48          8          0          0          0         80   vsscanf.o
        56          0          0          0          0         88   d2f.o
       222          0          0          0          0        100   ddiv.o
       186          0          0          0          0        176   depilogue.o
        24          0          0          0          0         76   dfltul.o
       228          0          0          0          0         96   dmul.o
       110          0          0          0          0        168   fepilogue.o

    ----------------------------------------------------------------------
      4158         64         64          4          0       2480   Library Totals
         8          0          0          0          0          0   (incl. Padding)

    ----------------------------------------------------------------------

      Code (inc. data)   RO Data    RW Data    ZI Data      Debug   Library Name

      3324         64         64          4          0       1776   mc_w.l
       826          0          0          0          0        704   mf_w.l

    ----------------------------------------------------------------------
      4158         64         64          4          0       2480   Library Totals

    ----------------------------------------------------------------------

==============================================================================


      Code (inc. data)   RO Data    RW Data    ZI Data      Debug   

      8744        636        488         92       1220     401868   Grand Totals
      8744        636        488         92       1220     401868   ELF Image Totals
      8744        636        488         92          0          0   ROM Totals

==============================================================================

    Total RO  Size (Code + RO Data)                 9232 (   9.02kB)
    Total RW  Size (RW Data + ZI Data)              1312 (   1.28kB)
    Total ROM Size (Code + RO Data + RW Data)       9324 (   9.11kB)

==============================================================================

