Component: ARM Compiler 5.06 update 6 (build 750) Tool: armlink [4d35ed]

==============================================================================

Section Cross References

    main.o(i.main) refers to sys_tick.o(i.SysTick_init) for SysTick_init
    main.o(i.main) refers to bsp_led.o(i.LED_GPIO_Config) for LED_GPIO_Config
    main.o(i.main) refers to bsp_general_tim.o(i.TIMx_Configuration) for TIMx_Configuration
    main.o(i.main) refers to bsp_usart.o(i.usart_init) for usart_init
    main.o(i.main) refers to ec20.o(i.ec20_init) for ec20_init
    main.o(i.main) refers to ec20.o(i.ec20_process) for ec20_process
    stm32f4xx_it.o(i.SysTick_Handler) refers to sys_tick.o(i.timing_delay_decrement) for timing_delay_decrement
    stm32f4xx_it.o(i.TIM2_IRQHandler) refers to stm32f4xx_tim.o(i.TIM_GetITStatus) for TIM_GetITStatus
    stm32f4xx_it.o(i.TIM2_IRQHandler) refers to stm32f4xx_tim.o(i.TIM_ClearITPendingBit) for TIM_ClearITPendingBit
    ec20.o(i.AT_CPIN_CMD) refers to memseta.o(.text) for __aeabi_memclr4
    ec20.o(i.AT_CPIN_CMD) refers to at_parser.o(i.at_send_get_repy) for at_send_get_repy
    ec20.o(i.AT_CPIN_CMD) refers to strstr.o(.text) for strstr
    ec20.o(i.AT_CPIN_HOOK) refers to at_producer.o(i.at_cmd_start) for at_cmd_start
    ec20.o(i.AT_CPIN_HOOK) refers to ec20.o(.data) for CREG_handle
    ec20.o(i.AT_CREG_CMD) refers to memseta.o(.text) for __aeabi_memclr4
    ec20.o(i.AT_CREG_CMD) refers to at_parser.o(i.at_send_get_repy) for at_send_get_repy
    ec20.o(i.AT_CREG_CMD) refers to atoi.o(.text) for atoi
    ec20.o(i.AT_CREG_HOOK) refers to at_producer.o(i.at_cmd_start) for at_cmd_start
    ec20.o(i.AT_CREG_HOOK) refers to ec20.o(.data) for QISTATE_handle
    ec20.o(i.AT_QICLOSE_CMD) refers to at_parser.o(i.at_send_cmp_reply) for at_send_cmp_reply
    ec20.o(i.AT_QICLOSE_HOOK) refers to at_producer.o(i.at_cmd_start) for at_cmd_start
    ec20.o(i.AT_QICLOSE_HOOK) refers to ec20.o(.data) for QISTATE_handle
    ec20.o(i.AT_QIOPEN_CMD) refers to at_parser.o(i.at_send_cmp_reply) for at_send_cmp_reply
    ec20.o(i.AT_QIOPEN_HOOK) refers to at_producer.o(i.at_cmd_start) for at_cmd_start
    ec20.o(i.AT_QIOPEN_HOOK) refers to ec20.o(.data) for AT_handle
    ec20.o(i.AT_QISEND) refers to memseta.o(.text) for __aeabi_memclr4
    ec20.o(i.AT_QISEND) refers to strcpy.o(.text) for strcpy
    ec20.o(i.AT_QISEND) refers to at_parser.o(i.at_send_cmp_reply) for at_send_cmp_reply
    ec20.o(i.AT_QISEND) refers to at_producer.o(i.at_cmd_start) for at_cmd_start
    ec20.o(i.AT_QISEND) refers to ec20.o(.data) for tcp_conected
    ec20.o(i.AT_QISTATE_CMD) refers to at_parser.o(i.at_send_cmp_reply) for at_send_cmp_reply
    ec20.o(i.AT_QISTATE_HOOK) refers to at_producer.o(i.at_cmd_start) for at_cmd_start
    ec20.o(i.AT_QISTATE_HOOK) refers to ec20.o(.data) for QIOPEN_handle
    ec20.o(i.AT_START) refers to at_parser.o(i.at_send_cmp_reply) for at_send_cmp_reply
    ec20.o(i.AT_START_HOOK) refers to at_producer.o(i.at_cmd_start) for at_cmd_start
    ec20.o(i.AT_START_HOOK) refers to printf2.o(i.__0printf$2) for __2printf
    ec20.o(i.AT_START_HOOK) refers to ec20.o(.data) for CPIN_handle
    ec20.o(i.at_cmd_init) refers to at_producer.o(i.cmd_register) for cmd_register
    ec20.o(i.at_cmd_init) refers to at_producer.o(i.at_cmd_start) for at_cmd_start
    ec20.o(i.at_cmd_init) refers to ec20.o(i.AT_START_HOOK) for AT_START_HOOK
    ec20.o(i.at_cmd_init) refers to ec20.o(i.AT_START) for AT_START
    ec20.o(i.at_cmd_init) refers to ec20.o(.data) for AT_handle
    ec20.o(i.at_cmd_init) refers to ec20.o(i.AT_CPIN_HOOK) for AT_CPIN_HOOK
    ec20.o(i.at_cmd_init) refers to ec20.o(i.AT_CPIN_CMD) for AT_CPIN_CMD
    ec20.o(i.at_cmd_init) refers to ec20.o(i.AT_CREG_HOOK) for AT_CREG_HOOK
    ec20.o(i.at_cmd_init) refers to ec20.o(i.AT_CREG_CMD) for AT_CREG_CMD
    ec20.o(i.at_cmd_init) refers to ec20.o(i.AT_QISTATE_HOOK) for AT_QISTATE_HOOK
    ec20.o(i.at_cmd_init) refers to ec20.o(i.AT_QISTATE_CMD) for AT_QISTATE_CMD
    ec20.o(i.at_cmd_init) refers to ec20.o(i.AT_QIOPEN_HOOK) for AT_QIOPEN_HOOK
    ec20.o(i.at_cmd_init) refers to ec20.o(i.AT_QIOPEN_CMD) for AT_QIOPEN_CMD
    ec20.o(i.at_cmd_init) refers to ec20.o(i.AT_QICLOSE_HOOK) for AT_QICLOSE_HOOK
    ec20.o(i.at_cmd_init) refers to ec20.o(i.AT_QICLOSE_CMD) for AT_QICLOSE_CMD
    ec20.o(i.check_tcp_state) refers to atoi.o(.text) for atoi
    ec20.o(i.check_tcp_state) refers to at_producer.o(i.at_cmd_start) for at_cmd_start
    ec20.o(i.check_tcp_state) refers to ec20.o(.data) for tcp_conected
    ec20.o(i.ec20_init) refers to at_parser.o(i.at_parser_init) for at_parser_init
    ec20.o(i.ec20_init) refers to ec20.o(i.at_cmd_init) for at_cmd_init
    ec20.o(i.ec20_init) refers to at_parser.o(i.at_register_urc) for at_register_urc
    ec20.o(i.ec20_init) refers to ec20.o(i.urc_start_recieve) for urc_start_recieve
    ec20.o(i.ec20_init) refers to ec20.o(i.urc_disconnected_deal) for urc_disconnected_deal
[...]
    Removing stm32f4xx_spi.o(i.SPI_GetCRCPolynomial), (6 bytes).
    Removing stm32f4xx_spi.o(i.SPI_I2S_ClearFlag), (6 bytes).
    Removing stm32f4xx_spi.o(i.SPI_I2S_ClearITPendingBit), (20 bytes).
    Removing stm32f4xx_spi.o(i.SPI_I2S_DMACmd), (18 bytes).
    Removing stm32f4xx_spi.o(i.SPI_I2S_DeInit), (176 bytes).
    Removing stm32f4xx_spi.o(i.SPI_I2S_GetFlagStatus), (18 bytes).
    Removing stm32f4xx_spi.o(i.SPI_I2S_GetITStatus), (52 bytes).
    Removing stm32f4xx_spi.o(i.SPI_I2S_ITConfig), (32 bytes).
    Removing stm32f4xx_spi.o(i.SPI_I2S_ReceiveData), (6 bytes).
    Removing stm32f4xx_spi.o(i.SPI_I2S_SendData), (4 bytes).
    Removing stm32f4xx_spi.o(i.SPI_Init), (60 bytes).
    Removing stm32f4xx_spi.o(i.SPI_NSSInternalSoftwareConfig), (30 bytes).
    Removing stm32f4xx_spi.o(i.SPI_SSOutputCmd), (24 bytes).
    Removing stm32f4xx_spi.o(i.SPI_StructInit), (24 bytes).
    Removing stm32f4xx_spi.o(i.SPI_TIModeCmd), (24 bytes).
    Removing stm32f4xx_spi.o(i.SPI_TransmitCRC), (10 bytes).
    Removing stm32f4xx_syscfg.o(.rev16_text), (4 bytes).
    Removing stm32f4xx_syscfg.o(.revsh_text), (4 bytes).
    Removing stm32f4xx_syscfg.o(.rrx_text), (6 bytes).
    Removing stm32f4xx_syscfg.o(i.SYSCFG_CompensationCellCmd), (12 bytes).
    Removing stm32f4xx_syscfg.o(i.SYSCFG_DeInit), (22 bytes).
    Removing stm32f4xx_syscfg.o(i.SYSCFG_ETH_MediaInterfaceConfig), (12 bytes).
    Removing stm32f4xx_syscfg.o(i.SYSCFG_EXTILineConfig), (64 bytes).
    Removing stm32f4xx_syscfg.o(i.SYSCFG_GetCompensationCellStatus), (24 bytes).
    Removing stm32f4xx_syscfg.o(i.SYSCFG_MemoryRemapConfig), (12 bytes).
    Removing stm32f4xx_syscfg.o(i.SYSCFG_MemorySwappingBank), (12 bytes).
    Removing stm32f4xx_tim.o(.rev16_text), (4 bytes).
    Removing stm32f4xx_tim.o(.revsh_text), (4 bytes).
    Removing stm32f4xx_tim.o(.rrx_text), (6 bytes).
    Removing stm32f4xx_tim.o(i.TI1_Config), (58 bytes).
    Removing stm32f4xx_tim.o(i.TI2_Config), (80 bytes).
    Removing stm32f4xx_tim.o(i.TI3_Config), (72 bytes).
    Removing stm32f4xx_tim.o(i.TI4_Config), (80 bytes).
    Removing stm32f4xx_tim.o(i.TIM_ARRPreloadConfig), (24 bytes).
    Removing stm32f4xx_tim.o(i.TIM_BDTRConfig), (32 bytes).
    Removing stm32f4xx_tim.o(i.TIM_BDTRStructInit), (18 bytes).
    Removing stm32f4xx_tim.o(i.TIM_CCPreloadControl), (24 bytes).
    Removing stm32f4xx_tim.o(i.TIM_CCxCmd), (30 bytes).
    Removing stm32f4xx_tim.o(i.TIM_CCxNCmd), (30 bytes).
    Removing stm32f4xx_tim.o(i.TIM_ClearOC1Ref), (18 bytes).
    Removing stm32f4xx_tim.o(i.TIM_ClearOC2Ref), (24 bytes).
    Removing stm32f4xx_tim.o(i.TIM_ClearOC3Ref), (18 bytes).
    Removing stm32f4xx_tim.o(i.TIM_ClearOC4Ref), (24 bytes).
    Removing stm32f4xx_tim.o(i.TIM_CounterModeConfig), (18 bytes).
    Removing stm32f4xx_tim.o(i.TIM_CtrlPWMOutputs), (30 bytes).
    Removing stm32f4xx_tim.o(i.TIM_DMACmd), (18 bytes).
    Removing stm32f4xx_tim.o(i.TIM_DMAConfig), (10 bytes).
    Removing stm32f4xx_tim.o(i.TIM_DeInit), (400 bytes).
    Removing stm32f4xx_tim.o(i.TIM_ETRClockMode1Config), (54 bytes).
    Removing stm32f4xx_tim.o(i.TIM_ETRClockMode2Config), (32 bytes).
    Removing stm32f4xx_tim.o(i.TIM_ETRConfig), (28 bytes).
    Removing stm32f4xx_tim.o(i.TIM_EncoderInterfaceConfig), (66 bytes).
    Removing stm32f4xx_tim.o(i.TIM_ForcedOC1Config), (18 bytes).
    Removing stm32f4xx_tim.o(i.TIM_ForcedOC2Config), (26 bytes).
    Removing stm32f4xx_tim.o(i.TIM_ForcedOC3Config), (18 bytes).
    Removing stm32f4xx_tim.o(i.TIM_ForcedOC4Config), (26 bytes).
    Removing stm32f4xx_tim.o(i.TIM_GenerateEvent), (4 bytes).
    Removing stm32f4xx_tim.o(i.TIM_GetCapture1), (6 bytes).
    Removing stm32f4xx_tim.o(i.TIM_GetCapture2), (6 bytes).
    Removing stm32f4xx_tim.o(i.TIM_GetCapture3), (6 bytes).
    Removing stm32f4xx_tim.o(i.TIM_GetCapture4), (6 bytes).
    Removing stm32f4xx_tim.o(i.TIM_GetCounter), (6 bytes).
    Removing stm32f4xx_tim.o(i.TIM_GetFlagStatus), (18 bytes).
    Removing stm32f4xx_tim.o(i.TIM_GetPrescaler), (6 bytes).
    Removing stm32f4xx_tim.o(i.TIM_ICInit), (110 bytes).
    Removing stm32f4xx_tim.o(i.TIM_ICStructInit), (18 bytes).
    Removing stm32f4xx_tim.o(i.TIM_ITRxExternalClockConfig), (24 bytes).
    Removing stm32f4xx_tim.o(i.TIM_InternalClockConfig), (12 bytes).
    Removing stm32f4xx_tim.o(i.TIM_OC1FastConfig), (18 bytes).
    Removing stm32f4xx_tim.o(i.TIM_OC1Init), (124 bytes).
    Removing stm32f4xx_tim.o(i.TIM_OC1NPolarityConfig), (18 bytes).
    Removing stm32f4xx_tim.o(i.TIM_OC1PolarityConfig), (18 bytes).
    Removing stm32f4xx_tim.o(i.TIM_OC1PreloadConfig), (18 bytes).
    Removing stm32f4xx_tim.o(i.TIM_OC2FastConfig), (26 bytes).
    Removing stm32f4xx_tim.o(i.TIM_OC2Init), (164 bytes).
    Removing stm32f4xx_tim.o(i.TIM_OC2NPolarityConfig), (26 bytes).
    Removing stm32f4xx_tim.o(i.TIM_OC2PolarityConfig), (26 bytes).
    Removing stm32f4xx_tim.o(i.TIM_OC2PreloadConfig), (26 bytes).
    Removing stm32f4xx_tim.o(i.TIM_OC3FastConfig), (18 bytes).
    Removing stm32f4xx_tim.o(i.TIM_OC3Init), (160 bytes).
    Removing stm32f4xx_tim.o(i.TIM_OC3NPolarityConfig), (26 bytes).
    Removing stm32f4xx_tim.o(i.TIM_OC3PolarityConfig), (26 bytes).
    Removing stm32f4xx_tim.o(i.TIM_OC3PreloadConfig), (18 bytes).
    Removing stm32f4xx_tim.o(i.TIM_OC4FastConfig), (26 bytes).
    Removing stm32f4xx_tim.o(i.TIM_OC4Init), (120 bytes).
    Removing stm32f4xx_tim.o(i.TIM_OC4PolarityConfig), (26 bytes).
    Removing stm32f4xx_tim.o(i.TIM_OC4PreloadConfig), (26 bytes).
    Removing stm32f4xx_tim.o(i.TIM_OCStructInit), (20 bytes).
    Removing stm32f4xx_tim.o(i.TIM_PWMIConfig), (124 bytes).
    Removing stm32f4xx_tim.o(i.TIM_PrescalerConfig), (6 bytes).
    Removing stm32f4xx_tim.o(i.TIM_RemapConfig), (6 bytes).
    Removing stm32f4xx_tim.o(i.TIM_SelectCCDMA), (24 bytes).
    Removing stm32f4xx_tim.o(i.TIM_SelectCOM), (24 bytes).
    Removing stm32f4xx_tim.o(i.TIM_SelectHallSensor), (24 bytes).
    Removing stm32f4xx_tim.o(i.TIM_SelectInputTrigger), (18 bytes).
    Removing stm32f4xx_tim.o(i.TIM_SelectMasterSlaveMode), (18 bytes).
    Removing stm32f4xx_tim.o(i.TIM_SelectOCxM), (86 bytes).
    Removing stm32f4xx_tim.o(i.TIM_SelectOnePulseMode), (18 bytes).
    Removing stm32f4xx_tim.o(i.TIM_SelectOutputTrigger), (18 bytes).
    Removing stm32f4xx_tim.o(i.TIM_SelectSlaveMode), (18 bytes).
    Removing stm32f4xx_tim.o(i.TIM_SetAutoreload), (4 bytes).
    Removing stm32f4xx_tim.o(i.TIM_SetClockDivision), (18 bytes).
    Removing stm32f4xx_tim.o(i.TIM_SetCompare1), (4 bytes).
    Removing stm32f4xx_tim.o(i.TIM_SetCompare2), (4 bytes).
    Removing stm32f4xx_tim.o(i.TIM_SetCompare3), (4 bytes).
    Removing stm32f4xx_tim.o(i.TIM_SetCompare4), (4 bytes).
    Removing stm32f4xx_tim.o(i.TIM_SetCounter), (4 bytes).
    Removing stm32f4xx_tim.o(i.TIM_SetIC1Prescaler), (18 bytes).
    Removing stm32f4xx_tim.o(i.TIM_SetIC2Prescaler), (26 bytes).
    Removing stm32f4xx_tim.o(i.TIM_SetIC3Prescaler), (18 bytes).
    Removing stm32f4xx_tim.o(i.TIM_SetIC4Prescaler), (26 bytes).
    Removing stm32f4xx_tim.o(i.TIM_TIxExternalClockConfig), (62 bytes).
    Removing stm32f4xx_tim.o(i.TIM_TimeBaseStructInit), (18 bytes).
    Removing stm32f4xx_tim.o(i.TIM_UpdateDisableConfig), (24 bytes).
    Removing stm32f4xx_tim.o(i.TIM_UpdateRequestConfig), (24 bytes).
    Removing stm32f4xx_usart.o(.rev16_text), (4 bytes).
    Removing stm32f4xx_usart.o(.revsh_text), (4 bytes).
    Removing stm32f4xx_usart.o(.rrx_text), (6 bytes).
    Removing stm32f4xx_usart.o(i.USART_ClearFlag), (18 bytes).
    Removing stm32f4xx_usart.o(i.USART_ClearITPendingBit), (30 bytes).
    Removing stm32f4xx_usart.o(i.USART_ClockInit), (32 bytes).
    Removing stm32f4xx_usart.o(i.USART_ClockStructInit), (12 bytes).
    Removing stm32f4xx_usart.o(i.USART_DMACmd), (18 bytes).
    Removing stm32f4xx_usart.o(i.USART_DeInit), (240 bytes).
    Removing stm32f4xx_usart.o(i.USART_HalfDuplexCmd), (24 bytes).
    Removing stm32f4xx_usart.o(i.USART_IrDACmd), (24 bytes).
    Removing stm32f4xx_usart.o(i.USART_IrDAConfig), (18 bytes).
    Removing stm32f4xx_usart.o(i.USART_LINBreakDetectLengthConfig), (18 bytes).
    Removing stm32f4xx_usart.o(i.USART_LINCmd), (24 bytes).
    Removing stm32f4xx_usart.o(i.USART_OneBitMethodCmd), (24 bytes).
    Removing stm32f4xx_usart.o(i.USART_OverSampling8Cmd), (22 bytes).
    Removing stm32f4xx_usart.o(i.USART_ReceiverWakeUpCmd), (24 bytes).
    Removing stm32f4xx_usart.o(i.USART_SendBreak), (10 bytes).
    Removing stm32f4xx_usart.o(i.USART_SetAddress), (18 bytes).
    Removing stm32f4xx_usart.o(i.USART_SetGuardTime), (16 bytes).
    Removing stm32f4xx_usart.o(i.USART_SetPrescaler), (16 bytes).
    Removing stm32f4xx_usart.o(i.USART_SmartCardCmd), (24 bytes).
    Removing stm32f4xx_usart.o(i.USART_SmartCardNACKCmd), (24 bytes).
    Removing stm32f4xx_usart.o(i.USART_StructInit), (24 bytes).
    Removing stm32f4xx_usart.o(i.USART_WakeUpConfig), (18 bytes).
    Removing stm32f4xx_wwdg.o(.rev16_text), (4 bytes).
    Removing stm32f4xx_wwdg.o(.revsh_text), (4 bytes).
    Removing stm32f4xx_wwdg.o(.rrx_text), (6 bytes).
    Removing stm32f4xx_wwdg.o(i.WWDG_ClearFlag), (12 bytes).
    Removing stm32f4xx_wwdg.o(i.WWDG_DeInit), (22 bytes).
    Removing stm32f4xx_wwdg.o(i.WWDG_Enable), (16 bytes).
    Removing stm32f4xx_wwdg.o(i.WWDG_EnableIT), (12 bytes).
    Removing stm32f4xx_wwdg.o(i.WWDG_GetFlagStatus), (20 bytes).
    Removing stm32f4xx_wwdg.o(i.WWDG_SetCounter), (16 bytes).
    Removing stm32f4xx_wwdg.o(i.WWDG_SetPrescaler), (24 bytes).
    Removing stm32f4xx_wwdg.o(i.WWDG_SetWindowValue), (40 bytes).
    Removing dadd.o(.text), (334 bytes).
    Removing dmul.o(.text), (228 bytes).
    Removing ddiv.o(.text), (222 bytes).
    Removing dfixul.o(.text), (48 bytes).
    Removing cdrcmple.o(.text), (48 bytes).
    Removing depilogue.o(.text), (186 bytes).

922 unused section(s) (total 231496 bytes) removed from the image.

==============================================================================

Image Symbol Table

    Local Symbols

    Symbol Name                              Value     Ov Type        Size  Object(Section)

    ../clib/microlib/ctype/ctype.c           0x00000000   Number         0  iscntrl_o.o ABSOLUTE
    ../clib/microlib/ctype/ctype.c           0x00000000   Number         0  ctype_o.o ABSOLUTE
    ../clib/microlib/ctype/ctype.c           0x00000000   Number         0  ispunct_o.o ABSOLUTE
    ../clib/microlib/ctype/ctype.c           0x00000000   Number         0  isdigit_o.o ABSOLUTE
    ../clib/microlib/ctype/ctype.c           0x00000000   Number         0  isalnum_o.o ABSOLUTE
    ../clib/microlib/ctype/ctype.c           0x00000000   Number         0  isgraph_o.o ABSOLUTE
    ../clib/microlib/ctype/ctype.c           0x00000000   Number         0  isalpha_o.o ABSOLUTE
    ../clib/microlib/ctype/ctype.c           0x00000000   Number         0  isprint_o.o ABSOLUTE
    ../clib/microlib/ctype/ctype.c           0x00000000   Number         0  islower_o.o ABSOLUTE
    ../clib/microlib/ctype/ctype.c           0x00000000   Number         0  isxdigit_o.o ABSOLUTE
    ../clib/microlib/ctype/ctype.c           0x00000000   Number         0  isupper_o.o ABSOLUTE
    ../clib/microlib/ctype/ctype.c           0x00000000   Number         0  isblank_o.o ABSOLUTE
    ../clib/microlib/ctype/ctype.c           0x00000000   Number         0  isspace_o.o ABSOLUTE
    ../clib/microlib/division.c              0x00000000   Number         0  uidiv.o ABSOLUTE
    ../clib/microlib/division.c              0x00000000   Number         0  uldiv.o ABSOLUTE
    ../clib/microlib/errno.c                 0x00000000   Number         0  errno.o ABSOLUTE
    ../clib/microlib/init/entry.s            0x00000000   Number         0  entry8b.o ABSOLUTE
    ../clib/microlib/init/entry.s            0x00000000   Number         0  entry10a.o ABSOLUTE
    ../clib/microlib/init/entry.s            0x00000000   Number         0  entry9b.o ABSOLUTE
    ../clib/microlib/init/entry.s            0x00000000   Number         0  entry8a.o ABSOLUTE
    ../clib/microlib/init/entry.s            0x00000000   Number         0  entry7b.o ABSOLUTE
    ../clib/microlib/init/entry.s            0x00000000   Number         0  entry7a.o ABSOLUTE
    ../clib/microlib/init/entry.s            0x00000000   Number         0  entry5.o ABSOLUTE
    ../clib/microlib/init/entry.s            0x00000000   Number         0  entry11b.o ABSOLUTE
    ../clib/microlib/init/entry.s            0x00000000   Number         0  entry11a.o ABSOLUTE
    ../clib/microlib/init/entry.s            0x00000000   Number         0  entry.o ABSOLUTE
    ../clib/microlib/init/entry.s            0x00000000   Number         0  entry9a.o ABSOLUTE
    ../clib/microlib/init/entry.s            0x00000000   Number         0  entry2.o ABSOLUTE
    ../clib/microlib/init/entry.s            0x00000000   Number         0  entry10b.o ABSOLUTE
    ../clib/microlib/longlong.c              0x00000000   Number         0  llsshr.o ABSOLUTE
    ../clib/microlib/longlong.c              0x00000000   Number         0  llshl.o ABSOLUTE
    ../clib/microlib/longlong.c              0x00000000   Number         0  llushr.o ABSOLUTE
    ../clib/microlib/printf/printf.c         0x00000000   Number         0  printfa.o ABSOLUTE
    ../clib/microlib/printf/printf.c         0x00000000   Number         0  printf8.o ABSOLUTE
    ../clib/microlib/printf/printf.c         0x00000000   Number         0  printf7.o ABSOLUTE
    ../clib/microlib/printf/printf.c         0x00000000   Number         0  printf6.o ABSOLUTE
    ../clib/microlib/printf/printf.c         0x00000000   Number         0  printf5.o ABSOLUTE
    ../clib/microlib/printf/printf.c         0x00000000   Number         0  printf4.o ABSOLUTE
    ../clib/microlib/printf/printf.c         0x00000000   Number         0  printf3.o ABSOLUTE
    ../clib/microlib/printf/printf.c         0x00000000   Number         0  printf1.o ABSOLUTE
    ../clib/microlib/printf/printf.c         0x00000000   Number         0  printf2.o ABSOLUTE
    ../clib/microlib/printf/printf.c         0x00000000   Number         0  printfb.o ABSOLUTE
    ../clib/microlib/printf/printf.c         0x00000000   Number         0  printf0.o ABSOLUTE
    ../clib/microlib/printf/stubs.s          0x00000000   Number         0  stubs.o ABSOLUTE
    ../clib/microlib/stdio/streams.c         0x00000000   Number         0  stdout.o ABSOLUTE
    ../clib/microlib/string/memcmp.c         0x00000000   Number         0  memcmp.o ABSOLUTE
    ../clib/microlib/string/memcpy.c         0x00000000   Number         0  memcpya.o ABSOLUTE
    ../clib/microlib/string/memcpy.c         0x00000000   Number         0  memcpyb.o ABSOLUTE
    ../clib/microlib/string/memset.c         0x00000000   Number         0  memseta.o ABSOLUTE
    ../clib/microlib/string/strcpy.c         0x00000000   Number         0  strcpy.o ABSOLUTE
    ../clib/microlib/string/strlen.c         0x00000000   Number         0  strlen.o ABSOLUTE
    ../clib/microlib/string/strstr.c         0x00000000   Number         0  strstr.o ABSOLUTE
    ../clib/microlib/stubs.s                 0x00000000   Number         0  iusefp.o ABSOLUTE
    ../clib/scanf.c                          0x00000000   Number         0  _strtoul.o ABSOLUTE
    ../clib/scanf.c                          0x00000000   Number         0  _chval.o ABSOLUTE
    ../clib/scanf.c                          0x00000000   Number         0  strtol.o ABSOLUTE
    ../clib/scanf.c                          0x00000000   Number         0  atoi.o ABSOLUTE
    ../fplib/microlib/fpadd.c                0x00000000   Number         0  dadd.o ABSOLUTE
    ../fplib/microlib/fpdiv.c                0x00000000   Number         0  ddiv.o ABSOLUTE
    ../fplib/microlib/fpepilogue.c           0x00000000   Number         0  depilogue.o ABSOLUTE
    ../fplib/microlib/fpfix.c                0x00000000   Number         0  dfixul.o ABSOLUTE
    ../fplib/microlib/fpmul.c                0x00000000   Number         0  dmul.o ABSOLUTE
    ..\..\FATFS\diskio.c                     0x00000000   Number         0  diskio.o ABSOLUTE
    ..\..\FATFS\ff.c                         0x00000000   Number         0  ff.o ABSOLUTE
    ..\..\FATFS\option\cc936.c               0x00000000   Number         0  cc936.o ABSOLUTE
    ..\..\Libraries\CMSIS\Device\ST\STM32F4xx\Source\Templates\arm\startup_stm32f40_41xxx.s 0x00000000   Number         0  startup_stm32f40_41xxx.o ABSOLUTE
    ..\..\Libraries\CMSIS\Device\ST\STM32F4xx\Source\Templates\system_stm32f4xx.c 0x00000000   Number         0  system_stm32f4xx.o ABSOLUTE
    ..\..\Libraries\STM32F4xx_StdPeriph_Driver\src\misc.c 0x00000000   Number         0  misc.o ABSOLUTE
    ..\..\Libraries\STM32F4xx_StdPeriph_Driver\src\stm32f4xx_adc.c 0x00000000   Number         0  stm32f4xx_adc.o ABSOLUTE
    ..\..\Libraries\STM32F4xx_StdPeriph_Driver\src\stm32f4xx_can.c 0x00000000   Number         0  stm32f4xx_can.o ABSOLUTE
    ..\..\Libraries\STM32F4xx_StdPeriph_Driver\src\stm32f4xx_cec.c 0x00000000   Number         0  stm32f4xx_cec.o ABSOLUTE
    ..\..\Libraries\STM32F4xx_StdPeriph_Driver\src\stm32f4xx_crc.c 0x00000000   Number         0  stm32f4xx_crc.o ABSOLUTE
    ..\..\Libraries\STM32F4xx_StdPeriph_Driver\src\stm32f4xx_cryp.c 0x00000000   Number         0  stm32f4xx_cryp.o ABSOLUTE
    ..\..\Libraries\STM32F4xx_StdPeriph_Driver\src\stm32f4xx_cryp_aes.c 0x00000000   Number         0  stm32f4xx_cryp_aes.o ABSOLUTE
    ..\..\Libraries\STM32F4xx_StdPeriph_Driver\src\stm32f4xx_cryp_des.c 0x00000000   Number         0  stm32f4xx_cryp_des.o ABSOLUTE
    ..\..\Libraries\STM32F4xx_StdPeriph_Driver\src\stm32f4xx_cryp_tdes.c 0x00000000   Number         0  stm32f4xx_cryp_tdes.o ABSOLUTE
    ..\..\Libraries\STM32F4xx_StdPeriph_Driver\src\stm32f4xx_dac.c 0x00000000   Number         0  stm32f4xx_dac.o ABSOLUTE
    ..\..\Libraries\STM32F4xx_StdPeriph_Driver\src\stm32f4xx_dbgmcu.c 0x00000000   Number         0  stm32f4xx_dbgmcu.o ABSOLUTE
    ..\..\Libraries\STM32F4xx_StdPeriph_Driver\src\stm32f4xx_dcmi.c 0x00000000   Number         0  stm32f4xx_dcmi.o ABSOLUTE
    ..\..\Libraries\STM32F4xx_StdPeriph_Driver\src\stm32f4xx_dma.c 0x00000000   Number         0  stm32f4xx_dma.o ABSOLUTE
    ..\..\Libraries\STM32F4xx_StdPeriph_Driver\src\stm32f4xx_dma2d.c 0x00000000   Number         0  stm32f4xx_dma2d.o ABSOLUTE
    ..\..\Libraries\STM32F4xx_StdPeriph_Driver\src\stm32f4xx_exti.c 0x00000000   Number         0  stm32f4xx_exti.o ABSOLUTE
    ..\..\Libraries\STM32F4xx_StdPeriph_Driver\src\stm32f4xx_flash.c 0x00000000   Number         0  stm32f4xx_flash.o ABSOLUTE
    ..\..\Libraries\STM32F4xx_StdPeriph_Driver\src\stm32f4xx_flash_ramfunc.c 0x00000000   Number         0  stm32f4xx_flash_ramfunc.o ABSOLUTE
    ..\..\Libraries\STM32F4xx_StdPeriph_Driver\src\stm32f4xx_gpio.c 0x00000000   Number         0  stm32f4xx_gpio.o ABSOLUTE
    ..\..\Libraries\STM32F4xx_StdPeriph_Driver\src\stm32f4xx_hash.c 0x00000000   Number         0  stm32f4xx_hash.o ABSOLUTE
    ..\..\Libraries\STM32F4xx_StdPeriph_Driver\src\stm32f4xx_hash_md5.c 0x00000000   Number         0  stm32f4xx_hash_md5.o ABSOLUTE
    ..\..\Libraries\STM32F4xx_StdPeriph_Driver\src\stm32f4xx_hash_sha1.c 0x00000000   Number         0  stm32f4xx_hash_sha1.o ABSOLUTE
    ..\..\Libraries\STM32F4xx_StdPeriph_Driver\src\stm32f4xx_i2c.c 0x00000000   Number         0  stm32f4xx_i2c.o ABSOLUTE
    ..\..\Libraries\STM32F4xx_StdPeriph_Driver\src\stm32f4xx_iwdg.c 0x00000000   Number         0  stm32f4xx_iwdg.o ABSOLUTE
    ..\..\Libraries\STM32F4xx_StdPeriph_Driver\src\stm32f4xx_ltdc.c 0x00000000   Number         0  stm32f4xx_ltdc.o ABSOLUTE
    ..\..\Libraries\STM32F4xx_StdPeriph_Driver\src\stm32f4xx_pwr.c 0x00000000   Number         0  stm32f4xx_pwr.o ABSOLUTE
    ..\..\Libraries\STM32F4xx_StdPeriph_Driver\src\stm32f4xx_qspi.c 0x00000000   Number         0  stm32f4xx_qspi.o ABSOLUTE
    ..\..\Libraries\STM32F4xx_StdPeriph_Driver\src\stm32f4xx_rcc.c 0x00000000   Number         0  stm32f4xx_rcc.o ABSOLUTE
    ..\..\Libraries\STM32F4xx_StdPeriph_Driver\src\stm32f4xx_rng.c 0x00000000   Number         0  stm32f4xx_rng.o ABSOLUTE
    ..\..\Libraries\STM32F4xx_StdPeriph_Driver\src\stm32f4xx_rtc.c 0x00000000   Number         0  stm32f4xx_rtc.o ABSOLUTE
    ..\..\Libraries\STM32F4xx_StdPeriph_Driver\src\stm32f4xx_sai.c 0x00000000   Number         0  stm32f4xx_sai.o ABSOLUTE
    ..\..\Libraries\STM32F4xx_StdPeriph_Driver\src\stm32f4xx_sdio.c 0x00000000   Number         0  stm32f4xx_sdio.o ABSOLUTE
    ..\..\Libraries\STM32F4xx_StdPeriph_Driver\src\stm32f4xx_spdifrx.c 0x00000000   Number         0  stm32f4xx_spdifrx.o ABSOLUTE
    ..\..\Libraries\STM32F4xx_StdPeriph_Driver\src\stm32f4xx_spi.c 0x00000000   Number         0  stm32f4xx_spi.o ABSOLUTE
    ..\..\Libraries\STM32F4xx_StdPeriph_Driver\src\stm32f4xx_syscfg.c 0x00000000   Number         0  stm32f4xx_syscfg.o ABSOLUTE
    ..\..\Libraries\STM32F4xx_StdPeriph_Driver\src\stm32f4xx_tim.c 0x00000000   Number         0  stm32f4xx_tim.o ABSOLUTE
    ..\..\Libraries\STM32F4xx_StdPeriph_Driver\src\stm32f4xx_usart.c 0x00000000   Number         0  stm32f4xx_usart.o ABSOLUTE
    ..\..\Libraries\STM32F4xx_StdPeriph_Driver\src\stm32f4xx_wwdg.c 0x00000000   Number         0  stm32f4xx_wwdg.o ABSOLUTE
    ..\..\User\EC20\ec20.c                   0x00000000   Number         0  ec20.o ABSOLUTE
    ..\..\User\at_parser\at_parser.c         0x00000000   Number         0  at_parser.o ABSOLUTE
    ..\..\User\at_parser\at_producer.c       0x00000000   Number         0  at_producer.o ABSOLUTE
    ..\..\User\led\bsp_led.c                 0x00000000   Number         0  bsp_led.o ABSOLUTE
    ..\..\User\main.c                        0x00000000   Number         0  main.o ABSOLUTE
    ..\..\User\sd\bsp_sdio_sd.c              0x00000000   Number         0  bsp_sdio_sd.o ABSOLUTE
    ..\..\User\stm32f4xx_it.c                0x00000000   Number         0  stm32f4xx_it.o ABSOLUTE
    ..\..\User\sys_tick.c                    0x00000000   Number         0  sys_tick.o ABSOLUTE
    ..\..\User\tim\bsp_general_tim.c         0x00000000   Number         0  bsp_general_tim.o ABSOLUTE
    ..\..\User\usart\bsp_usart.c             0x00000000   Number         0  bsp_usart.o ABSOLUTE
    ..\\..\\FATFS\\diskio.c                  0x00000000   Number         0  diskio.o ABSOLUTE
    ..\\..\\Libraries\\CMSIS\\Device\\ST\\STM32F4xx\\Source\\Templates\\system_stm32f4xx.c 0x00000000   Number         0  system_stm32f4xx.o ABSOLUTE
    ..\\..\\Libraries\\STM32F4xx_StdPeriph_Driver\\src\\misc.c 0x00000000   Number         0  misc.o ABSOLUTE
    ..\\..\\Libraries\\STM32F4xx_StdPeriph_Driver\\src\\stm32f4xx_adc.c 0x00000000   Number         0  stm32f4xx_adc.o ABSOLUTE
    ..\\..\\Libraries\\STM32F4xx_StdPeriph_Driver\\src\\stm32f4xx_can.c 0x00000000   Number         0  stm32f4xx_can.o ABSOLUTE
    ..\\..\\Libraries\\STM32F4xx_StdPeriph_Driver\\src\\stm32f4xx_cec.c 0x00000000   Number         0  stm32f4xx_cec.o ABSOLUTE
    ..\\..\\Libraries\\STM32F4xx_StdPeriph_Driver\\src\\stm32f4xx_crc.c 0x00000000   Number         0  stm32f4xx_crc.o ABSOLUTE
    ..\\..\\Libraries\\STM32F4xx_StdPeriph_Driver\\src\\stm32f4xx_cryp.c 0x00000000   Number         0  stm32f4xx_cryp.o ABSOLUTE
    ..\\..\\Libraries\\STM32F4xx_StdPeriph_Driver\\src\\stm32f4xx_cryp_aes.c 0x00000000   Number         0  stm32f4xx_cryp_aes.o ABSOLUTE
    ..\\..\\Libraries\\STM32F4xx_StdPeriph_Driver\\src\\stm32f4xx_cryp_des.c 0x00000000   Number         0  stm32f4xx_cryp_des.o ABSOLUTE
    ..\\..\\Libraries\\STM32F4xx_StdPeriph_Driver\\src\\stm32f4xx_cryp_tdes.c 0x00000000   Number         0  stm32f4xx_cryp_tdes.o ABSOLUTE
    ..\\..\\Libraries\\STM32F4xx_StdPeriph_Driver\\src\\stm32f4xx_dac.c 0x00000000   Number         0  stm32f4xx_dac.o ABSOLUTE
    ..\\..\\Libraries\\STM32F4xx_StdPeriph_Driver\\src\\stm32f4xx_dbgmcu.c 0x00000000   Number         0  stm32f4xx_dbgmcu.o ABSOLUTE
    ..\\..\\Libraries\\STM32F4xx_StdPeriph_Driver\\src\\stm32f4xx_dcmi.c 0x00000000   Number         0  stm32f4xx_dcmi.o ABSOLUTE
    ..\\..\\Libraries\\STM32F4xx_StdPeriph_Driver\\src\\stm32f4xx_dma.c 0x00000000   Number         0  stm32f4xx_dma.o ABSOLUTE
    ..\\..\\Libraries\\STM32F4xx_StdPeriph_Driver\\src\\stm32f4xx_dma2d.c 0x00000000   Number         0  stm32f4xx_dma2d.o ABSOLUTE
    ..\\..\\Libraries\\STM32F4xx_StdPeriph_Driver\\src\\stm32f4xx_exti.c 0x00000000   Number         0  stm32f4xx_exti.o ABSOLUTE
    ..\\..\\Libraries\\STM32F4xx_StdPeriph_Driver\\src\\stm32f4xx_flash.c 0x00000000   Number         0  stm32f4xx_flash.o ABSOLUTE
    ..\\..\\Libraries\\STM32F4xx_StdPeriph_Driver\\src\\stm32f4xx_flash_ramfunc.c 0x00000000   Number         0  stm32f4xx_flash_ramfunc.o ABSOLUTE
    ..\\..\\Libraries\\STM32F4xx_StdPeriph_Driver\\src\\stm32f4xx_gpio.c 0x00000000   Number         0  stm32f4xx_gpio.o ABSOLUTE
    ..\\..\\Libraries\\STM32F4xx_StdPeriph_Driver\\src\\stm32f4xx_hash.c 0x00000000   Number         0  stm32f4xx_hash.o ABSOLUTE
    ..\\..\\Libraries\\STM32F4xx_StdPeriph_Driver\\src\\stm32f4xx_hash_md5.c 0x00000000   Number         0  stm32f4xx_hash_md5.o ABSOLUTE
    ..\\..\\Libraries\\STM32F4xx_StdPeriph_Driver\\src\\stm32f4xx_hash_sha1.c 0x00000000   Number         0  stm32f4xx_hash_sha1.o ABSOLUTE
    ..\\..\\Libraries\\STM32F4xx_StdPeriph_Driver\\src\\stm32f4xx_i2c.c 0x00000000   Number         0  stm32f4xx_i2c.o ABSOLUTE
    ..\\..\\Libraries\\STM32F4xx_StdPeriph_Driver\\src\\stm32f4xx_iwdg.c 0x00000000   Number         0  stm32f4xx_iwdg.o ABSOLUTE
    ..\\..\\Libraries\\STM32F4xx_StdPeriph_Driver\\src\\stm32f4xx_ltdc.c 0x00000000   Number         0  stm32f4xx_ltdc.o ABSOLUTE
    ..\\..\\Libraries\\STM32F4xx_StdPeriph_Driver\\src\\stm32f4xx_pwr.c 0x00000000   Number         0  stm32f4xx_pwr.o ABSOLUTE
    ..\\..\\Libraries\\STM32F4xx_StdPeriph_Driver\\src\\stm32f4xx_qspi.c 0x00000000   Number         0  stm32f4xx_qspi.o ABSOLUTE
    ..\\..\\Libraries\\STM32F4xx_StdPeriph_Driver\\src\\stm32f4xx_rcc.c 0x00000000   Number         0  stm32f4xx_rcc.o ABSOLUTE
    ..\\..\\Libraries\\STM32F4xx_StdPeriph_Driver\\src\\stm32f4xx_rng.c 0x00000000   Number         0  stm32f4xx_rng.o ABSOLUTE
    ..\\..\\Libraries\\STM32F4xx_StdPeriph_Driver\\src\\stm32f4xx_rtc.c 0x00000000   Number         0  stm32f4xx_rtc.o ABSOLUTE
    ..\\..\\Libraries\\STM32F4xx_StdPeriph_Driver\\src\\stm32f4xx_sai.c 0x00000000   Number         0  stm32f4xx_sai.o ABSOLUTE
    ..\\..\\Libraries\\STM32F4xx_StdPeriph_Driver\\src\\stm32f4xx_sdio.c 0x00000000   Number         0  stm32f4xx_sdio.o ABSOLUTE
    ..\\..\\Libraries\\STM32F4xx_StdPeriph_Driver\\src\\stm32f4xx_spdifrx.c 0x00000000   Number         0  stm32f4xx_spdifrx.o ABSOLUTE
    ..\\..\\Libraries\\STM32F4xx_StdPeriph_Driver\\src\\stm32f4xx_spi.c 0x00000000   Number         0  stm32f4xx_spi.o ABSOLUTE
    ..\\..\\Libraries\\STM32F4xx_StdPeriph_Driver\\src\\stm32f4xx_syscfg.c 0x00000000   Number         0  stm32f4xx_syscfg.o ABSOLUTE
    ..\\..\\Libraries\\STM32F4xx_StdPeriph_Driver\\src\\stm32f4xx_tim.c 0x00000000   Number         0  stm32f4xx_tim.o ABSOLUTE
    ..\\..\\Libraries\\STM32F4xx_StdPeriph_Driver\\src\\stm32f4xx_usart.c 0x00000000   Number         0  stm32f4xx_usart.o ABSOLUTE
    ..\\..\\Libraries\\STM32F4xx_StdPeriph_Driver\\src\\stm32f4xx_wwdg.c 0x00000000   Number         0  stm32f4xx_wwdg.o ABSOLUTE
    ..\\..\\User\\EC20\\ec20.c               0x00000000   Number         0  ec20.o ABSOLUTE
    ..\\..\\User\\at_parser\\at_parser.c     0x00000000   Number         0  at_parser.o ABSOLUTE
    ..\\..\\User\\at_parser\\at_producer.c   0x00000000   Number         0  at_producer.o ABSOLUTE
    ..\\..\\User\\led\\bsp_led.c             0x00000000   Number         0  bsp_led.o ABSOLUTE
    ..\\..\\User\\main.c                     0x00000000   Number         0  main.o ABSOLUTE
    ..\\..\\User\\sd\\bsp_sdio_sd.c          0x00000000   Number         0  bsp_sdio_sd.o ABSOLUTE
    ..\\..\\User\\stm32f4xx_it.c             0x00000000   Number         0  stm32f4xx_it.o ABSOLUTE
    ..\\..\\User\\sys_tick.c                 0x00000000   Number         0  sys_tick.o ABSOLUTE
    ..\\..\\User\\tim\\bsp_general_tim.c     0x00000000   Number         0  bsp_general_tim.o ABSOLUTE
    ..\\..\\User\\usart\\bsp_usart.c         0x00000000   Number         0  bsp_usart.o ABSOLUTE
    cdrcmple.s                               0x00000000   Number         0  cdrcmple.o ABSOLUTE
    dc.s                                     0x00000000   Number         0  dc.o ABSOLUTE
    handlers.s                               0x00000000   Number         0  handlers.o ABSOLUTE
    init.s                                   0x00000000   Number         0  init.o ABSOLUTE
    RESET                                    0x08000000   Section      392  startup_stm32f40_41xxx.o(RESET)
    .ARM.Collect$$$$00000000                 0x08000188   Section        0  entry.o(.ARM.Collect$$$$00000000)
    .ARM.Collect$$$$00000001                 0x08000188   Section        4  entry2.o(.ARM.Collect$$$$00000001)
    .ARM.Collect$$$$00000004                 0x0800018c   Section        4  entry5.o(.ARM.Collect$$$$00000004)
    .ARM.Collect$$$$00000008                 0x08000190   Section        0  entry7b.o(.ARM.Collect$$$$00000008)
    .ARM.Collect$$$$0000000A                 0x08000190   Section        0  entry8b.o(.ARM.Collect$$$$0000000A)
    .ARM.Collect$$$$0000000B                 0x08000190   Section        8  entry9a.o(.ARM.Collect$$$$0000000B)
    .ARM.Collect$$$$0000000D                 0x08000198   Section        0  entry10a.o(.ARM.Collect$$$$0000000D)
    .ARM.Collect$$$$0000000F                 0x08000198   Section        0  entry11a.o(.ARM.Collect$$$$0000000F)
    .ARM.Collect$$$$00002712                 0x08000198   Section        4  entry2.o(.ARM.Collect$$$$00002712)
    __lit__00000000                          0x08000198   Data           4  entry2.o(.ARM.Collect$$$$00002712)
    .text                                    0x0800019c   Section       36  startup_stm32f40_41xxx.o(.text)
    $v0                                      0x0800019c   Number         0  startup_stm32f40_41xxx.o(.text)
    .text                                    0x080001c0   Section        0  memcpya.o(.text)
    .text                                    0x080001e4   Section        0  memseta.o(.text)
    .text                                    0x08000208   Section        0  strstr.o(.text)
    .text                                    0x0800022c   Section        0  strlen.o(.text)
    .text                                    0x0800023a   Section        0  memcmp.o(.text)
    .text                                    0x08000254   Section        0  atoi.o(.text)
    .text                                    0x0800026e   Section        0  strtol.o(.text)
    .text                                    0x080002e0   Section       36  init.o(.text)
    .text                                    0x08000304   Section        0  ctype_o.o(.text)
    .text                                    0x0800030c   Section        0  _strtoul.o(.text)
    .text                                    0x080003aa   Section        0  _chval.o(.text)
    i.AT_CPIN_CMD                            0x080003c8   Section        0  ec20.o(i.AT_CPIN_CMD)
    i.AT_CPIN_HOOK                           0x08000420   Section        0  ec20.o(i.AT_CPIN_HOOK)
    i.AT_CREG_CMD                            0x08000444   Section        0  ec20.o(i.AT_CREG_CMD)
    i.AT_CREG_HOOK                           0x080004a0   Section        0  ec20.o(i.AT_CREG_HOOK)
    i.AT_QICLOSE_CMD                         0x080004c4   Section        0  ec20.o(i.AT_QICLOSE_CMD)
    i.AT_QICLOSE_HOOK                        0x080004f4   Section        0  ec20.o(i.AT_QICLOSE_HOOK)
    i.AT_QIOPEN_CMD                          0x08000518   Section        0  ec20.o(i.AT_QIOPEN_CMD)
    i.AT_QIOPEN_HOOK                         0x08000568   Section        0  ec20.o(i.AT_QIOPEN_HOOK)
    i.AT_QISTATE_CMD                         0x08000580   Section        0  ec20.o(i.AT_QISTATE_CMD)
    i.AT_QISTATE_HOOK                        0x080005ac   Section        0  ec20.o(i.AT_QISTATE_HOOK)
    i.AT_START                               0x080005d0   Section        0  ec20.o(i.AT_START)
    i.AT_START_HOOK                          0x080005f4   Section        0  ec20.o(i.AT_START_HOOK)
    i.BusFault_Handler                       0x08000634   Section        0  stm32f4xx_it.o(i.BusFault_Handler)
    i.DMA2_Stream3_IRQHandler                0x08000638   Section        0  bsp_sdio_sd.o(i.DMA2_Stream3_IRQHandler)
    i.DMA_ClearFlag                          0x08000640   Section        0  stm32f4xx_dma.o(i.DMA_ClearFlag)
    i.DebugMon_Handler                       0x08000674   Section        0  stm32f4xx_it.o(i.DebugMon_Handler)
    i.GPIO_Init                              0x08000676   Section        0  stm32f4xx_gpio.o(i.GPIO_Init)
    i.GPIO_PinAFConfig                       0x08000706   Section        0  stm32f4xx_gpio.o(i.GPIO_PinAFConfig)
    i.HardFault_Handler                      0x0800074c   Section        0  stm32f4xx_it.o(i.HardFault_Handler)
    i.LED_GPIO_Config                        0x08000750   Section        0  bsp_led.o(i.LED_GPIO_Config)
    i.MemManage_Handler                      0x080007c8   Section        0  stm32f4xx_it.o(i.MemManage_Handler)
    i.NMI_Handler                            0x080007cc   Section        0  stm32f4xx_it.o(i.NMI_Handler)
    i.NVIC_Configuration                     0x080007ce   Section        0  bsp_usart.o(i.NVIC_Configuration)
    NVIC_Configuration                       0x080007cf   Thumb Code    66  bsp_usart.o(i.NVIC_Configuration)
    i.NVIC_Init                              0x08000810   Section        0  misc.o(i.NVIC_Init)
    i.NVIC_PriorityGroupConfig               0x08000888   Section        0  misc.o(i.NVIC_PriorityGroupConfig)
    i.PendSV_Handler                         0x0800089c   Section        0  stm32f4xx_it.o(i.PendSV_Handler)
    i.RCC_AHB1PeriphClockCmd                 0x080008a0   Section        0  stm32f4xx_rcc.o(i.RCC_AHB1PeriphClockCmd)
    i.RCC_APB1PeriphClockCmd                 0x080008c0   Section        0  stm32f4xx_rcc.o(i.RCC_APB1PeriphClockCmd)
    i.RCC_APB2PeriphClockCmd                 0x080008e0   Section        0  stm32f4xx_rcc.o(i.RCC_APB2PeriphClockCmd)
    i.RCC_GetClocksFreq                      0x08000900   Section        0  stm32f4xx_rcc.o(i.RCC_GetClocksFreq)
    i.SDIO_ClearITPendingBit                 0x080009e8   Section        0  stm32f4xx_sdio.o(i.SDIO_ClearITPendingBit)
    i.SDIO_GetITStatus                       0x080009f4   Section        0  stm32f4xx_sdio.o(i.SDIO_GetITStatus)
    i.SDIO_IRQHandler                        0x08000a0c   Section        0  bsp_sdio_sd.o(i.SDIO_IRQHandler)
    i.SDIO_ITConfig                          0x08000a14   Section        0  stm32f4xx_sdio.o(i.SDIO_ITConfig)
    i.SD_ProcessDMAIRQ                       0x08000a34   Section        0  bsp_sdio_sd.o(i.SD_ProcessDMAIRQ)
    i.SD_ProcessIRQSrc                       0x08000a5c   Section        0  bsp_sdio_sd.o(i.SD_ProcessIRQSrc)
    i.SVC_Handler                            0x08000b08   Section        0  stm32f4xx_it.o(i.SVC_Handler)
    i.SetSysClock                            0x08000b0c   Section        0  system_stm32f4xx.o(i.SetSysClock)
    SetSysClock                              0x08000b0d   Thumb Code   220  system_stm32f4xx.o(i.SetSysClock)
    i.SysTick_Handler                        0x08000bf8   Section        0  stm32f4xx_it.o(i.SysTick_Handler)
    i.SysTick_init                           0x08000c00   Section        0  sys_tick.o(i.SysTick_init)
    i.SystemInit                             0x08000c68   Section        0  system_stm32f4xx.o(i.SystemInit)
    i.TIM2_IRQHandler                        0x08000cd0   Section        0  stm32f4xx_it.o(i.TIM2_IRQHandler)
    i.TIM_ClearFlag                          0x08000cf8   Section        0  stm32f4xx_tim.o(i.TIM_ClearFlag)
    i.TIM_ClearITPendingBit                  0x08000cfe   Section        0  stm32f4xx_tim.o(i.TIM_ClearITPendingBit)
    i.TIM_Cmd                                0x08000d04   Section        0  stm32f4xx_tim.o(i.TIM_Cmd)
    i.TIM_GetITStatus                        0x08000d1c   Section        0  stm32f4xx_tim.o(i.TIM_GetITStatus)
    i.TIM_ITConfig                           0x08000d3e   Section        0  stm32f4xx_tim.o(i.TIM_ITConfig)
    i.TIM_Mode_Config                        0x08000d50   Section        0  bsp_general_tim.o(i.TIM_Mode_Config)
    TIM_Mode_Config                          0x08000d51   Thumb Code    72  bsp_general_tim.o(i.TIM_Mode_Config)
    i.TIM_TimeBaseInit                       0x08000d98   Section        0  stm32f4xx_tim.o(i.TIM_TimeBaseInit)
    i.TIMx_Configuration                     0x08000e1c   Section        0  bsp_general_tim.o(i.TIMx_Configuration)
    i.TIMx_NVIC_Configuration                0x08000e28   Section        0  bsp_general_tim.o(i.TIMx_NVIC_Configuration)
    TIMx_NVIC_Configuration                  0x08000e29   Thumb Code    42  bsp_general_tim.o(i.TIMx_NVIC_Configuration)
    i.URC_data_process                       0x08000e54   Section        0  at_parser.o(i.URC_data_process)
    URC_data_process                         0x08000e55   Thumb Code   114  at_parser.o(i.URC_data_process)
    i.USART1_IRQHandler                      0x08000ecc   Section        0  bsp_usart.o(i.USART1_IRQHandler)
    i.USART2_IRQHandler                      0x08000f40   Section        0  bsp_usart.o(i.USART2_IRQHandler)
    i.USART_Cmd                              0x08000f80   Section        0  stm32f4xx_usart.o(i.USART_Cmd)
    i.USART_GetFlagStatus                    0x08000f98   Section        0  stm32f4xx_usart.o(i.USART_GetFlagStatus)
    i.USART_GetITStatus                      0x08000fb2   Section        0  stm32f4xx_usart.o(i.USART_GetITStatus)
    i.USART_ITConfig                         0x08001006   Section        0  stm32f4xx_usart.o(i.USART_ITConfig)
    i.USART_Init                             0x08001050   Section        0  stm32f4xx_usart.o(i.USART_Init)
    i.USART_ReceiveData                      0x08001124   Section        0  stm32f4xx_usart.o(i.USART_ReceiveData)
    i.USART_SendData                         0x0800112e   Section        0  stm32f4xx_usart.o(i.USART_SendData)
    i.Uptime_Ms                              0x08001138   Section        0  sys_tick.o(i.Uptime_Ms)
    i.UsageFault_Handler                     0x08001144   Section        0  stm32f4xx_it.o(i.UsageFault_Handler)
    i.__0printf$2                            0x08001148   Section        0  printf2.o(i.__0printf$2)
    i.__aeabi_errno_addr                     0x08001168   Section        0  errno.o(i.__aeabi_errno_addr)
    i.__scatterload_copy                     0x08001170   Section       14  handlers.o(i.__scatterload_copy)
    i.__scatterload_null                     0x0800117e   Section        2  handlers.o(i.__scatterload_null)
    i.__scatterload_zeroinit                 0x08001180   Section       14  handlers.o(i.__scatterload_zeroinit)
    i._printf_core                           0x0800118e   Section        0  printf2.o(i._printf_core)
    _printf_core                             0x0800118f   Thumb Code   214  printf2.o(i._printf_core)
    i.at_cmd_init                            0x08001264   Section        0  ec20.o(i.at_cmd_init)
    i.at_cmd_start                           0x08001324   Section        0  at_producer.o(i.at_cmd_start)
    i.at_cmd_table_proc                      0x080013c8   Section        0  at_producer.o(i.at_cmd_table_proc)
    i.at_parser_init                         0x080014c8   Section        0  at_parser.o(i.at_parser_init)
    i.at_register_urc                        0x080014d8   Section        0  at_parser.o(i.at_register_urc)
    i.at_resp_get_line                       0x08001560   Section        0  at_parser.o(i.at_resp_get_line)
    i.at_send_cmd                            0x080015d4   Section        0  at_parser.o(i.at_send_cmd)
    i.at_send_cmp_reply                      0x08001608   Section        0  at_parser.o(i.at_send_cmp_reply)
    i.at_send_get_repy                       0x080016dc   Section        0  at_parser.o(i.at_send_get_repy)
    i.check_tcp_state                        0x080017d4   Section        0  ec20.o(i.check_tcp_state)
    i.clean_respond                          0x080017fc   Section        0  at_parser.o(i.clean_respond)
    i.cmd_register                           0x0800181c   Section        0  at_producer.o(i.cmd_register)
    i.ec20_init                              0x080018b0   Section        0  ec20.o(i.ec20_init)
    i.ec20_process                           0x08001910   Section        0  ec20.o(i.ec20_process)
    i.enter_to_end                           0x08001918   Section        0  at_parser.o(i.enter_to_end)
    i.fputc                                  0x080019c0   Section        0  bsp_usart.o(i.fputc)
    i.main                                   0x080019e4   Section        0  main.o(i.main)
    i.respond_data_process                   0x08001a18   Section        0  at_parser.o(i.respond_data_process)
    i.timing_delay_decrement                 0x08001a7c   Section        0  sys_tick.o(i.timing_delay_decrement)
    i.uart_callback                          0x08001aa8   Section        0  at_parser.o(i.uart_callback)
    uart_callback                            0x08001aa9   Thumb Code    30  at_parser.o(i.uart_callback)
    i.uart_idle_clean                        0x08001ac8   Section        0  bsp_usart.o(i.uart_idle_clean)
    i.uart_idle_deal                         0x08001ae0   Section        0  bsp_usart.o(i.uart_idle_deal)
    i.urc_disconnected_deal                  0x08001b54   Section        0  ec20.o(i.urc_disconnected_deal)
    i.urc_start_recieve                      0x08001b74   Section        0  ec20.o(i.urc_start_recieve)
    i.usart_init                             0x08001be0   Section        0  bsp_usart.o(i.usart_init)
    i.usart_register                         0x08001d2c   Section        0  bsp_usart.o(i.usart_register)
    i.usart_sendbyte                         0x08001d48   Section        0  bsp_usart.o(i.usart_sendbyte)
    i.usart_write                            0x08001d66   Section        0  bsp_usart.o(i.usart_write)
    .constdata                               0x08001d86   Section      129  ctype_o.o(.constdata)
    .constdata                               0x08001e08   Section        4  ctype_o.o(.constdata)
    table                                    0x08001e08   Data           4  ctype_o.o(.constdata)
    .data                                    0x20000000   Section        8  ec20.o(.data)
    error                                    0x20000007   Data           1  ec20.o(.data)
    .data                                    0x20000008   Section        8  at_producer.o(.data)
    start_time                               0x2000000c   Data           4  at_producer.o(.data)
    .data                                    0x20000010   Section        8  sys_tick.o(.data)
    TimingDelay                              0x20000010   Data           4  sys_tick.o(.data)
    .data                                    0x20000018   Section       24  bsp_sdio_sd.o(.data)
    CardType                                 0x20000018   Data           4  bsp_sdio_sd.o(.data)
    RCA                                      0x2000001c   Data           4  bsp_sdio_sd.o(.data)
    .data                                    0x20000030   Section       18  bsp_usart.o(.data)
    a_rec_len                                0x20000038   Data           1  bsp_usart.o(.data)
    time                                     0x2000003c   Data           4  bsp_usart.o(.data)
    rec_len                                  0x20000041   Data           1  bsp_usart.o(.data)
    .data                                    0x20000044   Section       20  system_stm32f4xx.o(.data)
    .data                                    0x20000058   Section       16  stm32f4xx_rcc.o(.data)
    APBAHBPrescTable                         0x20000058   Data          16  stm32f4xx_rcc.o(.data)
    .data                                    0x20000068   Section        4  stdout.o(.data)
    .data                                    0x2000006c   Section        4  errno.o(.data)
    _errno                                   0x2000006c   Data           4  errno.o(.data)
    .bss                                     0x20000070   Section     1024  ec20.o(.bss)
    .bss                                     0x20000470   Section      580  at_parser.o(.bss)
    .bss                                     0x200006b4   Section      192  at_producer.o(.bss)
    .bss                                     0x20000774   Section      256  bsp_usart.o(.bss)
    a_rec_buff                               0x20000774   Data         128  bsp_usart.o(.bss)
    rec_buff                                 0x200007f4   Data         128  bsp_usart.o(.bss)
    STACK                                    0x20000878   Section     1024  startup_stm32f40_41xxx.o(STACK)

    Global Symbols

    Symbol Name                              Value     Ov Type        Size  Object(Section)

    BuildAttributes$$THM_ISAv4$E$P$D$K$B$S$7EM$VFPi3$EXTD16$VFPS$VFMA$PE$A:L22UL41UL21$X:L11$S22US41US21$IEEE1$IW$USESV6$~STKCKD$USESV7$~SHL$OSPACE$ROPI$EBA8$MICROLIB$REQ8$PRES8$EABIv2 0x00000000   Number         0  anon$$obj.o ABSOLUTE
    __ARM_use_no_argv                        0x00000000   Number         0  main.o ABSOLUTE
    _printf_a                                0x00000000   Number         0  stubs.o ABSOLUTE
    _printf_c                                0x00000000   Number         0  stubs.o ABSOLUTE
    _printf_charcount                        0x00000000   Number         0  stubs.o ABSOLUTE
    _printf_d                                0x00000000   Number         0  stubs.o ABSOLUTE
    _printf_e                                0x00000000   Number         0  stubs.o ABSOLUTE
    _printf_f                                0x00000000   Number         0  stubs.o ABSOLUTE
    _printf_flags                            0x00000000   Number         0  stubs.o ABSOLUTE
    _printf_fp_dec                           0x00000000   Number         0  stubs.o ABSOLUTE
    _printf_fp_hex                           0x00000000   Number         0  stubs.o ABSOLUTE
    _printf_g                                0x00000000   Number         0  stubs.o ABSOLUTE
    _printf_i                                0x00000000   Number         0  stubs.o ABSOLUTE
    _printf_int_dec                          0x00000000   Number         0  stubs.o ABSOLUTE
    _printf_l                                0x00000000   Number         0  stubs.o ABSOLUTE
    _printf_lc                               0x00000000   Number         0  stubs.o ABSOLUTE
    _printf_ll                               0x00000000   Number         0  stubs.o ABSOLUTE
    _printf_lld                              0x00000000   Number         0  stubs.o ABSOLUTE
    _printf_lli                              0x00000000   Number         0  stubs.o ABSOLUTE
    _printf_llo                              0x00000000   Number         0  stubs.o ABSOLUTE
    _printf_llu                              0x00000000   Number         0  stubs.o ABSOLUTE
    _printf_llx                              0x00000000   Number         0  stubs.o ABSOLUTE
    _printf_longlong_dec                     0x00000000   Number         0  stubs.o ABSOLUTE
    _printf_longlong_hex                     0x00000000   Number         0  stubs.o ABSOLUTE
    _printf_longlong_oct                     0x00000000   Number         0  stubs.o ABSOLUTE
    _printf_ls                               0x00000000   Number         0  stubs.o ABSOLUTE
    _printf_mbtowc                           0x00000000   Number         0  stubs.o ABSOLUTE
    _printf_n                                0x00000000   Number         0  stubs.o ABSOLUTE
    _printf_o                                0x00000000   Number         0  stubs.o ABSOLUTE
    _printf_p                                0x00000000   Number         0  stubs.o ABSOLUTE
    _printf_percent                          0x00000000   Number         0  stubs.o ABSOLUTE
    _printf_pre_padding                      0x00000000   Number         0  stubs.o ABSOLUTE
    _printf_return_value                     0x00000000   Number         0  stubs.o ABSOLUTE
    _printf_s                                0x00000000   Number         0  stubs.o ABSOLUTE
    _printf_sizespec                         0x00000000   Number         0  stubs.o ABSOLUTE
    _printf_str                              0x00000000   Number         0  stubs.o ABSOLUTE
    _printf_truncate_signed                  0x00000000   Number         0  stubs.o ABSOLUTE
    _printf_truncate_unsigned                0x00000000   Number         0  stubs.o ABSOLUTE
    _printf_u                                0x00000000   Number         0  stubs.o ABSOLUTE
    _printf_wc                               0x00000000   Number         0  stubs.o ABSOLUTE
    _printf_wctomb                           0x00000000   Number         0  stubs.o ABSOLUTE
    _printf_widthprec                        0x00000000   Number         0  stubs.o ABSOLUTE
    _printf_x                                0x00000000   Number         0  stubs.o ABSOLUTE
    __cpp_initialize__aeabi_                  - Undefined Weak Reference
    __cxa_finalize                            - Undefined Weak Reference
    __decompress                              - Undefined Weak Reference
    _clock_init                               - Undefined Weak Reference
    _microlib_exit                            - Undefined Weak Reference
    __Vectors_Size                           0x00000188   Number         0  startup_stm32f40_41xxx.o ABSOLUTE
    __Vectors                                0x08000000   Data           4  startup_stm32f40_41xxx.o(RESET)
    __Vectors_End                            0x08000188   Data           0  startup_stm32f40_41xxx.o(RESET)
    __main                                   0x08000189   Thumb Code     0  entry.o(.ARM.Collect$$$$00000000)
    _main_stk                                0x08000189   Thumb Code     0  entry2.o(.ARM.Collect$$$$00000001)
    _main_scatterload                        0x0800018d   Thumb Code     0  entry5.o(.ARM.Collect$$$$00000004)
    __main_after_scatterload                 0x08000191   Thumb Code     0  entry5.o(.ARM.Collect$$$$00000004)
    _main_clock                              0x08000191   Thumb Code     0  entry7b.o(.ARM.Collect$$$$00000008)
    _main_cpp_init                           0x08000191   Thumb Code     0  entry8b.o(.ARM.Collect$$$$0000000A)
    _main_init                               0x08000191   Thumb Code     0  entry9a.o(.ARM.Collect$$$$0000000B)
    __rt_final_cpp                           0x08000199   Thumb Code     0  entry10a.o(.ARM.Collect$$$$0000000D)
    __rt_final_exit                          0x08000199   Thumb Code     0  entry11a.o(.ARM.Collect$$$$0000000F)
    Reset_Handler                            0x0800019d   Thumb Code     8  startup_stm32f40_41xxx.o(.text)
    ADC_IRQHandler                           0x080001b7   Thumb Code     0  startup_stm32f40_41xxx.o(.text)
    CAN1_RX0_IRQHandler                      0x080001b7   Thumb Code     0  startup_stm32f40_41xxx.o(.text)
    CAN1_RX1_IRQHandler                      0x080001b7   Thumb Code     0  startup_stm32f40_41xxx.o(.text)
    CAN1_SCE_IRQHandler                      0x080001b7   Thumb Code     0  startup_stm32f40_41xxx.o(.text)
    CAN1_TX_IRQHandler                       0x080001b7   Thumb Code     0  startup_stm32f40_41xxx.o(.text)
    CAN2_RX0_IRQHandler                      0x080001b7   Thumb Code     0  startup_stm32f40_41xxx.o(.text)
    CAN2_RX1_IRQHandler                      0x080001b7   Thumb Code     0  startup_stm32f40_41xxx.o(.text)
    CAN2_SCE_IRQHandler                      0x080001b7   Thumb Code     0  startup_stm32f40_41xxx.o(.text)
    CAN2_TX_IRQHandler                       0x080001b7   Thumb Code     0  startup_stm32f40_41xxx.o(.text)
    CRYP_IRQHandler                          0x080001b7   Thumb Code     0  startup_stm32f40_41xxx.o(.text)
    DCMI_IRQHandler                          0x080001b7   Thumb Code     0  startup_stm32f40_41xxx.o(.text)
    DMA1_Stream0_IRQHandler                  0x080001b7   Thumb Code     0  startup_stm32f40_41xxx.o(.text)
    DMA1_Stream1_IRQHandler                  0x080001b7   Thumb Code     0  startup_stm32f40_41xxx.o(.text)
    DMA1_Stream2_IRQHandler                  0x080001b7   Thumb Code     0  startup_stm32f40_41xxx.o(.text)
    DMA1_Stream3_IRQHandler                  0x080001b7   Thumb Code     0  startup_stm32f40_41xxx.o(.text)
    DMA1_Stream4_IRQHandler                  0x080001b7   Thumb Code     0  startup_stm32f40_41xxx.o(.text)
    DMA1_Stream5_IRQHandler                  0x080001b7   Thumb Code     0  startup_stm32f40_41xxx.o(.text)
    DMA1_Stream6_IRQHandler                  0x080001b7   Thumb Code     0  startup_stm32f40_41xxx.o(.text)
    DMA1_Stream7_IRQHandler                  0x080001b7   Thumb Code     0  startup_stm32f40_41xxx.o(.text)
    DMA2_Stream0_IRQHandler                  0x080001b7   Thumb Code     0  startup_stm32f40_41xxx.o(.text)
    DMA2_Stream1_IRQHandler                  0x080001b7   Thumb Code     0  startup_stm32f40_41xxx.o(.text)
    DMA2_Stream2_IRQHandler                  0x080001b7   Thumb Code     0  startup_stm32f40_41xxx.o(.text)
    DMA2_Stream4_IRQHandler                  0x080001b7   Thumb Code     0  startup_stm32f40_41xxx.o(.text)
    DMA2_Stream5_IRQHandler                  0x080001b7   Thumb Code     0  startup_stm32f40_41xxx.o(.text)
    DMA2_Stream6_IRQHandler                  0x080001b7   Thumb Code     0  startup_stm32f40_41xxx.o(.text)
    DMA2_Stream7_IRQHandler                  0x080001b7   Thumb Code     0  startup_stm32f40_41xxx.o(.text)
    ETH_IRQHandler                           0x080001b7   Thumb Code     0  startup_stm32f40_41xxx.o(.text)
    ETH_WKUP_IRQHandler                      0x080001b7   Thumb Code     0  startup_stm32f40_41xxx.o(.text)
    EXTI0_IRQHandler                         0x080001b7   Thumb Code     0  startup_stm32f40_41xxx.o(.text)
    EXTI15_10_IRQHandler                     0x080001b7   Thumb Code     0  startup_stm32f40_41xxx.o(.text)
    EXTI1_IRQHandler                         0x080001b7   Thumb Code     0  startup_stm32f40_41xxx.o(.text)
    EXTI2_IRQHandler                         0x080001b7   Thumb Code     0  startup_stm32f40_41xxx.o(.text)
    EXTI3_IRQHandler                         0x080001b7   Thumb Code     0  startup_stm32f40_41xxx.o(.text)
    EXTI4_IRQHandler                         0x080001b7   Thumb Code     0  startup_stm32f40_41xxx.o(.text)
    EXTI9_5_IRQHandler                       0x080001b7   Thumb Code     0  startup_stm32f40_41xxx.o(.text)
    FLASH_IRQHandler                         0x080001b7   Thumb Code     0  startup_stm32f40_41xxx.o(.text)
    FPU_IRQHandler                           0x080001b7   Thumb Code     0  startup_stm32f40_41xxx.o(.text)
    FSMC_IRQHandler                          0x080001b7   Thumb Code     0  startup_stm32f40_41xxx.o(.text)
    HASH_RNG_IRQHandler                      0x080001b7   Thumb Code     0  startup_stm32f40_41xxx.o(.text)
    I2C1_ER_IRQHandler                       0x080001b7   Thumb Code     0  startup_stm32f40_41xxx.o(.text)
    I2C1_EV_IRQHandler                       0x080001b7   Thumb Code     0  startup_stm32f40_41xxx.o(.text)
    I2C2_ER_IRQHandler                       0x080001b7   Thumb Code     0  startup_stm32f40_41xxx.o(.text)
    I2C2_EV_IRQHandler                       0x080001b7   Thumb Code     0  startup_stm32f40_41xxx.o(.text)
    I2C3_ER_IRQHandler                       0x080001b7   Thumb Code     0  startup_stm32f40_41xxx.o(.text)
    I2C3_EV_IRQHandler                       0x080001b7   Thumb Code     0  startup_stm32f40_41xxx.o(.text)
    OTG_FS_IRQHandler                        0x080001b7   Thumb Code     0  startup_stm32f40_41xxx.o(.text)
    OTG_FS_WKUP_IRQHandler                   0x080001b7   Thumb Code     0  startup_stm32f40_41xxx.o(.text)
    OTG_HS_EP1_IN_IRQHandler                 0x080001b7   Thumb Code     0  startup_stm32f40_41xxx.o(.text)
    OTG_HS_EP1_OUT_IRQHandler                0x080001b7   Thumb Code     0  startup_stm32f40_41xxx.o(.text)
    OTG_HS_IRQHandler                        0x080001b7   Thumb Code     0  startup_stm32f40_41xxx.o(.text)
    OTG_HS_WKUP_IRQHandler                   0x080001b7   Thumb Code     0  startup_stm32f40_41xxx.o(.text)
    PVD_IRQHandler                           0x080001b7   Thumb Code     0  startup_stm32f40_41xxx.o(.text)
    RCC_IRQHandler                           0x080001b7   Thumb Code     0  startup_stm32f40_41xxx.o(.text)
    RTC_Alarm_IRQHandler                     0x080001b7   Thumb Code     0  startup_stm32f40_41xxx.o(.text)
    RTC_WKUP_IRQHandler                      0x080001b7   Thumb Code     0  startup_stm32f40_41xxx.o(.text)
    SPI1_IRQHandler                          0x080001b7   Thumb Code     0  startup_stm32f40_41xxx.o(.text)
    SPI2_IRQHandler                          0x080001b7   Thumb Code     0  startup_stm32f40_41xxx.o(.text)
    SPI3_IRQHandler                          0x080001b7   Thumb Code     0  startup_stm32f40_41xxx.o(.text)
    TAMP_STAMP_IRQHandler                    0x080001b7   Thumb Code     0  startup_stm32f40_41xxx.o(.text)
    TIM1_BRK_TIM9_IRQHandler                 0x080001b7   Thumb Code     0  startup_stm32f40_41xxx.o(.text)
    TIM1_CC_IRQHandler                       0x080001b7   Thumb Code     0  startup_stm32f40_41xxx.o(.text)
    TIM1_TRG_COM_TIM11_IRQHandler            0x080001b7   Thumb Code     0  startup_stm32f40_41xxx.o(.text)
    TIM1_UP_TIM10_IRQHandler                 0x080001b7   Thumb Code     0  startup_stm32f40_41xxx.o(.text)
    TIM3_IRQHandler                          0x080001b7   Thumb Code     0  startup_stm32f40_41xxx.o(.text)
    TIM4_IRQHandler                          0x080001b7   Thumb Code     0  startup_stm32f40_41xxx.o(.text)
    TIM5_IRQHandler                          0x080001b7   Thumb Code     0  startup_stm32f40_41xxx.o(.text)
    TIM6_DAC_IRQHandler                      0x080001b7   Thumb Code     0  startup_stm32f40_41xxx.o(.text)
    TIM7_IRQHandler                          0x080001b7   Thumb Code     0  startup_stm32f40_41xxx.o(.text)
    TIM8_BRK_TIM12_IRQHandler                0x080001b7   Thumb Code     0  startup_stm32f40_41xxx.o(.text)
    TIM8_CC_IRQHandler                       0x080001b7   Thumb Code     0  startup_stm32f40_41xxx.o(.text)
    TIM8_TRG_COM_TIM14_IRQHandler            0x080001b7   Thumb Code     0  startup_stm32f40_41xxx.o(.text)
    TIM8_UP_TIM13_IRQHandler                 0x080001b7   Thumb Code     0  startup_stm32f40_41xxx.o(.text)
    UART4_IRQHandler                         0x080001b7   Thumb Code     0  startup_stm32f40_41xxx.o(.text)
    UART5_IRQHandler                         0x080001b7   Thumb Code     0  startup_stm32f40_41xxx.o(.text)
    USART3_IRQHandler                        0x080001b7   Thumb Code     0  startup_stm32f40_41xxx.o(.text)
    USART6_IRQHandler                        0x080001b7   Thumb Code     0  startup_stm32f40_41xxx.o(.text)
    WWDG_IRQHandler                          0x080001b7   Thumb Code     0  startup_stm32f40_41xxx.o(.text)
    __aeabi_memcpy                           0x080001c1   Thumb Code    36  memcpya.o(.text)
    __aeabi_memcpy4                          0x080001c1   Thumb Code     0  memcpya.o(.text)
    __aeabi_memcpy8                          0x080001c1   Thumb Code     0  memcpya.o(.text)
    __aeabi_memset                           0x080001e5   Thumb Code    14  memseta.o(.text)
    __aeabi_memset4                          0x080001e5   Thumb Code     0  memseta.o(.text)
    __aeabi_memset8                          0x080001e5   Thumb Code     0  memseta.o(.text)
    __aeabi_memclr                           0x080001f3   Thumb Code     4  memseta.o(.text)
    __aeabi_memclr4                          0x080001f3   Thumb Code     0  memseta.o(.text)
    __aeabi_memclr8                          0x080001f3   Thumb Code     0  memseta.o(.text)
    _memset$wrapper                          0x080001f7   Thumb Code    18  memseta.o(.text)
    strstr                                   0x08000209   Thumb Code    36  strstr.o(.text)
    strlen                                   0x0800022d   Thumb Code    14  strlen.o(.text)
    memcmp                                   0x0800023b   Thumb Code    26  memcmp.o(.text)
    atoi                                     0x08000255   Thumb Code    26  atoi.o(.text)
    strtol                                   0x0800026f   Thumb Code   112  strtol.o(.text)
    __scatterload                            0x080002e1   Thumb Code    28  init.o(.text)
    __scatterload_rt2                        0x080002e1   Thumb Code     0  init.o(.text)
    __rt_ctype_table                         0x08000305   Thumb Code     4  ctype_o.o(.text)
    _strtoul                                 0x0800030d   Thumb Code   158  _strtoul.o(.text)
    _chval                                   0x080003ab   Thumb Code    28  _chval.o(.text)
    AT_CPIN_CMD                              0x080003c9   Thumb Code    60  ec20.o(i.AT_CPIN_CMD)
    AT_CPIN_HOOK                             0x08000421   Thumb Code    28  ec20.o(i.AT_CPIN_HOOK)
    AT_CREG_CMD                              0x08000445   Thumb Code    72  ec20.o(i.AT_CREG_CMD)
    AT_CREG_HOOK                             0x080004a1   Thumb Code    28  ec20.o(i.AT_CREG_HOOK)
    AT_QICLOSE_CMD                           0x080004c5   Thumb Code    28  ec20.o(i.AT_QICLOSE_CMD)
    AT_QICLOSE_HOOK                          0x080004f5   Thumb Code    28  ec20.o(i.AT_QICLOSE_HOOK)
    AT_QIOPEN_CMD                            0x08000519   Thumb Code    28  ec20.o(i.AT_QIOPEN_CMD)
    AT_QIOPEN_HOOK                           0x08000569   Thumb Code    18  ec20.o(i.AT_QIOPEN_HOOK)
    AT_QISTATE_CMD                           0x08000581   Thumb Code    28  ec20.o(i.AT_QISTATE_CMD)
    AT_QISTATE_HOOK                          0x080005ad   Thumb Code    28  ec20.o(i.AT_QISTATE_HOOK)
    AT_START                                 0x080005d1   Thumb Code    28  ec20.o(i.AT_START)
    AT_START_HOOK                            0x080005f5   Thumb Code    32  ec20.o(i.AT_START_HOOK)
    BusFault_Handler                         0x08000635   Thumb Code     4  stm32f4xx_it.o(i.BusFault_Handler)
    DMA2_Stream3_IRQHandler                  0x08000639   Thumb Code     8  bsp_sdio_sd.o(i.DMA2_Stream3_IRQHandler)
    DMA_ClearFlag                            0x08000641   Thumb Code    38  stm32f4xx_dma.o(i.DMA_ClearFlag)
    DebugMon_Handler                         0x08000675   Thumb Code     2  stm32f4xx_it.o(i.DebugMon_Handler)
    GPIO_Init                                0x08000677   Thumb Code   144  stm32f4xx_gpio.o(i.GPIO_Init)
    GPIO_PinAFConfig                         0x08000707   Thumb Code    70  stm32f4xx_gpio.o(i.GPIO_PinAFConfig)
    HardFault_Handler                        0x0800074d   Thumb Code     4  stm32f4xx_it.o(i.HardFault_Handler)
    LED_GPIO_Config                          0x08000751   Thumb Code   108  bsp_led.o(i.LED_GPIO_Config)
    MemManage_Handler                        0x080007c9   Thumb Code     4  stm32f4xx_it.o(i.MemManage_Handler)
    NMI_Handler                              0x080007cd   Thumb Code     2  stm32f4xx_it.o(i.NMI_Handler)
    NVIC_Init                                0x08000811   Thumb Code   106  misc.o(i.NVIC_Init)
    NVIC_PriorityGroupConfig                 0x08000889   Thumb Code    10  misc.o(i.NVIC_PriorityGroupConfig)
    PendSV_Handler                           0x0800089d   Thumb Code     2  stm32f4xx_it.o(i.PendSV_Handler)
    RCC_AHB1PeriphClockCmd                   0x080008a1   Thumb Code    26  stm32f4xx_rcc.o(i.RCC_AHB1PeriphClockCmd)
    RCC_APB1PeriphClockCmd                   0x080008c1   Thumb Code    26  stm32f4xx_rcc.o(i.RCC_APB1PeriphClockCmd)
    RCC_APB2PeriphClockCmd                   0x080008e1   Thumb Code    26  stm32f4xx_rcc.o(i.RCC_APB2PeriphClockCmd)
    RCC_GetClocksFreq                        0x08000901   Thumb Code   214  stm32f4xx_rcc.o(i.RCC_GetClocksFreq)
    SDIO_ClearITPendingBit                   0x080009e9   Thumb Code     6  stm32f4xx_sdio.o(i.SDIO_ClearITPendingBit)
    SDIO_GetITStatus                         0x080009f5   Thumb Code    20  stm32f4xx_sdio.o(i.SDIO_GetITStatus)
    SDIO_IRQHandler                          0x08000a0d   Thumb Code     8  bsp_sdio_sd.o(i.SDIO_IRQHandler)
    SDIO_ITConfig                            0x08000a15   Thumb Code    26  stm32f4xx_sdio.o(i.SDIO_ITConfig)
    SD_ProcessDMAIRQ                         0x08000a35   Thumb Code    32  bsp_sdio_sd.o(i.SD_ProcessDMAIRQ)
    SD_ProcessIRQSrc                         0x08000a5d   Thumb Code   162  bsp_sdio_sd.o(i.SD_ProcessIRQSrc)
    SVC_Handler                              0x08000b09   Thumb Code     2  stm32f4xx_it.o(i.SVC_Handler)
    SysTick_Handler                          0x08000bf9   Thumb Code     8  stm32f4xx_it.o(i.SysTick_Handler)
    SysTick_init                             0x08000c01   Thumb Code    90  sys_tick.o(i.SysTick_init)
    SystemInit                               0x08000c69   Thumb Code    88  system_stm32f4xx.o(i.SystemInit)
    TIM2_IRQHandler                          0x08000cd1   Thumb Code    34  stm32f4xx_it.o(i.TIM2_IRQHandler)
    TIM_ClearFlag                            0x08000cf9   Thumb Code     6  stm32f4xx_tim.o(i.TIM_ClearFlag)
    TIM_ClearITPendingBit                    0x08000cff   Thumb Code     6  stm32f4xx_tim.o(i.TIM_ClearITPendingBit)
    TIM_Cmd                                  0x08000d05   Thumb Code    24  stm32f4xx_tim.o(i.TIM_Cmd)
    TIM_GetITStatus                          0x08000d1d   Thumb Code    34  stm32f4xx_tim.o(i.TIM_GetITStatus)
    TIM_ITConfig                             0x08000d3f   Thumb Code    18  stm32f4xx_tim.o(i.TIM_ITConfig)
    TIM_TimeBaseInit                         0x08000d99   Thumb Code   104  stm32f4xx_tim.o(i.TIM_TimeBaseInit)
    TIMx_Configuration                       0x08000e1d   Thumb Code    12  bsp_general_tim.o(i.TIMx_Configuration)
    USART1_IRQHandler                        0x08000ecd   Thumb Code   100  bsp_usart.o(i.USART1_IRQHandler)
    USART2_IRQHandler                        0x08000f41   Thumb Code    52  bsp_usart.o(i.USART2_IRQHandler)
    USART_Cmd                                0x08000f81   Thumb Code    24  stm32f4xx_usart.o(i.USART_Cmd)
    USART_GetFlagStatus                      0x08000f99   Thumb Code    26  stm32f4xx_usart.o(i.USART_GetFlagStatus)
    USART_GetITStatus                        0x08000fb3   Thumb Code    84  stm32f4xx_usart.o(i.USART_GetITStatus)
    USART_ITConfig                           0x08001007   Thumb Code    74  stm32f4xx_usart.o(i.USART_ITConfig)
    USART_Init                               0x08001051   Thumb Code   204  stm32f4xx_usart.o(i.USART_Init)
    USART_ReceiveData                        0x08001125   Thumb Code    10  stm32f4xx_usart.o(i.USART_ReceiveData)
    USART_SendData                           0x0800112f   Thumb Code     8  stm32f4xx_usart.o(i.USART_SendData)
    Uptime_Ms                                0x08001139   Thumb Code     6  sys_tick.o(i.Uptime_Ms)
    UsageFault_Handler                       0x08001145   Thumb Code     4  stm32f4xx_it.o(i.UsageFault_Handler)
    __0printf$2                              0x08001149   Thumb Code    22  printf2.o(i.__0printf$2)
    __1printf$2                              0x08001149   Thumb Code     0  printf2.o(i.__0printf$2)
    __2printf                                0x08001149   Thumb Code     0  printf2.o(i.__0printf$2)
    __aeabi_errno_addr                       0x08001169   Thumb Code     4  errno.o(i.__aeabi_errno_addr)
    __rt_errno_addr                          0x08001169   Thumb Code     0  errno.o(i.__aeabi_errno_addr)
    __scatterload_copy                       0x08001171   Thumb Code    14  handlers.o(i.__scatterload_copy)
    __scatterload_null                       0x0800117f   Thumb Code     2  handlers.o(i.__scatterload_null)
    __scatterload_zeroinit                   0x08001181   Thumb Code    14  handlers.o(i.__scatterload_zeroinit)
    at_cmd_init                              0x08001265   Thumb Code   120  ec20.o(i.at_cmd_init)
    at_cmd_start                             0x08001325   Thumb Code    80  at_producer.o(i.at_cmd_start)
    at_cmd_table_proc                        0x080013c9   Thumb Code   236  at_producer.o(i.at_cmd_table_proc)
    at_parser_init                           0x080014c9   Thumb Code    12  at_parser.o(i.at_parser_init)
    at_register_urc                          0x080014d9   Thumb Code   100  at_parser.o(i.at_register_urc)
    at_resp_get_line                         0x08001561   Thumb Code    68  at_parser.o(i.at_resp_get_line)
    at_send_cmd                              0x080015d5   Thumb Code    44  at_parser.o(i.at_send_cmd)
    at_send_cmp_reply                        0x08001609   Thumb Code   148  at_parser.o(i.at_send_cmp_reply)
    at_send_get_repy                         0x080016dd   Thumb Code   184  at_parser.o(i.at_send_get_repy)
    check_tcp_state                          0x080017d5   Thumb Code    32  ec20.o(i.check_tcp_state)
    clean_respond                            0x080017fd   Thumb Code    26  at_parser.o(i.clean_respond)
    cmd_register                             0x0800181d   Thumb Code   104  at_producer.o(i.cmd_register)
    ec20_init                                0x080018b1   Thumb Code    36  ec20.o(i.ec20_init)
    ec20_process                             0x08001911   Thumb Code     8  ec20.o(i.ec20_process)
    enter_to_end                             0x08001919   Thumb Code   160  at_parser.o(i.enter_to_end)
    fputc                                    0x080019c1   Thumb Code    32  bsp_usart.o(i.fputc)
    main                                     0x080019e5   Thumb Code    44  main.o(i.main)
    respond_data_process                     0x08001a19   Thumb Code    96  at_parser.o(i.respond_data_process)
    timing_delay_decrement                   0x08001a7d   Thumb Code    34  sys_tick.o(i.timing_delay_decrement)
    uart_idle_clean                          0x08001ac9   Thumb Code    14  bsp_usart.o(i.uart_idle_clean)
    uart_idle_deal                           0x08001ae1   Thumb Code    92  bsp_usart.o(i.uart_idle_deal)
    urc_disconnected_deal                    0x08001b55   Thumb Code    22  ec20.o(i.urc_disconnected_deal)
    urc_start_recieve                        0x08001b75   Thumb Code    92  ec20.o(i.urc_start_recieve)
    usart_init                               0x08001be1   Thumb Code   318  bsp_usart.o(i.usart_init)
    usart_register                           0x08001d2d   Thumb Code    20  bsp_usart.o(i.usart_register)
    usart_sendbyte                           0x08001d49   Thumb Code    30  bsp_usart.o(i.usart_sendbyte)
    usart_write                              0x08001d67   Thumb Code    32  bsp_usart.o(i.usart_write)
    __ctype_table                            0x08001d86   Data         129  ctype_o.o(.constdata)
    Region$$Table$$Base                      0x08001e0c   Number         0  anon$$obj.o(Region$$Table)
    Region$$Table$$Limit                     0x08001e2c   Number         0  anon$$obj.o(Region$$Table)
    AT_handle                                0x20000000   Data           1  ec20.o(.data)
    CPIN_handle                              0x20000001   Data           1  ec20.o(.data)
    CREG_handle                              0x20000002   Data           1  ec20.o(.data)
    QISTATE_handle                           0x20000003   Data           1  ec20.o(.data)
    QIOPEN_handle                            0x20000004   Data           1  ec20.o(.data)
    QICLOSE_handle                           0x20000005   Data           1  ec20.o(.data)
    tcp_conected                             0x20000006   Data           1  ec20.o(.data)
    at_cmd_idx                               0x20000008   Data           1  at_producer.o(.data)
    at_cmd_num                               0x20000009   Data           1  at_producer.o(.data)
    at_cmd_en                                0x2000000a   Data           1  at_producer.o(.data)
    at_err_cnt                               0x2000000b   Data           1  at_producer.o(.data)
    sys_time                                 0x20000014   Data           4  sys_tick.o(.data)
    StopCondition                            0x20000020   Data           4  bsp_sdio_sd.o(.data)
    TransferError                            0x20000024   Data           1  bsp_sdio_sd.o(.data)
    TransferEnd                              0x20000028   Data           4  bsp_sdio_sd.o(.data)
    DMAEndOfTransfer                         0x2000002c   Data           4  bsp_sdio_sd.o(.data)
    usart1_callback                          0x20000030   Data           4  bsp_usart.o(.data)
    usart2_callback                          0x20000034   Data           4  bsp_usart.o(.data)
    rec_flag                                 0x20000040   Data           1  bsp_usart.o(.data)
    SystemCoreClock                          0x20000044   Data           4  system_stm32f4xx.o(.data)
    AHBPrescTable                            0x20000048   Data          16  system_stm32f4xx.o(.data)
    __stdout                                 0x20000068   Data           4  stdout.o(.data)
    fifo                                     0x20000070   Data        1024  ec20.o(.bss)
    respond                                  0x20000470   Data         259  at_parser.o(.bss)
    URC_table                                0x20000574   Data         320  at_parser.o(.bss)
    cmd_table                                0x200006b4   Data         192  at_producer.o(.bss)
    __initial_sp                             0x20000c78   Data           0  startup_stm32f40_41xxx.o(STACK)



==============================================================================

Memory Map of the image

  Image Entry point : 0x08000189

  Load Region LR_IROM1 (Base: 0x08000000, Size: 0x00001e9c, Max: 0x00080000, ABSOLUTE)

    Execution Region ER_IROM1 (Exec base: 0x08000000, Load base: 0x08000000, Size: 0x00001e2c, Max: 0x00080000, ABSOLUTE)

    Exec Addr    Load Addr    Size         Type   Attr      Idx    E Section Name        Object

    0x08000000   0x08000000   0x00000188   Data   RO         1386    RESET               startup_stm32f40_41xxx.o
    0x08000188   0x08000188   0x00000000   Code   RO         6218  * .ARM.Collect$$$$00000000  mc_w.l(entry.o)
    0x08000188   0x08000188   0x00000004   Code   RO         6500    .ARM.Collect$$$$00000001  mc_w.l(entry2.o)
    0x0800018c   0x0800018c   0x00000004   Code   RO         6503    .ARM.Collect$$$$00000004  mc_w.l(entry5.o)
    0x08000190   0x08000190   0x00000000   Code   RO         6505    .ARM.Collect$$$$00000008  mc_w.l(entry7b.o)
    0x08000190   0x08000190   0x00000000   Code   RO         6507    .ARM.Collect$$$$0000000A  mc_w.l(entry8b.o)
    0x08000190   0x08000190   0x00000008   Code   RO         6508    .ARM.Collect$$$$0000000B  mc_w.l(entry9a.o)
    0x08000198   0x08000198   0x00000000   Code   RO         6510    .ARM.Collect$$$$0000000D  mc_w.l(entry10a.o)
    0x08000198   0x08000198   0x00000000   Code   RO         6512    .ARM.Collect$$$$0000000F  mc_w.l(entry11a.o)
    0x08000198   0x08000198   0x00000004   Code   RO         6501    .ARM.Collect$$$$00002712  mc_w.l(entry2.o)
    0x0800019c   0x0800019c   0x00000024   Code   RO         1387    .text               startup_stm32f40_41xxx.o
    0x080001c0   0x080001c0   0x00000024   Code   RO         6223    .text               mc_w.l(memcpya.o)
    0x080001e4   0x080001e4   0x00000024   Code   RO         6225    .text               mc_w.l(memseta.o)
    0x08000208   0x08000208   0x00000024   Code   RO         6227    .text               mc_w.l(strstr.o)
    0x0800022c   0x0800022c   0x0000000e   Code   RO         6229    .text               mc_w.l(strlen.o)
    0x0800023a   0x0800023a   0x0000001a   Code   RO         6231    .text               mc_w.l(memcmp.o)
    0x08000254   0x08000254   0x0000001a   Code   RO         6498    .text               mc_w.l(atoi.o)
    0x0800026e   0x0800026e   0x00000070   Code   RO         6528    .text               mc_w.l(strtol.o)
    0x080002de   0x080002de   0x00000002   PAD
    0x080002e0   0x080002e0   0x00000024   Code   RO         6541    .text               mc_w.l(init.o)
    0x08000304   0x08000304   0x00000008   Code   RO         6545    .text               mc_w.l(ctype_o.o)
    0x0800030c   0x0800030c   0x0000009e   Code   RO         6573    .text               mc_w.l(_strtoul.o)
    0x080003aa   0x080003aa   0x0000001c   Code   RO         6577    .text               mc_w.l(_chval.o)
    0x080003c6   0x080003c6   0x00000002   PAD
    0x080003c8   0x080003c8   0x00000058   Code   RO          257    i.AT_CPIN_CMD       ec20.o
    0x08000420   0x08000420   0x00000024   Code   RO          258    i.AT_CPIN_HOOK      ec20.o
    0x08000444   0x08000444   0x0000005c   Code   RO          259    i.AT_CREG_CMD       ec20.o
    0x080004a0   0x080004a0   0x00000024   Code   RO          260    i.AT_CREG_HOOK      ec20.o
    0x080004c4   0x080004c4   0x00000030   Code   RO          261    i.AT_QICLOSE_CMD    ec20.o
    0x080004f4   0x080004f4   0x00000024   Code   RO          262    i.AT_QICLOSE_HOOK   ec20.o
    0x08000518   0x08000518   0x00000050   Code   RO          263    i.AT_QIOPEN_CMD     ec20.o
    0x08000568   0x08000568   0x00000018   Code   RO          264    i.AT_QIOPEN_HOOK    ec20.o
    0x08000580   0x08000580   0x0000002c   Code   RO          266    i.AT_QISTATE_CMD    ec20.o
    0x080005ac   0x080005ac   0x00000024   Code   RO          267    i.AT_QISTATE_HOOK   ec20.o
    0x080005d0   0x080005d0   0x00000024   Code   RO          268    i.AT_START          ec20.o
    0x080005f4   0x080005f4   0x00000040   Code   RO          269    i.AT_START_HOOK     ec20.o
    0x08000634   0x08000634   0x00000004   Code   RO          176    i.BusFault_Handler  stm32f4xx_it.o
    0x08000638   0x08000638   0x00000008   Code   RO         1043    i.DMA2_Stream3_IRQHandler  bsp_sdio_sd.o
    0x08000640   0x08000640   0x00000034   Code   RO         2487    i.DMA_ClearFlag     stm32f4xx_dma.o
    0x08000674   0x08000674   0x00000002   Code   RO          177    i.DebugMon_Handler  stm32f4xx_it.o
    0x08000676   0x08000676   0x00000090   Code   RO         3112    i.GPIO_Init         stm32f4xx_gpio.o
    0x08000706   0x08000706   0x00000046   Code   RO         3113    i.GPIO_PinAFConfig  stm32f4xx_gpio.o
    0x0800074c   0x0800074c   0x00000004   Code   RO          178    i.HardFault_Handler  stm32f4xx_it.o
    0x08000750   0x08000750   0x00000078   Code   RO          930    i.LED_GPIO_Config   bsp_led.o
    0x080007c8   0x080007c8   0x00000004   Code   RO          179    i.MemManage_Handler  stm32f4xx_it.o
    0x080007cc   0x080007cc   0x00000002   Code   RO          180    i.NMI_Handler       stm32f4xx_it.o
    0x080007ce   0x080007ce   0x00000042   Code   RO         1302    i.NVIC_Configuration  bsp_usart.o
    0x08000810   0x08000810   0x00000078   Code   RO         1435    i.NVIC_Init         misc.o
    0x08000888   0x08000888   0x00000014   Code   RO         1436    i.NVIC_PriorityGroupConfig  misc.o
    0x0800089c   0x0800089c   0x00000002   Code   RO          181    i.PendSV_Handler    stm32f4xx_it.o
    0x0800089e   0x0800089e   0x00000002   PAD
    0x080008a0   0x080008a0   0x00000020   Code   RO         4017    i.RCC_AHB1PeriphClockCmd  stm32f4xx_rcc.o
    0x080008c0   0x080008c0   0x00000020   Code   RO         4026    i.RCC_APB1PeriphClockCmd  stm32f4xx_rcc.o
    0x080008e0   0x080008e0   0x00000020   Code   RO         4029    i.RCC_APB2PeriphClockCmd  stm32f4xx_rcc.o
    0x08000900   0x08000900   0x000000e8   Code   RO         4038    i.RCC_GetClocksFreq  stm32f4xx_rcc.o
    0x080009e8   0x080009e8   0x0000000c   Code   RO         4952    i.SDIO_ClearITPendingBit  stm32f4xx_sdio.o
    0x080009f4   0x080009f4   0x00000018   Code   RO         4964    i.SDIO_GetITStatus  stm32f4xx_sdio.o
    0x08000a0c   0x08000a0c   0x00000008   Code   RO         1047    i.SDIO_IRQHandler   bsp_sdio_sd.o
    0x08000a14   0x08000a14   0x00000020   Code   RO         4967    i.SDIO_ITConfig     stm32f4xx_sdio.o
    0x08000a34   0x08000a34   0x00000028   Code   RO         1066    i.SD_ProcessDMAIRQ  bsp_sdio_sd.o
    0x08000a5c   0x08000a5c   0x000000ac   Code   RO         1067    i.SD_ProcessIRQSrc  bsp_sdio_sd.o
    0x08000b08   0x08000b08   0x00000002   Code   RO          182    i.SVC_Handler       stm32f4xx_it.o
    0x08000b0a   0x08000b0a   0x00000002   PAD
    0x08000b0c   0x08000b0c   0x000000ec   Code   RO         1394    i.SetSysClock       system_stm32f4xx.o
    0x08000bf8   0x08000bf8   0x00000008   Code   RO          183    i.SysTick_Handler   stm32f4xx_it.o
    0x08000c00   0x08000c00   0x00000068   Code   RO          988    i.SysTick_init      sys_tick.o
    0x08000c68   0x08000c68   0x00000068   Code   RO         1396    i.SystemInit        system_stm32f4xx.o
    0x08000cd0   0x08000cd0   0x00000028   Code   RO          184    i.TIM2_IRQHandler   stm32f4xx_it.o
    0x08000cf8   0x08000cf8   0x00000006   Code   RO         5407    i.TIM_ClearFlag     stm32f4xx_tim.o
    0x08000cfe   0x08000cfe   0x00000006   Code   RO         5408    i.TIM_ClearITPendingBit  stm32f4xx_tim.o
    0x08000d04   0x08000d04   0x00000018   Code   RO         5413    i.TIM_Cmd           stm32f4xx_tim.o
    0x08000d1c   0x08000d1c   0x00000022   Code   RO         5434    i.TIM_GetITStatus   stm32f4xx_tim.o
    0x08000d3e   0x08000d3e   0x00000012   Code   RO         5438    i.TIM_ITConfig      stm32f4xx_tim.o
    0x08000d50   0x08000d50   0x00000048   Code   RO          954    i.TIM_Mode_Config   bsp_general_tim.o
    0x08000d98   0x08000d98   0x00000084   Code   RO         5485    i.TIM_TimeBaseInit  stm32f4xx_tim.o
    0x08000e1c   0x08000e1c   0x0000000c   Code   RO          955    i.TIMx_Configuration  bsp_general_tim.o
    0x08000e28   0x08000e28   0x0000002a   Code   RO          956    i.TIMx_NVIC_Configuration  bsp_general_tim.o
    0x08000e52   0x08000e52   0x00000002   PAD
    0x08000e54   0x08000e54   0x00000078   Code   RO          415    i.URC_data_process  at_parser.o
    0x08000ecc   0x08000ecc   0x00000074   Code   RO         1303    i.USART1_IRQHandler  bsp_usart.o
    0x08000f40   0x08000f40   0x00000040   Code   RO         1304    i.USART2_IRQHandler  bsp_usart.o
    0x08000f80   0x08000f80   0x00000018   Code   RO         5967    i.USART_Cmd         stm32f4xx_usart.o
    0x08000f98   0x08000f98   0x0000001a   Code   RO         5970    i.USART_GetFlagStatus  stm32f4xx_usart.o
    0x08000fb2   0x08000fb2   0x00000054   Code   RO         5971    i.USART_GetITStatus  stm32f4xx_usart.o
    0x08001006   0x08001006   0x0000004a   Code   RO         5973    i.USART_ITConfig    stm32f4xx_usart.o
    0x08001050   0x08001050   0x000000d4   Code   RO         5974    i.USART_Init        stm32f4xx_usart.o
    0x08001124   0x08001124   0x0000000a   Code   RO         5981    i.USART_ReceiveData  stm32f4xx_usart.o
    0x0800112e   0x0800112e   0x00000008   Code   RO         5984    i.USART_SendData    stm32f4xx_usart.o
    0x08001136   0x08001136   0x00000002   PAD
    0x08001138   0x08001138   0x0000000c   Code   RO          989    i.Uptime_Ms         sys_tick.o
    0x08001144   0x08001144   0x00000004   Code   RO          185    i.UsageFault_Handler  stm32f4xx_it.o
    0x08001148   0x08001148   0x00000020   Code   RO         6304    i.__0printf$2       mc_w.l(printf2.o)
    0x08001168   0x08001168   0x00000008   Code   RO         6521    i.__aeabi_errno_addr  mc_w.l(errno.o)
    0x08001170   0x08001170   0x0000000e   Code   RO         6581    i.__scatterload_copy  mc_w.l(handlers.o)
    0x0800117e   0x0800117e   0x00000002   Code   RO         6582    i.__scatterload_null  mc_w.l(handlers.o)
    0x08001180   0x08001180   0x0000000e   Code   RO         6583    i.__scatterload_zeroinit  mc_w.l(handlers.o)
    0x0800118e   0x0800118e   0x000000d6   Code   RO         6311    i._printf_core      mc_w.l(printf2.o)
    0x08001264   0x08001264   0x000000c0   Code   RO          270    i.at_cmd_init       ec20.o
    0x08001324   0x08001324   0x000000a4   Code   RO          506    i.at_cmd_start      at_producer.o
    0x080013c8   0x080013c8   0x00000100   Code   RO          507    i.at_cmd_table_proc  at_producer.o
    0x080014c8   0x080014c8   0x00000010   Code   RO          416    i.at_parser_init    at_parser.o
    0x080014d8   0x080014d8   0x00000088   Code   RO          417    i.at_register_urc   at_parser.o
    0x08001560   0x08001560   0x00000074   Code   RO          418    i.at_resp_get_line  at_parser.o
    0x080015d4   0x080015d4   0x00000034   Code   RO          419    i.at_send_cmd       at_parser.o
    0x08001608   0x08001608   0x000000d4   Code   RO          420    i.at_send_cmp_reply  at_parser.o
    0x080016dc   0x080016dc   0x000000f8   Code   RO          421    i.at_send_get_repy  at_parser.o
    0x080017d4   0x080017d4   0x00000028   Code   RO          271    i.check_tcp_state   ec20.o
    0x080017fc   0x080017fc   0x00000020   Code   RO          423    i.clean_respond     at_parser.o
    0x0800181c   0x0800181c   0x00000094   Code   RO          508    i.cmd_register      at_producer.o
    0x080018b0   0x080018b0   0x00000060   Code   RO          272    i.ec20_init         ec20.o
    0x08001910   0x08001910   0x00000008   Code   RO          273    i.ec20_process      ec20.o
    0x08001918   0x08001918   0x000000a8   Code   RO          424    i.enter_to_end      at_parser.o
    0x080019c0   0x080019c0   0x00000024   Code   RO         1305    i.fputc             bsp_usart.o
    0x080019e4   0x080019e4   0x00000034   Code   RO            4    i.main              main.o
    0x08001a18   0x08001a18   0x00000064   Code   RO          425    i.respond_data_process  at_parser.o
    0x08001a7c   0x08001a7c   0x0000002c   Code   RO          991    i.timing_delay_decrement  sys_tick.o
    0x08001aa8   0x08001aa8   0x0000001e   Code   RO          426    i.uart_callback     at_parser.o
    0x08001ac6   0x08001ac6   0x00000002   PAD
    0x08001ac8   0x08001ac8   0x00000018   Code   RO         1306    i.uart_idle_clean   bsp_usart.o
    0x08001ae0   0x08001ae0   0x00000074   Code   RO         1307    i.uart_idle_deal    bsp_usart.o
    0x08001b54   0x08001b54   0x00000020   Code   RO          275    i.urc_disconnected_deal  ec20.o
    0x08001b74   0x08001b74   0x0000006c   Code   RO          276    i.urc_start_recieve  ec20.o
    0x08001be0   0x08001be0   0x0000014c   Code   RO         1308    i.usart_init        bsp_usart.o
    0x08001d2c   0x08001d2c   0x0000001c   Code   RO         1309    i.usart_register    bsp_usart.o
    0x08001d48   0x08001d48   0x0000001e   Code   RO         1310    i.usart_sendbyte    bsp_usart.o
    0x08001d66   0x08001d66   0x00000020   Code   RO         1311    i.usart_write       bsp_usart.o
    0x08001d86   0x08001d86   0x00000081   Data   RO         6546    .constdata          mc_w.l(ctype_o.o)
    0x08001e07   0x08001e07   0x00000001   PAD
    0x08001e08   0x08001e08   0x00000004   Data   RO         6547    .constdata          mc_w.l(ctype_o.o)
    0x08001e0c   0x08001e0c   0x00000020   Data   RO         6579    Region$$Table       anon$$obj.o


    Execution Region RW_IRAM1 (Exec base: 0x20000000, Load base: 0x08001e2c, Size: 0x00000c78, Max: 0x00020000, ABSOLUTE)

    Exec Addr    Load Addr    Size         Type   Attr      Idx    E Section Name        Object

    0x20000000   0x08001e2c   0x00000008   Data   RW          278    .data               ec20.o
    0x20000008   0x08001e34   0x00000008   Data   RW          510    .data               at_producer.o
    0x20000010   0x08001e3c   0x00000008   Data   RW          992    .data               sys_tick.o
    0x20000018   0x08001e44   0x00000018   Data   RW         1080    .data               bsp_sdio_sd.o
    0x20000030   0x08001e5c   0x00000012   Data   RW         1313    .data               bsp_usart.o
    0x20000042   0x08001e6e   0x00000002   PAD
    0x20000044   0x08001e70   0x00000014   Data   RW         1397    .data               system_stm32f4xx.o
    0x20000058   0x08001e84   0x00000010   Data   RW         4070    .data               stm32f4xx_rcc.o
    0x20000068   0x08001e94   0x00000004   Data   RW         6514    .data               mc_w.l(stdout.o)
    0x2000006c   0x08001e98   0x00000004   Data   RW         6524    .data               mc_w.l(errno.o)
    0x20000070        -       0x00000400   Zero   RW          277    .bss                ec20.o
    0x20000470        -       0x00000244   Zero   RW          427    .bss                at_parser.o
    0x200006b4        -       0x000000c0   Zero   RW          509    .bss                at_producer.o
    0x20000774        -       0x00000100   Zero   RW         1312    .bss                bsp_usart.o
    0x20000874   0x08001e9c   0x00000004   PAD
    0x20000878        -       0x00000400   Zero   RW         1384    STACK               startup_stm32f40_41xxx.o


==============================================================================

Image component sizes


      Code (inc. data)   RO Data    RW Data    ZI Data      Debug   Object Name

      1230        248          0          0        580       9269   at_parser.o
       568        148          0          8        192       3045   at_producer.o
       126          0          0          0          0       1601   bsp_general_tim.o
       120         12          0          0          0        602   bsp_led.o
       228         18          0         24          0       6040   bsp_sdio_sd.o
       844         88          0         18        256       8083   bsp_usart.o
         0          0          0          0          0       5812   diskio.o
      1096        380          0          8       1024      12485   ec20.o
        52          8          0          0          0     313727   main.o
       140         24          0          0          0       1887   misc.o
        36          8        392          0       1024        944   startup_stm32f40_41xxx.o
        52         14          0          0          0       2088   stm32f4xx_dma.o
       214          0          0          0          0       2119   stm32f4xx_gpio.o
        72          6          0          0          0       4788   stm32f4xx_it.o
       328         36          0         16          0       5127   stm32f4xx_rcc.o
        68         16          0          0          0       1896   stm32f4xx_sdio.o
       220         28          0          0          0       4838   stm32f4xx_tim.o
       438          8          0          0          0       6157   stm32f4xx_usart.o
       160         30          0          8          0      28818   sys_tick.o
       340         32          0         20          0       2325   system_stm32f4xx.o

    ----------------------------------------------------------------------
      6342       1104        424        104       3080     421651   Object Totals
         0          0         32          0          0          0   (incl. Generated)
        10          0          0          2          4          0   (incl. Padding)

    ----------------------------------------------------------------------

      Code (inc. data)   RO Data    RW Data    ZI Data      Debug   Library Member Name

        28          0          0          0          0         68   _chval.o
       158          0          0          0          0         92   _strtoul.o
        26          0          0          0          0         80   atoi.o
         8          4        133          0          0         68   ctype_o.o
         0          0          0          0          0          0   entry.o
         0          0          0          0          0          0   entry10a.o
         0          0          0          0          0          0   entry11a.o
         8          4          0          0          0          0   entry2.o
         4          0          0          0          0          0   entry5.o
         0          0          0          0          0          0   entry7b.o
         0          0          0          0          0          0   entry8b.o
         8          4          0          0          0          0   entry9a.o
         8          4          0          4          0         68   errno.o
        30          0          0          0          0          0   handlers.o
        36          8          0          0          0         68   init.o
        26          0          0          0          0         80   memcmp.o
        36          0          0          0          0         68   memcpya.o
        36          0          0          0          0        108   memseta.o
       246         10          0          0          0        176   printf2.o
         0          0          0          4          0          0   stdout.o
        14          0          0          0          0         68   strlen.o
        36          0          0          0          0         80   strstr.o
       112          0          0          0          0         88   strtol.o

    ----------------------------------------------------------------------
       824         34        134          8          0       1112   Library Totals
         4          0          1          0          0          0   (incl. Padding)

    ----------------------------------------------------------------------

      Code (inc. data)   RO Data    RW Data    ZI Data      Debug   Library Name

       820         34        133          8          0       1112   mc_w.l

    ----------------------------------------------------------------------
       824         34        134          8          0       1112   Library Totals

    ----------------------------------------------------------------------

==============================================================================


      Code (inc. data)   RO Data    RW Data    ZI Data      Debug   

      7166       1138        558        112       3080     413999   Grand Totals
      7166       1138        558        112       3080     413999   ELF Image Totals
      7166       1138        558        112          0          0   ROM Totals

==============================================================================

    Total RO  Size (Code + RO Data)                 7724 (   7.54kB)
    Total RW  Size (RW Data + ZI Data)              3192 (   3.12kB)
    Total ROM Size (Code + RO Data + RW Data)       7836 (   7.65kB)

==============================================================================

